e: file:///D:/a13/orangechat/app/src/main/java/me/rerere/rikkahub/RikkaHubApp.kt:289:32 Unresolved reference 'R'.
e: file:///D:/a13/orangechat/app/src/main/java/me/rerere/rikkahub/RikkaHubApp.kt:299:32 Unresolved reference 'R'.
e: file:///D:/a13/orangechat/app/src/main/java/me/rerere/rikkahub/RikkaHubApp.kt:306:32 Unresolved reference 'R'.
e: file:///D:/a13/orangechat/app/src/main/java/me/rerere/rikkahub/RouteActivity.kt:427:68 Unresolved reference 'R'.
e: file:///D:/a13/orangechat/app/src/main/java/me/rerere/rikkahub/RouteActivity.kt:881:59 Unresolved reference 'R'.
e: file:///D:/a13/orangechat/app/src/main/java/me/rerere/rikkahub/data/ai/transformers/PlaceholderTransformer.kt:18:27 Unresolved reference 'R'.
e: file:///D:/a13/orangechat/app/src/main/java/me/rerere/rikkahub/data/ai/transformers/PlaceholderTransformer.kt:69:55 Unresolved reference 'R'.
e: file:///D:/a13/orangechat/app/src/main/java/me/rerere/rikkahub/data/ai/transformers/PlaceholderTransformer.kt:73:55 Unresolved reference 'R'.
e: file:///D:/a13/orangechat/app/src/main/java/me/rerere/rikkahub/data/ai/transformers/PlaceholderTransformer.kt:77:59 Unresolved reference 'R'.
e: file:///D:/a13/orangechat/app/src/main/java/me/rerere/rikkahub/data/ai/transformers/PlaceholderTransformer.kt:81:55 Unresolved reference 'R'.
e: file:///D:/a13/orangechat/app/src/main/java/me/rerere/rikkahub/data/ai/transformers/PlaceholderTransformer.kt:85:57 Unresolved reference 'R'.
e: file:///D:/a13/orangechat/app/src/main/java/me/rerere/rikkahub/data/ai/transformers/PlaceholderTransformer.kt:89:53 Unresolved reference 'R'.
e: file:///D:/a13/orangechat/app/src/main/java/me/rerere/rikkahub/data/ai/transformers/PlaceholderTransformer.kt:93:55 Unresolved reference 'R'.
e: file:///D:/a13/orangechat/app/src/main/java/me/rerere/rikkahub/data/ai/transformers/PlaceholderTransformer.kt:97:61 Unresolved reference 'R'.
e: file:///D:/a13/orangechat/app/src/main/java/me/rerere/rikkahub/data/ai/transformers/PlaceholderTransformer.kt:101:58 Unresolved reference 'R'.
e: file:///D:/a13/orangechat/app/src/main/java/me/rerere/rikkahub/data/ai/transformers/PlaceholderTransformer.kt:105:60 Unresolved reference 'R'.
e: file:///D:/a13/orangechat/app/src/main/java/me/rerere/rikkahub/data/ai/transformers/PlaceholderTransformer.kt:109:55 Unresolved reference 'R'.
e: file:///D:/a13/orangechat/app/src/main/java/me/rerere/rikkahub/data/ai/transformers/PlaceholderTransformer.kt:113:51 Unresolved reference 'R'.
e: file:///D:/a13/orangechat/app/src/main/java/me/rerere/rikkahub/data/ai/transformers/PlaceholderTransformer.kt:117:51 Unresolved reference 'R'.
e: file:///D:/a13/orangechat/app/src/main/java/me/rerere/rikkahub/data/datastore/DefaultProviders.kt:22:27 Unresolved reference 'R'.
e: file:///D:/a13/orangechat/app/src/main/java/me/rerere/rikkahub/data/datastore/DefaultProviders.kt:37:33 Unresolved reference 'R'.
e: file:///D:/a13/orangechat/app/src/main/java/me/rerere/rikkahub/data/datastore/DefaultProviders.kt:107:38 Unresolved reference 'R'.
e: file:///D:/a13/orangechat/app/src/main/java/me/rerere/rikkahub/data/datastore/DefaultProviders.kt:108:38 Unresolved reference 'R'.
e: file:///D:/a13/orangechat/app/src/main/java/me/rerere/rikkahub/data/provider/WorkspaceDocumentsProvider.kt:18:27 Unresolved reference 'R'.
e: file:///D:/a13/orangechat/app/src/main/java/me/rerere/rikkahub/data/provider/WorkspaceDocumentsProvider.kt:47:58 Unresolved reference 'R'.
e: file:///D:/a13/orangechat/app/src/main/java/me/rerere/rikkahub/data/provider/WorkspaceDocumentsProvider.kt:50:39 Unresolved reference 'R'.
e: file:///D:/a13/orangechat/app/src/main/java/me/rerere/rikkahub/data/service/DailySummaryService.kt:24:27 Unresolved reference 'R'.
e: file:///D:/a13/orangechat/app/src/main/java/me/rerere/rikkahub/data/service/DailySummaryService.kt:252:27 Unresolved reference 'R'.
e: file:///D:/a13/orangechat/app/src/main/java/me/rerere/rikkahub/data/service/DailySummaryService.kt:253:14 Unresolved reference 'setPriority'.
e: file:///D:/a13/orangechat/app/src/main/java/me/rerere/rikkahub/data/service/DeviceEventAiTriggerService.kt:38:27 Unresolved reference 'R'.
e: file:///D:/a13/orangechat/app/src/main/java/me/rerere/rikkahub/data/service/DeviceEventAiTriggerService.kt:398:27 Unresolved reference 'R'.
e: file:///D:/a13/orangechat/app/src/main/java/me/rerere/rikkahub/data/service/DeviceEventAiTriggerService.kt:399:14 Unresolved reference 'setContentTitle'.
e: file:///D:/a13/orangechat/app/src/main/java/me/rerere/rikkahub/data/service/DeviceEventTrackingService.kt:30:27 Unresolved reference 'R'.
e: file:///D:/a13/orangechat/app/src/main/java/me/rerere/rikkahub/data/service/DeviceEventTrackingService.kt:218:27 Unresolved reference 'R'.
e: file:///D:/a13/orangechat/app/src/main/java/me/rerere/rikkahub/data/service/DeviceEventTrackingService.kt:219:14 Unresolved reference 'setContentTitle'.
e: file:///D:/a13/orangechat/app/src/main/java/me/rerere/rikkahub/data/service/DiarySummaryService.kt:30:27 Unresolved reference 'R'.
e: file:///D:/a13/orangechat/app/src/main/java/me/rerere/rikkahub/data/service/DiarySummaryService.kt:459:27 Unresolved reference 'R'.
e: file:///D:/a13/orangechat/app/src/main/java/me/rerere/rikkahub/data/service/DiarySummaryService.kt:460:14 Unresolved reference 'setPriority'.
e: file:///D:/a13/orangechat/app/src/main/java/me/rerere/rikkahub/data/service/FloatingBubbleService.kt:43:27 Unresolved reference 'R'.
e: file:///D:/a13/orangechat/app/src/main/java/me/rerere/rikkahub/data/service/FloatingBubbleService.kt:180:27 Unresolved reference 'R'.
e: file:///D:/a13/orangechat/app/src/main/java/me/rerere/rikkahub/data/service/FloatingBubbleService.kt:181:14 Unresolved reference 'setPriority'.
e: file:///D:/a13/orangechat/app/src/main/java/me/rerere/rikkahub/data/service/ProactiveMessageService.kt:457:46 Unresolved reference 'R'.
e: file:///D:/a13/orangechat/app/src/main/java/me/rerere/rikkahub/data/service/ProactiveMessageService.kt:458:14 Unresolved reference 'setPriority'.
e: file:///D:/a13/orangechat/app/src/main/java/me/rerere/rikkahub/data/service/SupabaseSyncService.kt:181:50 Unresolved reference 'R'.
e: file:///D:/a13/orangechat/app/src/main/java/me/rerere/rikkahub/data/service/SupabaseSyncService.kt:182:18 Unresolved reference 'setPriority'.
e: file:///D:/a13/orangechat/app/src/main/java/me/rerere/rikkahub/di/DataSourceModule.kt:22:27 Unresolved reference 'BuildConfig'.
e: file:///D:/a13/orangechat/app/src/main/java/me/rerere/rikkahub/di/DataSourceModule.kt:226:89 Unresolved reference 'BuildConfig'.
e: file:///D:/a13/orangechat/app/src/main/java/me/rerere/rikkahub/plugin/ui/PluginManagePage.kt:74:27 Unresolved reference 'R'.
e: file:///D:/a13/orangechat/app/src/main/java/me/rerere/rikkahub/plugin/ui/PluginManagePage.kt:361:47 Unresolved reference 'R'.
e: file:///D:/a13/orangechat/app/src/main/java/me/rerere/rikkahub/plugin/ui/PluginManagePage.kt:366:47 Unresolved reference 'R'.
e: file:///D:/a13/orangechat/app/src/main/java/me/rerere/rikkahub/plugin/ui/PluginManagePage.kt:371:47 Unresolved reference 'R'.
e: file:///D:/a13/orangechat/app/src/main/java/me/rerere/rikkahub/plugin/webview/MusicPlayerService.kt:20:17 Unresolved reference 'localbroadcastmanager'.
e: file:///D:/a13/orangechat/app/src/main/java/me/rerere/rikkahub/plugin/webview/MusicPlayerService.kt:28:27 Unresolved reference 'R'.
e: file:///D:/a13/orangechat/app/src/main/java/me/rerere/rikkahub/plugin/webview/MusicPlayerService.kt:210:33 Unresolved reference 'LocalBroadcastManager'.
e: file:///D:/a13/orangechat/app/src/main/java/me/rerere/rikkahub/plugin/webview/MusicPlayerService.kt:349:27 Unresolved reference 'R'.
e: file:///D:/a13/orangechat/app/src/main/java/me/rerere/rikkahub/plugin/webview/MusicPlayerService.kt:350:14 Unresolved reference 'setContentIntent'.
e: file:///D:/a13/orangechat/app/src/main/java/me/rerere/rikkahub/plugin/webview/PluginWebViewPage.kt:55:17 Unresolved reference 'localbroadcastmanager'.
e: file:///D:/a13/orangechat/app/src/main/java/me/rerere/rikkahub/plugin/webview/PluginWebViewPage.kt:174:9 Unresolved reference 'LocalBroadcastManager'.
e: file:///D:/a13/orangechat/app/src/main/java/me/rerere/rikkahub/plugin/webview/PluginWebViewPage.kt:178:9 Unresolved reference 'LocalBroadcastManager'.
e: file:///D:/a13/orangechat/app/src/main/java/me/rerere/rikkahub/plugin/webview/PluginWebViewPage.kt:183:13 Unresolved reference 'LocalBroadcastManager'.
e: file:///D:/a13/orangechat/app/src/main/java/me/rerere/rikkahub/plugin/webview/PluginWebViewPage.kt:184:13 Unresolved reference 'LocalBroadcastManager'.
e: file:///D:/a13/orangechat/app/src/main/java/me/rerere/rikkahub/plugin/webview/PomodoroTimerService.kt:21:17 Unresolved reference 'localbroadcastmanager'.
e: file:///D:/a13/orangechat/app/src/main/java/me/rerere/rikkahub/plugin/webview/PomodoroTimerService.kt:23:27 Unresolved reference 'R'.
e: file:///D:/a13/orangechat/app/src/main/java/me/rerere/rikkahub/plugin/webview/PomodoroTimerService.kt:85:9 Unresolved reference 'LocalBroadcastManager'.
e: file:///D:/a13/orangechat/app/src/main/java/me/rerere/rikkahub/plugin/webview/PomodoroTimerService.kt:98:13 Unresolved reference 'LocalBroadcastManager'.
e: file:///D:/a13/orangechat/app/src/main/java/me/rerere/rikkahub/plugin/webview/PomodoroTimerService.kt:222:9 Unresolved reference 'LocalBroadcastManager'.
e: file:///D:/a13/orangechat/app/src/main/java/me/rerere/rikkahub/plugin/webview/PomodoroTimerService.kt:285:27 Unresolved reference 'R'.
e: file:///D:/a13/orangechat/app/src/main/java/me/rerere/rikkahub/plugin/webview/PomodoroTimerService.kt:286:14 Unresolved reference 'setContentTitle'.
e: file:///D:/a13/orangechat/app/src/main/java/me/rerere/rikkahub/service/ChatService.kt:67:27 Unresolved reference 'R'.
e: file:///D:/a13/orangechat/app/src/main/java/me/rerere/rikkahub/service/ChatService.kt:507:71 Unresolved reference 'R'.
e: file:///D:/a13/orangechat/app/src/main/java/me/rerere/rikkahub/service/ChatService.kt:669:68 Unresolved reference 'R'.
e: file:///D:/a13/orangechat/app/src/main/java/me/rerere/rikkahub/service/ChatService.kt:739:71 Unresolved reference 'R'.
e: file:///D:/a13/orangechat/app/src/main/java/me/rerere/rikkahub/service/ChatService.kt:805:71 Unresolved reference 'R'.
e: file:///D:/a13/orangechat/app/src/main/java/me/rerere/rikkahub/service/ChatService.kt:825:56 Unresolved reference 'R'.
e: file:///D:/a13/orangechat/app/src/main/java/me/rerere/rikkahub/service/ChatService.kt:842:65 Unresolved reference 'R'.
e: file:///D:/a13/orangechat/app/src/main/java/me/rerere/rikkahub/service/ChatService.kt:844:51 Unresolved reference 'R'.
e: file:///D:/a13/orangechat/app/src/main/java/me/rerere/rikkahub/service/ChatService.kt:961:68 Unresolved reference 'R'.
e: file:///D:/a13/orangechat/app/src/main/java/me/rerere/rikkahub/service/ChatService.kt:1219:43 Unresolved reference 'R'.
e: file:///D:/a13/orangechat/app/src/main/java/me/rerere/rikkahub/service/ChatService.kt:1307:59 Unresolved reference 'R'.
e: file:///D:/a13/orangechat/app/src/main/java/me/rerere/rikkahub/service/ChatService.kt:1428:39 Unresolved reference 'R'.
e: file:///D:/a13/orangechat/app/src/main/java/me/rerere/rikkahub/service/ChatService.kt:1429:39 Unresolved reference 'R'.
e: file:///D:/a13/orangechat/app/src/main/java/me/rerere/rikkahub/service/ChatService.kt:1436:39 Unresolved reference 'R'.
e: file:///D:/a13/orangechat/app/src/main/java/me/rerere/rikkahub/service/ChatService.kt:1437:39 Unresolved reference 'R'.
e: file:///D:/a13/orangechat/app/src/main/java/me/rerere/rikkahub/service/ChatService.kt:1444:39 Unresolved reference 'R'.
e: file:///D:/a13/orangechat/app/src/main/java/me/rerere/rikkahub/service/ChatService.kt:1445:39 Unresolved reference 'R'.
e: file:///D:/a13/orangechat/app/src/main/java/me/rerere/rikkahub/service/ChatService.kt:1452:39 Unresolved reference 'R'.
e: file:///D:/a13/orangechat/app/src/main/java/me/rerere/rikkahub/service/ChatService.kt:1453:39 Unresolved reference 'R'.
e: file:///D:/a13/orangechat/app/src/main/java/me/rerere/rikkahub/service/ChatService.kt:1574:53 Unresolved reference 'R'.
e: file:///D:/a13/orangechat/app/src/main/java/me/rerere/rikkahub/service/ChatService.kt:1591:71 Unresolved reference 'R'.
e: file:///D:/a13/orangechat/app/src/main/java/me/rerere/rikkahub/service/KeepAliveService.kt:19:27 Unresolved reference 'R'.
e: file:///D:/a13/orangechat/app/src/main/java/me/rerere/rikkahub/service/KeepAliveService.kt:110:40 Unresolved reference 'R'.
e: file:///D:/a13/orangechat/app/src/main/java/me/rerere/rikkahub/service/KeepAliveService.kt:111:39 Unresolved reference 'R'.
e: file:///D:/a13/orangechat/app/src/main/java/me/rerere/rikkahub/service/KeepAliveService.kt:112:27 Unresolved reference 'R'.
e: file:///D:/a13/orangechat/app/src/main/java/me/rerere/rikkahub/service/KeepAliveService.kt:113:14 Unresolved reference 'setPriority'.
e: file:///D:/a13/orangechat/app/src/main/java/me/rerere/rikkahub/service/KeepAliveService.kt:178:27 Unresolved reference 'R'.
e: file:///D:/a13/orangechat/app/src/main/java/me/rerere/rikkahub/service/KeepAliveService.kt:181:41 Unresolved reference 'R'.
e: file:///D:/a13/orangechat/app/src/main/java/me/rerere/rikkahub/service/QqBotService.kt:402:46 Unresolved reference 'R'.
e: file:///D:/a13/orangechat/app/src/main/java/me/rerere/rikkahub/service/QqBotService.kt:403:14 Unresolved reference 'setPriority'.
e: file:///D:/a13/orangechat/app/src/main/java/me/rerere/rikkahub/service/QqBotService.kt:422:50 Unresolved reference 'R'.
e: file:///D:/a13/orangechat/app/src/main/java/me/rerere/rikkahub/service/QqBotService.kt:423:18 Unresolved reference 'setPriority'.
e: file:///D:/a13/orangechat/app/src/main/java/me/rerere/rikkahub/service/VoiceCallService.kt:35:27 Unresolved reference 'R'.
e: file:///D:/a13/orangechat/app/src/main/java/me/rerere/rikkahub/service/VoiceCallService.kt:771:27 Unresolved reference 'R'.
e: file:///D:/a13/orangechat/app/src/main/java/me/rerere/rikkahub/service/VoiceCallService.kt:772:14 Unresolved reference 'setOngoing'.
e: file:///D:/a13/orangechat/app/src/main/java/me/rerere/rikkahub/service/WebServerService.kt:25:27 Unresolved reference 'R'.
e: file:///D:/a13/orangechat/app/src/main/java/me/rerere/rikkahub/service/WebServerService.kt:143:23 Unresolved reference 'R'.
e: file:///D:/a13/orangechat/app/src/main/java/me/rerere/rikkahub/service/WebServerService.kt:144:10 Unresolved reference 'setContentTitle'.
e: file:///D:/a13/orangechat/app/src/main/java/me/rerere/rikkahub/service/WebServerService.kt:144:36 Unresolved reference 'R'.
e: file:///D:/a13/orangechat/app/src/main/java/me/rerere/rikkahub/service/WebServerService.kt:145:35 Unresolved reference 'R'.
e: file:///D:/a13/orangechat/app/src/main/java/me/rerere/rikkahub/service/WebServerService.kt:162:27 Unresolved reference 'R'.
e: file:///D:/a13/orangechat/app/src/main/java/me/rerere/rikkahub/service/WebServerService.kt:163:14 Unresolved reference 'setContentTitle'.
e: file:///D:/a13/orangechat/app/src/main/java/me/rerere/rikkahub/service/WebServerService.kt:163:40 Unresolved reference 'R'.
e: file:///D:/a13/orangechat/app/src/main/java/me/rerere/rikkahub/service/WebServerService.kt:169:37 Unresolved reference 'R'.
e: file:///D:/a13/orangechat/app/src/main/java/me/rerere/rikkahub/service/WeixinBotService.kt:197:46 Unresolved reference 'R'.
e: file:///D:/a13/orangechat/app/src/main/java/me/rerere/rikkahub/service/WeixinBotService.kt:198:14 Unresolved reference 'setPriority'.
e: file:///D:/a13/orangechat/app/src/main/java/me/rerere/rikkahub/service/WeixinBotService.kt:219:50 Unresolved reference 'R'.
e: file:///D:/a13/orangechat/app/src/main/java/me/rerere/rikkahub/service/WeixinBotService.kt:220:18 Unresolved reference 'setPriority'.
e: file:///D:/a13/orangechat/app/src/main/java/me/rerere/rikkahub/ui/activity/SafeModeActivity.kt:52:27 Unresolved reference 'R'.
e: file:///D:/a13/orangechat/app/src/main/java/me/rerere/rikkahub/ui/activity/SafeModeActivity.kt:85:65 Unresolved reference 'R'.
e: file:///D:/a13/orangechat/app/src/main/java/me/rerere/rikkahub/ui/activity/SafeModeActivity.kt:96:51 Unresolved reference 'R'.
e: file:///D:/a13/orangechat/app/src/main/java/me/rerere/rikkahub/ui/activity/SafeModeActivity.kt:103:33 Unresolved reference 'R'.
e: file:///D:/a13/orangechat/app/src/main/java/me/rerere/rikkahub/ui/activity/SafeModeActivity.kt:104:94 Unresolved reference 'R'.
e: file:///D:/a13/orangechat/app/src/main/java/me/rerere/rikkahub/ui/activity/SafeModeActivity.kt:112:49 Unresolved reference 'R'.
e: file:///D:/a13/orangechat/app/src/main/java/me/rerere/rikkahub/ui/activity/SafeModeActivity.kt:121:59 Unresolved reference 'R'.
e: file:///D:/a13/orangechat/app/src/main/java/me/rerere/rikkahub/ui/activity/SafeModeActivity.kt:130:57 Unresolved reference 'R'.
e: file:///D:/a13/orangechat/app/src/main/java/me/rerere/rikkahub/ui/activity/SafeModeActivity.kt:200:39 Unresolved reference 'R'.
e: file:///D:/a13/orangechat/app/src/main/java/me/rerere/rikkahub/ui/activity/SafeModeActivity.kt:250:76 Unresolved reference 'R'.
e: file:///D:/a13/orangechat/app/src/main/java/me/rerere/rikkahub/ui/activity/ShortcutHandlerActivity.kt:16:27 Unresolved reference 'BuildConfig'.
e: file:///D:/a13/orangechat/app/src/main/java/me/rerere/rikkahub/ui/activity/ShortcutHandlerActivity.kt:51:56 Unresolved reference 'BuildConfig'.
e: file:///D:/a13/orangechat/app/src/main/java/me/rerere/rikkahub/ui/components/ai/AsrButton.kt:52:27 Unresolved reference 'R'.
e: file:///D:/a13/orangechat/app/src/main/java/me/rerere/rikkahub/ui/components/ai/AsrButton.kt:124:65 Unresolved reference 'R'.
e: file:///D:/a13/orangechat/app/src/main/java/me/rerere/rikkahub/ui/components/ai/AsrButton.kt:168:51 Unresolved reference 'R'.
e: file:///D:/a13/orangechat/app/src/main/java/me/rerere/rikkahub/ui/components/ai/AssistantPicker.kt:51:27 Unresolved reference 'R'.
e: file:///D:/a13/orangechat/app/src/main/java/me/rerere/rikkahub/ui/components/ai/AssistantPicker.kt:68:47 Unresolved reference 'R'.
e: file:///D:/a13/orangechat/app/src/main/java/me/rerere/rikkahub/ui/components/ai/AssistantPicker.kt:125:47 Unresolved reference 'R'.
e: file:///D:/a13/orangechat/app/src/main/java/me/rerere/rikkahub/ui/components/ai/AssistantPicker.kt:153:39 Unresolved reference 'R'.
e: file:///D:/a13/orangechat/app/src/main/java/me/rerere/rikkahub/ui/components/ai/ChatInput.kt:107:27 Unresolved reference 'R'.
e: file:///D:/a13/orangechat/app/src/main/java/me/rerere/rikkahub/ui/components/ai/ChatInput.kt:208:35 Unresolved reference 'R'.
e: file:///D:/a13/orangechat/app/src/main/java/me/rerere/rikkahub/ui/components/ai/ChatInput.kt:208:52 Unresolved reference 'R'.
e: file:///D:/a13/orangechat/app/src/main/java/me/rerere/rikkahub/ui/components/ai/ChatInput.kt:231:40 Unresolved reference 'R'.
e: file:///D:/a13/orangechat/app/src/main/java/me/rerere/rikkahub/ui/components/ai/ChatInput.kt:236:40 Unresolved reference 'R'.
e: file:///D:/a13/orangechat/app/src/main/java/me/rerere/rikkahub/ui/components/ai/ChatInput.kt:456:51 Unresolved reference 'R'.
e: file:///D:/a13/orangechat/app/src/main/java/me/rerere/rikkahub/ui/components/ai/ChatInput.kt:573:70 Unresolved reference 'R'.
e: file:///D:/a13/orangechat/app/src/main/java/me/rerere/rikkahub/ui/components/ai/ChatInput.kt:574:71 Unresolved reference 'R'.
e: file:///D:/a13/orangechat/app/src/main/java/me/rerere/rikkahub/ui/components/ai/ChatInput.kt:615:73 Unresolved reference 'R'.
e: file:///D:/a13/orangechat/app/src/main/java/me/rerere/rikkahub/ui/components/ai/ChatInput.kt:699:81 Unresolved reference 'R'.
e: file:///D:/a13/orangechat/app/src/main/java/me/rerere/rikkahub/ui/components/ai/ChatInput.kt:706:81 Unresolved reference 'R'.
e: file:///D:/a13/orangechat/app/src/main/java/me/rerere/rikkahub/ui/components/ai/ChatInput.kt:818:48 Unresolved reference 'R'.
e: file:///D:/a13/orangechat/app/src/main/java/me/rerere/rikkahub/ui/components/ai/ChatInput.kt:822:61 Unresolved reference 'R'.
e: file:///D:/a13/orangechat/app/src/main/java/me/rerere/rikkahub/ui/components/ai/ChatInput.kt:877:37 Unresolved reference 'R'.
e: file:///D:/a13/orangechat/app/src/main/java/me/rerere/rikkahub/ui/components/ai/ChatInput.kt:1003:49 Unresolved reference 'R'.
e: file:///D:/a13/orangechat/app/src/main/java/me/rerere/rikkahub/ui/components/ai/ChatInput.kt:1013:49 Unresolved reference 'R'.
e: file:///D:/a13/orangechat/app/src/main/java/me/rerere/rikkahub/ui/components/ai/CompressContextDialog.kt:36:27 Unresolved reference 'R'.
e: file:///D:/a13/orangechat/app/src/main/java/me/rerere/rikkahub/ui/components/ai/CompressContextDialog.kt:68:33 Unresolved reference 'R'.
e: file:///D:/a13/orangechat/app/src/main/java/me/rerere/rikkahub/ui/components/ai/CompressContextDialog.kt:85:45 Unresolved reference 'R'.
e: file:///D:/a13/orangechat/app/src/main/java/me/rerere/rikkahub/ui/components/ai/CompressContextDialog.kt:88:41 Unresolved reference 'R'.
e: file:///D:/a13/orangechat/app/src/main/java/me/rerere/rikkahub/ui/components/ai/CompressContextDialog.kt:92:47 Unresolved reference 'R'.
e: file:///D:/a13/orangechat/app/src/main/java/me/rerere/rikkahub/ui/components/ai/CompressContextDialog.kt:114:47 Unresolved reference 'R'.
e: file:///D:/a13/orangechat/app/src/main/java/me/rerere/rikkahub/ui/components/ai/CompressContextDialog.kt:139:49 Unresolved reference 'R'.
e: file:///D:/a13/orangechat/app/src/main/java/me/rerere/rikkahub/ui/components/ai/CompressContextDialog.kt:142:49 Unresolved reference 'R'.
e: file:///D:/a13/orangechat/app/src/main/java/me/rerere/rikkahub/ui/components/ai/CompressContextDialog.kt:150:47 Unresolved reference 'R'.
e: file:///D:/a13/orangechat/app/src/main/java/me/rerere/rikkahub/ui/components/ai/CompressContextDialog.kt:163:41 Unresolved reference 'R'.
e: file:///D:/a13/orangechat/app/src/main/java/me/rerere/rikkahub/ui/components/ai/CompressContextDialog.kt:169:41 Unresolved reference 'R'.
e: file:///D:/a13/orangechat/app/src/main/java/me/rerere/rikkahub/ui/components/ai/CompressContextDialog.kt:176:41 Unresolved reference 'R'.
e: file:///D:/a13/orangechat/app/src/main/java/me/rerere/rikkahub/ui/components/ai/ExtensionContent.kt:35:27 Unresolved reference 'R'.
e: file:///D:/a13/orangechat/app/src/main/java/me/rerere/rikkahub/ui/components/ai/ExtensionContent.kt:56:66 Unresolved reference 'R'.
e: file:///D:/a13/orangechat/app/src/main/java/me/rerere/rikkahub/ui/components/ai/ExtensionContent.kt:90:65 Unresolved reference 'R'.
e: file:///D:/a13/orangechat/app/src/main/java/me/rerere/rikkahub/ui/components/ai/ExtensionContent.kt:174:70 Unresolved reference 'R'.
e: file:///D:/a13/orangechat/app/src/main/java/me/rerere/rikkahub/ui/components/ai/ExtensionContent.kt:209:39 Unresolved reference 'R'.
e: file:///D:/a13/orangechat/app/src/main/java/me/rerere/rikkahub/ui/components/ai/FilesPicker.kt:57:27 Unresolved reference 'R'.
e: file:///D:/a13/orangechat/app/src/main/java/me/rerere/rikkahub/ui/components/ai/FilesPicker.kt:144:57 Unresolved reference 'R'.
e: file:///D:/a13/orangechat/app/src/main/java/me/rerere/rikkahub/ui/components/ai/FilesPicker.kt:148:37 Unresolved reference 'R'.
e: file:///D:/a13/orangechat/app/src/main/java/me/rerere/rikkahub/ui/components/ai/FilesPicker.kt:171:57 Unresolved reference 'R'.
e: file:///D:/a13/orangechat/app/src/main/java/me/rerere/rikkahub/ui/components/ai/FilesPicker.kt:175:37 Unresolved reference 'R'.
e: file:///D:/a13/orangechat/app/src/main/java/me/rerere/rikkahub/ui/components/ai/FilesPicker.kt:180:47 Unresolved reference 'R'.
e: file:///D:/a13/orangechat/app/src/main/java/me/rerere/rikkahub/ui/components/ai/FilesPicker.kt:269:29 Unresolved reference 'R'.
e: file:///D:/a13/orangechat/app/src/main/java/me/rerere/rikkahub/ui/components/ai/FilesPicker.kt:285:33 Unresolved reference 'R'.
e: file:///D:/a13/orangechat/app/src/main/java/me/rerere/rikkahub/ui/components/ai/FilesPicker.kt:301:29 Unresolved reference 'R'.
e: file:///D:/a13/orangechat/app/src/main/java/me/rerere/rikkahub/ui/components/ai/FilesPicker.kt:312:29 Unresolved reference 'R'.
e: file:///D:/a13/orangechat/app/src/main/java/me/rerere/rikkahub/ui/components/ai/FilesPicker.kt:323:29 Unresolved reference 'R'.
e: file:///D:/a13/orangechat/app/src/main/java/me/rerere/rikkahub/ui/components/ai/FilesPicker.kt:373:33 Unresolved reference 'R'.
e: file:///D:/a13/orangechat/app/src/main/java/me/rerere/rikkahub/ui/components/ai/McpPicker.kt:52:27 Unresolved reference 'R'.
e: file:///D:/a13/orangechat/app/src/main/java/me/rerere/rikkahub/ui/components/ai/McpPicker.kt:111:65 Unresolved reference 'R'.
e: file:///D:/a13/orangechat/app/src/main/java/me/rerere/rikkahub/ui/components/ai/McpPicker.kt:133:48 Unresolved reference 'R'.
e: file:///D:/a13/orangechat/app/src/main/java/me/rerere/rikkahub/ui/components/ai/McpPicker.kt:146:56 Unresolved reference 'R'.
e: file:///D:/a13/orangechat/app/src/main/java/me/rerere/rikkahub/ui/components/ai/McpPicker.kt:188:57 Unresolved reference 'R'.
e: file:///D:/a13/orangechat/app/src/main/java/me/rerere/rikkahub/ui/components/ai/McpPicker.kt:193:33 Unresolved reference 'R'.
e: file:///D:/a13/orangechat/app/src/main/java/me/rerere/rikkahub/ui/components/ai/McpPicker.kt:243:44 Unresolved reference 'R'.
e: file:///D:/a13/orangechat/app/src/main/java/me/rerere/rikkahub/ui/components/ai/McpPicker.kt:256:52 Unresolved reference 'R'.
e: file:///D:/a13/orangechat/app/src/main/java/me/rerere/rikkahub/ui/components/ai/ModelList.kt:84:27 Unresolved reference 'R'.
e: file:///D:/a13/orangechat/app/src/main/java/me/rerere/rikkahub/ui/components/ai/ModelList.kt:134:65 Unresolved reference 'R'.
e: file:///D:/a13/orangechat/app/src/main/java/me/rerere/rikkahub/ui/components/ai/ModelList.kt:168:57 Unresolved reference 'R'.
e: file:///D:/a13/orangechat/app/src/main/java/me/rerere/rikkahub/ui/components/ai/ModelList.kt:356:43 Unresolved reference 'R'.
e: file:///D:/a13/orangechat/app/src/main/java/me/rerere/rikkahub/ui/components/ai/ModelList.kt:384:43 Unresolved reference 'R'.
e: file:///D:/a13/orangechat/app/src/main/java/me/rerere/rikkahub/ui/components/ai/ModelList.kt:395:43 Unresolved reference 'R'.
e: file:///D:/a13/orangechat/app/src/main/java/me/rerere/rikkahub/ui/components/ai/ModelList.kt:686:39 Unresolved reference 'R'.
e: file:///D:/a13/orangechat/app/src/main/java/me/rerere/rikkahub/ui/components/ai/ModelList.kt:687:44 Unresolved reference 'R'.
e: file:///D:/a13/orangechat/app/src/main/java/me/rerere/rikkahub/ui/components/ai/ModelList.kt:688:40 Unresolved reference 'R'.
e: file:///D:/a13/orangechat/app/src/main/java/me/rerere/rikkahub/ui/components/ai/ModelList.kt:753:51 Unresolved reference 'R'.
e: file:///D:/a13/orangechat/app/src/main/java/me/rerere/rikkahub/ui/components/ai/ReasoningPicker.kt:47:27 Unresolved reference 'R'.
e: file:///D:/a13/orangechat/app/src/main/java/me/rerere/rikkahub/ui/components/ai/ReasoningPicker.kt:90:48 Unresolved reference 'R'.
e: file:///D:/a13/orangechat/app/src/main/java/me/rerere/rikkahub/ui/components/ai/ReasoningPicker.kt:126:43 Unresolved reference 'R'.
e: file:///D:/a13/orangechat/app/src/main/java/me/rerere/rikkahub/ui/components/ai/ReasoningPicker.kt:130:43 Unresolved reference 'R'.
e: file:///D:/a13/orangechat/app/src/main/java/me/rerere/rikkahub/ui/components/ai/ReasoningPicker.kt:288:42 Unresolved reference 'R'.
e: file:///D:/a13/orangechat/app/src/main/java/me/rerere/rikkahub/ui/components/ai/ReasoningPicker.kt:289:43 Unresolved reference 'R'.
e: file:///D:/a13/orangechat/app/src/main/java/me/rerere/rikkahub/ui/components/ai/ReasoningPicker.kt:290:42 Unresolved reference 'R'.
e: file:///D:/a13/orangechat/app/src/main/java/me/rerere/rikkahub/ui/components/ai/ReasoningPicker.kt:291:45 Unresolved reference 'R'.
e: file:///D:/a13/orangechat/app/src/main/java/me/rerere/rikkahub/ui/components/ai/ReasoningPicker.kt:292:43 Unresolved reference 'R'.
e: file:///D:/a13/orangechat/app/src/main/java/me/rerere/rikkahub/ui/components/ai/ReasoningPicker.kt:293:44 Unresolved reference 'R'.
e: file:///D:/a13/orangechat/app/src/main/java/me/rerere/rikkahub/ui/components/ai/SearchPicker.kt:53:27 Unresolved reference 'R'.
e: file:///D:/a13/orangechat/app/src/main/java/me/rerere/rikkahub/ui/components/ai/SearchPicker.kt:97:61 Unresolved reference 'R'.
e: file:///D:/a13/orangechat/app/src/main/java/me/rerere/rikkahub/ui/components/ai/SearchPicker.kt:107:61 Unresolved reference 'R'.
e: file:///D:/a13/orangechat/app/src/main/java/me/rerere/rikkahub/ui/components/ai/SearchPicker.kt:128:43 Unresolved reference 'R'.
e: file:///D:/a13/orangechat/app/src/main/java/me/rerere/rikkahub/ui/components/ai/SearchPicker.kt:209:43 Unresolved reference 'R'.
e: file:///D:/a13/orangechat/app/src/main/java/me/rerere/rikkahub/ui/components/ai/SearchPicker.kt:214:40 Unresolved reference 'R'.
e: file:///D:/a13/orangechat/app/src/main/java/me/rerere/rikkahub/ui/components/ai/SearchPicker.kt:216:40 Unresolved reference 'R'.
e: file:///D:/a13/orangechat/app/src/main/java/me/rerere/rikkahub/ui/components/ai/SearchPicker.kt:315:43 Unresolved reference 'R'.
e: file:///D:/a13/orangechat/app/src/main/java/me/rerere/rikkahub/ui/components/ai/SearchPicker.kt:319:43 Unresolved reference 'R'.
e: file:///D:/a13/orangechat/app/src/main/java/me/rerere/rikkahub/ui/components/message/ChatMessage.kt:97:27 Unresolved reference 'R'.
e: file:///D:/a13/orangechat/app/src/main/java/me/rerere/rikkahub/ui/components/message/ChatMessage.kt:611:75 Unresolved reference 'R'.
e: file:///D:/a13/orangechat/app/src/main/java/me/rerere/rikkahub/ui/components/message/ChatMessage.kt:619:75 Unresolved reference 'R'.
e: file:///D:/a13/orangechat/app/src/main/java/me/rerere/rikkahub/ui/components/message/ChatMessage.kt:705:37 Unresolved reference 'R'.
e: file:///D:/a13/orangechat/app/src/main/java/me/rerere/rikkahub/ui/components/message/ChatMessageActions.kt:63:27 Unresolved reference 'R'.
e: file:///D:/a13/orangechat/app/src/main/java/me/rerere/rikkahub/ui/components/message/ChatMessageActions.kt:101:49 Unresolved reference 'R'.
e: file:///D:/a13/orangechat/app/src/main/java/me/rerere/rikkahub/ui/components/message/ChatMessageActions.kt:101:49 Argument type mismatch: actual type is 'Map.Entry<uninferred K (of fun <K, V> Map.Entry<K, V>.copy), uninferred V (of fun <K, V> Map.Entry<K, V>.copy)>', but 'Int' was expected.
e: file:///D:/a13/orangechat/app/src/main/java/me/rerere/rikkahub/ui/components/message/ChatMessageActions.kt:101:58 Cannot infer type for type parameter 'K'. Specify it explicitly.
e: file:///D:/a13/orangechat/app/src/main/java/me/rerere/rikkahub/ui/components/message/ChatMessageActions.kt:101:58 Cannot infer type for type parameter 'V'. Specify it explicitly.
e: file:///D:/a13/orangechat/app/src/main/java/me/rerere/rikkahub/ui/components/message/ChatMessageActions.kt:101:58 This declaration needs opt-in. Its usage must be marked with '@kotlin.ExperimentalStdlibApi' or '@OptIn(kotlin.ExperimentalStdlibApi::class)'
e: file:///D:/a13/orangechat/app/src/main/java/me/rerere/rikkahub/ui/components/message/ChatMessageActions.kt:111:49 Unresolved reference 'R'.
e: file:///D:/a13/orangechat/app/src/main/java/me/rerere/rikkahub/ui/components/message/ChatMessageActions.kt:132:53 Unresolved reference 'R'.
e: file:///D:/a13/orangechat/app/src/main/java/me/rerere/rikkahub/ui/components/message/ChatMessageActions.kt:162:57 Unresolved reference 'R'.
e: file:///D:/a13/orangechat/app/src/main/java/me/rerere/rikkahub/ui/components/message/ChatMessageActions.kt:180:49 Unresolved reference 'R'.
e: file:///D:/a13/orangechat/app/src/main/java/me/rerere/rikkahub/ui/components/message/ChatMessageActions.kt:220:32 Unresolved reference 'R'.
e: file:///D:/a13/orangechat/app/src/main/java/me/rerere/rikkahub/ui/components/message/ChatMessageActions.kt:221:38 Unresolved reference 'R'.
e: file:///D:/a13/orangechat/app/src/main/java/me/rerere/rikkahub/ui/components/message/ChatMessageActions.kt:222:38 Unresolved reference 'R'.
e: file:///D:/a13/orangechat/app/src/main/java/me/rerere/rikkahub/ui/components/message/ChatMessageActions.kt:228:38 Unresolved reference 'R'.
e: file:///D:/a13/orangechat/app/src/main/java/me/rerere/rikkahub/ui/components/message/ChatMessageActions.kt:278:47 Unresolved reference 'R'.
e: file:///D:/a13/orangechat/app/src/main/java/me/rerere/rikkahub/ui/components/message/ChatMessageActions.kt:309:51 Unresolved reference 'R'.
e: file:///D:/a13/orangechat/app/src/main/java/me/rerere/rikkahub/ui/components/message/ChatMessageActions.kt:337:47 Unresolved reference 'R'.
e: file:///D:/a13/orangechat/app/src/main/java/me/rerere/rikkahub/ui/components/message/ChatMessageActions.kt:364:47 Unresolved reference 'R'.
e: file:///D:/a13/orangechat/app/src/main/java/me/rerere/rikkahub/ui/components/message/ChatMessageActions.kt:391:47 Unresolved reference 'R'.
e: file:///D:/a13/orangechat/app/src/main/java/me/rerere/rikkahub/ui/components/message/ChatMessageActions.kt:419:49 Unresolved reference 'R'.
e: file:///D:/a13/orangechat/app/src/main/java/me/rerere/rikkahub/ui/components/message/ChatMessageActions.kt:420:38 Unresolved reference 'R'.
e: file:///D:/a13/orangechat/app/src/main/java/me/rerere/rikkahub/ui/components/message/ChatMessageActions.kt:452:47 Unresolved reference 'R'.
e: file:///D:/a13/orangechat/app/src/main/java/me/rerere/rikkahub/ui/components/message/ChatMessageAvatar.kt:35:27 Unresolved reference 'R'.
e: file:///D:/a13/orangechat/app/src/main/java/me/rerere/rikkahub/ui/components/message/ChatMessageAvatar.kt:92:62 Unresolved reference 'R'.
e: file:///D:/a13/orangechat/app/src/main/java/me/rerere/rikkahub/ui/components/message/ChatMessageAvatar.kt:165:76 Unresolved reference 'R'.
e: file:///D:/a13/orangechat/app/src/main/java/me/rerere/rikkahub/ui/components/message/ChatMessageCopySheet.kt:41:27 Unresolved reference 'R'.
e: file:///D:/a13/orangechat/app/src/main/java/me/rerere/rikkahub/ui/components/message/ChatMessageCopySheet.kt:77:43 Unresolved reference 'R'.
e: file:///D:/a13/orangechat/app/src/main/java/me/rerere/rikkahub/ui/components/message/ChatMessageCopySheet.kt:93:41 Unresolved reference 'R'.
e: file:///D:/a13/orangechat/app/src/main/java/me/rerere/rikkahub/ui/components/message/ChatMessageCopySheet.kt:111:47 Unresolved reference 'R'.
e: file:///D:/a13/orangechat/app/src/main/java/me/rerere/rikkahub/ui/components/message/ChatMessageEditedFiles.kt:51:27 Unresolved reference 'R'.
e: file:///D:/a13/orangechat/app/src/main/java/me/rerere/rikkahub/ui/components/message/ChatMessageEditedFiles.kt:202:51 Unresolved reference 'R'.
e: file:///D:/a13/orangechat/app/src/main/java/me/rerere/rikkahub/ui/components/message/ChatMessageEditedFiles.kt:248:51 Unresolved reference 'R'.
e: file:///D:/a13/orangechat/app/src/main/java/me/rerere/rikkahub/ui/components/message/ChatMessageReasoning.kt:48:27 Unresolved reference 'R'.
e: file:///D:/a13/orangechat/app/src/main/java/me/rerere/rikkahub/ui/components/message/ChatMessageReasoning.kt:219:25 Unresolved reference 'R'.
e: file:///D:/a13/orangechat/app/src/main/java/me/rerere/rikkahub/ui/components/message/ChatMessageTools.kt:114:27 Unresolved reference 'R'.
e: file:///D:/a13/orangechat/app/src/main/java/me/rerere/rikkahub/ui/components/message/ChatMessageTools.kt:233:52 Unresolved reference 'R'.
e: file:///D:/a13/orangechat/app/src/main/java/me/rerere/rikkahub/ui/components/message/ChatMessageTools.kt:234:50 Unresolved reference 'R'.
e: file:///D:/a13/orangechat/app/src/main/java/me/rerere/rikkahub/ui/components/message/ChatMessageTools.kt:235:52 Unresolved reference 'R'.
e: file:///D:/a13/orangechat/app/src/main/java/me/rerere/rikkahub/ui/components/message/ChatMessageTools.kt:236:36 Unresolved reference 'R'.
e: file:///D:/a13/orangechat/app/src/main/java/me/rerere/rikkahub/ui/components/message/ChatMessageTools.kt:240:13 Unresolved reference 'R'.
e: file:///D:/a13/orangechat/app/src/main/java/me/rerere/rikkahub/ui/components/message/ChatMessageTools.kt:244:48 Unresolved reference 'R'.
e: file:///D:/a13/orangechat/app/src/main/java/me/rerere/rikkahub/ui/components/message/ChatMessageTools.kt:245:51 Unresolved reference 'R'.
e: file:///D:/a13/orangechat/app/src/main/java/me/rerere/rikkahub/ui/components/message/ChatMessageTools.kt:247:53 Unresolved reference 'R'.
e: file:///D:/a13/orangechat/app/src/main/java/me/rerere/rikkahub/ui/components/message/ChatMessageTools.kt:248:54 Unresolved reference 'R'.
e: file:///D:/a13/orangechat/app/src/main/java/me/rerere/rikkahub/ui/components/message/ChatMessageTools.kt:249:36 Unresolved reference 'R'.
e: file:///D:/a13/orangechat/app/src/main/java/me/rerere/rikkahub/ui/components/message/ChatMessageTools.kt:279:46 Unresolved reference 'R'.
e: file:///D:/a13/orangechat/app/src/main/java/me/rerere/rikkahub/ui/components/message/ChatMessageTools.kt:280:33 Unresolved reference 'R'.
e: file:///D:/a13/orangechat/app/src/main/java/me/rerere/rikkahub/ui/components/message/ChatMessageTools.kt:285:46 Unresolved reference 'R'.
e: file:///D:/a13/orangechat/app/src/main/java/me/rerere/rikkahub/ui/components/message/ChatMessageTools.kt:286:33 Unresolved reference 'R'.
e: file:///D:/a13/orangechat/app/src/main/java/me/rerere/rikkahub/ui/components/message/ChatMessageTools.kt:291:46 Unresolved reference 'R'.
e: file:///D:/a13/orangechat/app/src/main/java/me/rerere/rikkahub/ui/components/message/ChatMessageTools.kt:292:33 Unresolved reference 'R'.
e: file:///D:/a13/orangechat/app/src/main/java/me/rerere/rikkahub/ui/components/message/ChatMessageTools.kt:298:32 Unresolved reference 'R'.
e: file:///D:/a13/orangechat/app/src/main/java/me/rerere/rikkahub/ui/components/message/ChatMessageTools.kt:302:32 Unresolved reference 'R'.
e: file:///D:/a13/orangechat/app/src/main/java/me/rerere/rikkahub/ui/components/message/ChatMessageTools.kt:306:32 Unresolved reference 'R'.
e: file:///D:/a13/orangechat/app/src/main/java/me/rerere/rikkahub/ui/components/message/ChatMessageTools.kt:365:65 Unresolved reference 'R'.
e: file:///D:/a13/orangechat/app/src/main/java/me/rerere/rikkahub/ui/components/message/ChatMessageTools.kt:375:65 Unresolved reference 'R'.
e: file:///D:/a13/orangechat/app/src/main/java/me/rerere/rikkahub/ui/components/message/ChatMessageTools.kt:432:59 Unresolved reference 'R'.
e: file:///D:/a13/orangechat/app/src/main/java/me/rerere/rikkahub/ui/components/message/ChatMessageTools.kt:616:51 Unresolved reference 'R'.
e: file:///D:/a13/orangechat/app/src/main/java/me/rerere/rikkahub/ui/components/message/ChatMessageTools.kt:747:33 Unresolved reference 'R'.
e: file:///D:/a13/orangechat/app/src/main/java/me/rerere/rikkahub/ui/components/message/ChatMessageTools.kt:834:21 Unresolved reference 'R'.
e: file:///D:/a13/orangechat/app/src/main/java/me/rerere/rikkahub/ui/components/message/ChatMessageTools.kt:889:39 Unresolved reference 'R'.
e: file:///D:/a13/orangechat/app/src/main/java/me/rerere/rikkahub/ui/components/message/ChatMessageTools.kt:912:37 Unresolved reference 'R'.
e: file:///D:/a13/orangechat/app/src/main/java/me/rerere/rikkahub/ui/components/message/ChatMessageTools.kt:924:41 Unresolved reference 'R'.
e: file:///D:/a13/orangechat/app/src/main/java/me/rerere/rikkahub/ui/components/message/ChatMessageTools.kt:1010:21 Unresolved reference 'R'.
e: file:///D:/a13/orangechat/app/src/main/java/me/rerere/rikkahub/ui/components/message/ChatMessageTools.kt:1167:51 Unresolved reference 'R'.
e: file:///D:/a13/orangechat/app/src/main/java/me/rerere/rikkahub/ui/components/message/ChatMessageTools.kt:1290:33 Unresolved reference 'R'.
e: file:///D:/a13/orangechat/app/src/main/java/me/rerere/rikkahub/ui/components/message/ChatMessageTools.kt:1296:47 Unresolved reference 'R'.
e: file:///D:/a13/orangechat/app/src/main/java/me/rerere/rikkahub/ui/components/message/ChatMessageTools.kt:1305:37 Unresolved reference 'R'.
e: file:///D:/a13/orangechat/app/src/main/java/me/rerere/rikkahub/ui/components/message/ChatMessageTools.kt:1402:43 Unresolved reference 'R'.
e: file:///D:/a13/orangechat/app/src/main/java/me/rerere/rikkahub/ui/components/message/ChatMessageTools.kt:1543:39 Unresolved reference 'R'.
e: file:///D:/a13/orangechat/app/src/main/java/me/rerere/rikkahub/ui/components/message/ChatMessageTools.kt:1585:40 Unresolved reference 'R'.
e: file:///D:/a13/orangechat/app/src/main/java/me/rerere/rikkahub/ui/components/message/ChatMessageTools.kt:1586:36 Unresolved reference 'R'.
e: file:///D:/a13/orangechat/app/src/main/java/me/rerere/rikkahub/ui/components/message/ChatMessageTranslation.kt:57:27 Unresolved reference 'R'.
e: file:///D:/a13/orangechat/app/src/main/java/me/rerere/rikkahub/ui/components/message/ChatMessageTranslation.kt:86:57 Unresolved reference 'R'.
e: file:///D:/a13/orangechat/app/src/main/java/me/rerere/rikkahub/ui/components/message/ChatMessageTranslation.kt:87:46 Unresolved reference 'R'.
e: file:///D:/a13/orangechat/app/src/main/java/me/rerere/rikkahub/ui/components/message/ChatMessageTranslation.kt:88:58 Unresolved reference 'R'.
e: file:///D:/a13/orangechat/app/src/main/java/me/rerere/rikkahub/ui/components/message/ChatMessageTranslation.kt:89:47 Unresolved reference 'R'.
e: file:///D:/a13/orangechat/app/src/main/java/me/rerere/rikkahub/ui/components/message/ChatMessageTranslation.kt:90:45 Unresolved reference 'R'.
e: file:///D:/a13/orangechat/app/src/main/java/me/rerere/rikkahub/ui/components/message/ChatMessageTranslation.kt:91:45 Unresolved reference 'R'.
e: file:///D:/a13/orangechat/app/src/main/java/me/rerere/rikkahub/ui/components/message/ChatMessageTranslation.kt:92:45 Unresolved reference 'R'.
e: file:///D:/a13/orangechat/app/src/main/java/me/rerere/rikkahub/ui/components/message/ChatMessageTranslation.kt:93:46 Unresolved reference 'R'.
e: file:///D:/a13/orangechat/app/src/main/java/me/rerere/rikkahub/ui/components/message/ChatMessageTranslation.kt:94:50 Unresolved reference 'R'.
e: file:///D:/a13/orangechat/app/src/main/java/me/rerere/rikkahub/ui/components/message/ChatMessageTranslation.kt:111:39 Unresolved reference 'R'.
e: file:///D:/a13/orangechat/app/src/main/java/me/rerere/rikkahub/ui/components/message/ChatMessageTranslation.kt:167:55 Unresolved reference 'R'.
e: file:///D:/a13/orangechat/app/src/main/java/me/rerere/rikkahub/ui/components/message/ChatMessageTranslation.kt:210:43 Unresolved reference 'R'.
e: file:///D:/a13/orangechat/app/src/main/java/me/rerere/rikkahub/ui/components/message/ChatMessageTranslation.kt:224:74 Unresolved reference 'R'.
e: file:///D:/a13/orangechat/app/src/main/java/me/rerere/rikkahub/ui/components/message/ChatMessageTranslation.kt:225:25 Unresolved reference 'R'.
e: file:///D:/a13/orangechat/app/src/main/java/me/rerere/rikkahub/ui/components/message/ChatMessageTranslation.kt:249:63 Unresolved reference 'R'.
e: file:///D:/a13/orangechat/app/src/main/java/me/rerere/rikkahub/ui/components/message/ChatMessageTranslation.kt:278:51 Unresolved reference 'R'.
e: file:///D:/a13/orangechat/app/src/main/java/me/rerere/rikkahub/ui/components/nav/BackButton.kt:17:27 Unresolved reference 'R'.
e: file:///D:/a13/orangechat/app/src/main/java/me/rerere/rikkahub/ui/components/nav/BackButton.kt:34:49 Unresolved reference 'R'.
e: file:///D:/a13/orangechat/app/src/main/java/me/rerere/rikkahub/ui/components/richtext/HighlightCodeBlock.kt:82:27 Unresolved reference 'R'.
e: file:///D:/a13/orangechat/app/src/main/java/me/rerere/rikkahub/ui/components/richtext/HighlightCodeBlock.kt:306:61 Unresolved reference 'R'.
e: file:///D:/a13/orangechat/app/src/main/java/me/rerere/rikkahub/ui/components/richtext/HighlightCodeBlock.kt:308:61 Unresolved reference 'R'.
e: file:///D:/a13/orangechat/app/src/main/java/me/rerere/rikkahub/ui/components/richtext/HighlightCodeBlock.kt:471:58 Unresolved reference 'R'.
e: file:///D:/a13/orangechat/app/src/main/java/me/rerere/rikkahub/ui/components/richtext/HighlightCodeBlock.kt:528:58 Unresolved reference 'R'.
e: file:///D:/a13/orangechat/app/src/main/java/me/rerere/rikkahub/ui/components/richtext/HighlightCodeBlock.kt:545:91 Unresolved reference 'R'.
e: file:///D:/a13/orangechat/app/src/main/java/me/rerere/rikkahub/ui/components/richtext/HighlightCodeBlock.kt:560:62 Unresolved reference 'R'.
e: file:///D:/a13/orangechat/app/src/main/java/me/rerere/rikkahub/ui/components/richtext/Mermaid.kt:47:27 Unresolved reference 'R'.
e: file:///D:/a13/orangechat/app/src/main/java/me/rerere/rikkahub/ui/components/richtext/Mermaid.kt:108:43 Unresolved reference 'R'.
e: file:///D:/a13/orangechat/app/src/main/java/me/rerere/rikkahub/ui/components/richtext/Mermaid.kt:114:43 Unresolved reference 'R'.
e: file:///D:/a13/orangechat/app/src/main/java/me/rerere/rikkahub/ui/components/richtext/Mermaid.kt:186:61 Unresolved reference 'R'.
e: file:///D:/a13/orangechat/app/src/main/java/me/rerere/rikkahub/ui/components/richtext/ZoomableAsyncImage.kt:25:27 Unresolved reference 'R'.
e: file:///D:/a13/orangechat/app/src/main/java/me/rerere/rikkahub/ui/components/richtext/ZoomableAsyncImage.kt:42:49 Unresolved reference 'R'.
e: file:///D:/a13/orangechat/app/src/main/java/me/rerere/rikkahub/ui/components/richtext/ZoomableAsyncImage.kt:42:82 Unresolved reference 'R'.
e: file:///D:/a13/orangechat/app/src/main/java/me/rerere/rikkahub/ui/components/richtext/ZoomableAsyncImage.kt:49:10 Unresolved reference 'build'.
e: file:///D:/a13/orangechat/app/src/main/java/me/rerere/rikkahub/ui/components/ui/AIIcon.kt:25:27 Unresolved reference 'R'.
e: file:///D:/a13/orangechat/app/src/main/java/me/rerere/rikkahub/ui/components/ui/AIIcon.kt:98:28 Unresolved reference 'R'.
e: file:///D:/a13/orangechat/app/src/main/java/me/rerere/rikkahub/ui/components/ui/AIIcon.kt:100:28 Unresolved reference 'R'.
e: file:///D:/a13/orangechat/app/src/main/java/me/rerere/rikkahub/ui/components/ui/BackupReminderCard.kt:32:27 Unresolved reference 'R'.
e: file:///D:/a13/orangechat/app/src/main/java/me/rerere/rikkahub/ui/components/ui/BackupReminderCard.kt:64:43 Unresolved reference 'R'.
e: file:///D:/a13/orangechat/app/src/main/java/me/rerere/rikkahub/ui/components/ui/BackupReminderCard.kt:69:36 Unresolved reference 'R'.
e: file:///D:/a13/orangechat/app/src/main/java/me/rerere/rikkahub/ui/components/ui/BackupReminderCard.kt:72:36 Unresolved reference 'R'.
e: file:///D:/a13/orangechat/app/src/main/java/me/rerere/rikkahub/ui/components/ui/BackupReminderCard.kt:85:57 Unresolved reference 'R'.
e: file:///D:/a13/orangechat/app/src/main/java/me/rerere/rikkahub/ui/components/ui/ChainOfThought.kt:56:27 Unresolved reference 'R'.
e: file:///D:/a13/orangechat/app/src/main/java/me/rerere/rikkahub/ui/components/ui/ChainOfThought.kt:155:48 Unresolved reference 'R'.
e: file:///D:/a13/orangechat/app/src/main/java/me/rerere/rikkahub/ui/components/ui/ChainOfThought.kt:158:37 Unresolved reference 'R'.
e: file:///D:/a13/orangechat/app/src/main/java/me/rerere/rikkahub/ui/components/ui/Emoji.kt:65:27 Unresolved reference 'R'.
e: file:///D:/a13/orangechat/app/src/main/java/me/rerere/rikkahub/ui/components/ui/Emoji.kt:106:61 Unresolved reference 'R'.
e: file:///D:/a13/orangechat/app/src/main/java/me/rerere/rikkahub/ui/components/ui/Emoji.kt:303:43 Unresolved reference 'R'.
e: file:///D:/a13/orangechat/app/src/main/java/me/rerere/rikkahub/ui/components/ui/ErrorCard.kt:49:27 Unresolved reference 'R'.
e: file:///D:/a13/orangechat/app/src/main/java/me/rerere/rikkahub/ui/components/ui/ErrorCard.kt:92:51 Unresolved reference 'R'.
e: file:///D:/a13/orangechat/app/src/main/java/me/rerere/rikkahub/ui/components/ui/ErrorCard.kt:120:50 Unresolved reference 'R'.
e: file:///D:/a13/orangechat/app/src/main/java/me/rerere/rikkahub/ui/components/ui/ErrorCard.kt:212:57 Unresolved reference 'R'.
e: file:///D:/a13/orangechat/app/src/main/java/me/rerere/rikkahub/ui/components/ui/Export.kt:27:27 Unresolved reference 'R'.
e: file:///D:/a13/orangechat/app/src/main/java/me/rerere/rikkahub/ui/components/ui/Export.kt:38:48 Unresolved reference 'R'.
e: file:///D:/a13/orangechat/app/src/main/java/me/rerere/rikkahub/ui/components/ui/Export.kt:58:55 Unresolved reference 'R'.
e: file:///D:/a13/orangechat/app/src/main/java/me/rerere/rikkahub/ui/components/ui/Export.kt:62:55 Unresolved reference 'R'.
e: file:///D:/a13/orangechat/app/src/main/java/me/rerere/rikkahub/ui/components/ui/Export.kt:86:55 Unresolved reference 'R'.
e: file:///D:/a13/orangechat/app/src/main/java/me/rerere/rikkahub/ui/components/ui/Export.kt:90:55 Unresolved reference 'R'.
e: file:///D:/a13/orangechat/app/src/main/java/me/rerere/rikkahub/ui/components/ui/Export.kt:101:37 Unresolved reference 'R'.
e: file:///D:/a13/orangechat/app/src/main/java/me/rerere/rikkahub/ui/components/ui/ExtensionSelector.kt:32:27 Unresolved reference 'R'.
e: file:///D:/a13/orangechat/app/src/main/java/me/rerere/rikkahub/ui/components/ui/ExtensionSelector.kt:81:46 Unresolved reference 'R'.
e: file:///D:/a13/orangechat/app/src/main/java/me/rerere/rikkahub/ui/components/ui/ExtensionSelector.kt:88:46 Unresolved reference 'R'.
e: file:///D:/a13/orangechat/app/src/main/java/me/rerere/rikkahub/ui/components/ui/ExtensionSelector.kt:95:46 Unresolved reference 'R'.
e: file:///D:/a13/orangechat/app/src/main/java/me/rerere/rikkahub/ui/components/ui/ExtensionSelector.kt:102:46 Unresolved reference 'R'.
e: file:///D:/a13/orangechat/app/src/main/java/me/rerere/rikkahub/ui/components/ui/ExtensionSelector.kt:130:54 Unresolved reference 'R'.
e: file:///D:/a13/orangechat/app/src/main/java/me/rerere/rikkahub/ui/components/ui/ExtensionSelector.kt:131:57 Unresolved reference 'R'.
e: file:///D:/a13/orangechat/app/src/main/java/me/rerere/rikkahub/ui/components/ui/ExtensionSelector.kt:154:54 Unresolved reference 'R'.
e: file:///D:/a13/orangechat/app/src/main/java/me/rerere/rikkahub/ui/components/ui/ExtensionSelector.kt:155:57 Unresolved reference 'R'.
e: file:///D:/a13/orangechat/app/src/main/java/me/rerere/rikkahub/ui/components/ui/ExtensionSelector.kt:178:54 Unresolved reference 'R'.
e: file:///D:/a13/orangechat/app/src/main/java/me/rerere/rikkahub/ui/components/ui/ExtensionSelector.kt:179:57 Unresolved reference 'R'.
e: file:///D:/a13/orangechat/app/src/main/java/me/rerere/rikkahub/ui/components/ui/ExtensionSelector.kt:202:54 Unresolved reference 'R'.
e: file:///D:/a13/orangechat/app/src/main/java/me/rerere/rikkahub/ui/components/ui/ExtensionSelector.kt:203:57 Unresolved reference 'R'.
e: file:///D:/a13/orangechat/app/src/main/java/me/rerere/rikkahub/ui/components/ui/Greeting.kt:15:27 Unresolved reference 'R'.
e: file:///D:/a13/orangechat/app/src/main/java/me/rerere/rikkahub/ui/components/ui/Greeting.kt:27:45 Unresolved reference 'R'.
e: file:///D:/a13/orangechat/app/src/main/java/me/rerere/rikkahub/ui/components/ui/Greeting.kt:28:46 Unresolved reference 'R'.
e: file:///D:/a13/orangechat/app/src/main/java/me/rerere/rikkahub/ui/components/ui/Greeting.kt:29:46 Unresolved reference 'R'.
e: file:///D:/a13/orangechat/app/src/main/java/me/rerere/rikkahub/ui/components/ui/Greeting.kt:30:41 Unresolved reference 'R'.
e: file:///D:/a13/orangechat/app/src/main/java/me/rerere/rikkahub/ui/components/ui/RabbitLoading.kt:18:27 Unresolved reference 'R'.
e: file:///D:/a13/orangechat/app/src/main/java/me/rerere/rikkahub/ui/components/ui/RabbitLoading.kt:31:76 Unresolved reference 'R'.
e: file:///D:/a13/orangechat/app/src/main/java/me/rerere/rikkahub/ui/components/ui/RiskConfirmDialog.kt:14:27 Unresolved reference 'R'.
e: file:///D:/a13/orangechat/app/src/main/java/me/rerere/rikkahub/ui/components/ui/RiskConfirmDialog.kt:22:42 Unresolved reference 'R'.
e: file:///D:/a13/orangechat/app/src/main/java/me/rerere/rikkahub/ui/components/ui/RiskConfirmDialog.kt:23:42 Unresolved reference 'R'.
e: file:///D:/a13/orangechat/app/src/main/java/me/rerere/rikkahub/ui/components/ui/TagList.kt:42:27 Unresolved reference 'R'.
e: file:///D:/a13/orangechat/app/src/main/java/me/rerere/rikkahub/ui/components/ui/TagList.kt:93:53 Unresolved reference 'R'.
e: file:///D:/a13/orangechat/app/src/main/java/me/rerere/rikkahub/ui/components/ui/TagList.kt:115:33 Unresolved reference 'R'.
e: file:///D:/a13/orangechat/app/src/main/java/me/rerere/rikkahub/ui/components/ui/TagList.kt:121:47 Unresolved reference 'R'.
e: file:///D:/a13/orangechat/app/src/main/java/me/rerere/rikkahub/ui/components/ui/TagList.kt:148:47 Unresolved reference 'R'.
e: file:///D:/a13/orangechat/app/src/main/java/me/rerere/rikkahub/ui/components/ui/TagList.kt:163:51 Unresolved reference 'R'.
e: file:///D:/a13/orangechat/app/src/main/java/me/rerere/rikkahub/ui/components/ui/TagList.kt:164:57 Unresolved reference 'R'.
e: file:///D:/a13/orangechat/app/src/main/java/me/rerere/rikkahub/ui/components/ui/TagList.kt:174:47 Unresolved reference 'R'.
e: file:///D:/a13/orangechat/app/src/main/java/me/rerere/rikkahub/ui/components/ui/TagList.kt:202:37 Unresolved reference 'R'.
e: file:///D:/a13/orangechat/app/src/main/java/me/rerere/rikkahub/ui/components/ui/TagList.kt:211:37 Unresolved reference 'R'.
e: file:///D:/a13/orangechat/app/src/main/java/me/rerere/rikkahub/ui/components/ui/TextArea.kt:55:27 Unresolved reference 'R'.
e: file:///D:/a13/orangechat/app/src/main/java/me/rerere/rikkahub/ui/components/ui/TextArea.kt:105:52 Unresolved reference 'R'.
e: file:///D:/a13/orangechat/app/src/main/java/me/rerere/rikkahub/ui/components/ui/TextArea.kt:108:71 Unresolved reference 'R'.
e: file:///D:/a13/orangechat/app/src/main/java/me/rerere/rikkahub/ui/components/ui/TextArea.kt:143:65 Unresolved reference 'R'.
e: file:///D:/a13/orangechat/app/src/main/java/me/rerere/rikkahub/ui/components/ui/TextArea.kt:154:61 Unresolved reference 'R'.
e: file:///D:/a13/orangechat/app/src/main/java/me/rerere/rikkahub/ui/components/ui/TextArea.kt:234:49 Unresolved reference 'R'.
e: file:///D:/a13/orangechat/app/src/main/java/me/rerere/rikkahub/ui/components/ui/UIAvatar.kt:51:27 Unresolved reference 'R'.
e: file:///D:/a13/orangechat/app/src/main/java/me/rerere/rikkahub/ui/components/ui/UIAvatar.kt:170:59 Unresolved reference 'R'.
e: file:///D:/a13/orangechat/app/src/main/java/me/rerere/rikkahub/ui/components/ui/UIAvatar.kt:209:49 Unresolved reference 'R'.
e: file:///D:/a13/orangechat/app/src/main/java/me/rerere/rikkahub/ui/components/ui/UIAvatar.kt:222:57 Unresolved reference 'R'.
e: file:///D:/a13/orangechat/app/src/main/java/me/rerere/rikkahub/ui/components/ui/UIAvatar.kt:231:57 Unresolved reference 'R'.
e: file:///D:/a13/orangechat/app/src/main/java/me/rerere/rikkahub/ui/components/ui/UIAvatar.kt:241:57 Unresolved reference 'R'.
e: file:///D:/a13/orangechat/app/src/main/java/me/rerere/rikkahub/ui/components/ui/UIAvatar.kt:250:57 Unresolved reference 'R'.
e: file:///D:/a13/orangechat/app/src/main/java/me/rerere/rikkahub/ui/components/ui/UIAvatar.kt:260:46 Unresolved reference 'R'.
e: file:///D:/a13/orangechat/app/src/main/java/me/rerere/rikkahub/ui/components/ui/UIAvatar.kt:272:49 Unresolved reference 'R'.
e: file:///D:/a13/orangechat/app/src/main/java/me/rerere/rikkahub/ui/components/ui/UIAvatar.kt:278:56 Unresolved reference 'R'.
e: file:///D:/a13/orangechat/app/src/main/java/me/rerere/rikkahub/ui/components/ui/UIAvatar.kt:292:46 Unresolved reference 'R'.
e: file:///D:/a13/orangechat/app/src/main/java/me/rerere/rikkahub/ui/components/ui/UIAvatar.kt:301:46 Unresolved reference 'R'.
e: file:///D:/a13/orangechat/app/src/main/java/me/rerere/rikkahub/ui/components/ui/UpdateCard.kt:43:27 Unresolved reference 'BuildConfig'.
e: file:///D:/a13/orangechat/app/src/main/java/me/rerere/rikkahub/ui/components/ui/UpdateCard.kt:44:27 Unresolved reference 'R'.
e: file:///D:/a13/orangechat/app/src/main/java/me/rerere/rikkahub/ui/components/ui/UpdateCard.kt:73:43 Unresolved reference 'R'.
e: file:///D:/a13/orangechat/app/src/main/java/me/rerere/rikkahub/ui/components/ui/UpdateCard.kt:78:57 Unresolved reference 'R'.
e: file:///D:/a13/orangechat/app/src/main/java/me/rerere/rikkahub/ui/components/ui/UpdateCard.kt:88:42 Unresolved reference 'BuildConfig'.
e: file:///D:/a13/orangechat/app/src/main/java/me/rerere/rikkahub/ui/components/ui/UpdateCard.kt:108:51 Unresolved reference 'R'.
e: file:///D:/a13/orangechat/app/src/main/java/me/rerere/rikkahub/ui/components/ui/UpdateCard.kt:116:69 Unresolved reference 'R'.
e: file:///D:/a13/orangechat/app/src/main/java/me/rerere/rikkahub/ui/components/ui/UpdateCard.kt:133:48 Unresolved reference 'R'.
e: file:///D:/a13/orangechat/app/src/main/java/me/rerere/rikkahub/ui/components/ui/permission/PermissionRationaleDialog.kt:39:27 Unresolved reference 'R'.
e: file:///D:/a13/orangechat/app/src/main/java/me/rerere/rikkahub/ui/components/ui/permission/PermissionRationaleDialog.kt:84:43 Unresolved reference 'R'.
e: file:///D:/a13/orangechat/app/src/main/java/me/rerere/rikkahub/ui/components/ui/permission/PermissionRationaleDialog.kt:95:40 Unresolved reference 'R'.
e: file:///D:/a13/orangechat/app/src/main/java/me/rerere/rikkahub/ui/components/ui/permission/PermissionRationaleDialog.kt:97:40 Unresolved reference 'R'.
e: file:///D:/a13/orangechat/app/src/main/java/me/rerere/rikkahub/ui/components/ui/permission/PermissionRationaleDialog.kt:133:49 Unresolved reference 'R'.
e: file:///D:/a13/orangechat/app/src/main/java/me/rerere/rikkahub/ui/components/ui/permission/PermissionRationaleDialog.kt:140:49 Unresolved reference 'R'.
e: file:///D:/a13/orangechat/app/src/main/java/me/rerere/rikkahub/ui/components/ui/permission/PermissionRationaleDialog.kt:153:49 Unresolved reference 'R'.
e: file:///D:/a13/orangechat/app/src/main/java/me/rerere/rikkahub/ui/components/ui/permission/PermissionRationaleDialog.kt:160:49 Unresolved reference 'R'.
e: file:///D:/a13/orangechat/app/src/main/java/me/rerere/rikkahub/ui/components/ui/permission/PermissionRationaleDialog.kt:211:55 Unresolved reference 'R'.
e: file:///D:/a13/orangechat/app/src/main/java/me/rerere/rikkahub/ui/components/ui/permission/PermissionRationaleDialog.kt:227:55 Unresolved reference 'R'.
e: file:///D:/a13/orangechat/app/src/main/java/me/rerere/rikkahub/ui/components/ui/permission/PermissionTypes.kt:15:27 Unresolved reference 'R'.
e: file:///D:/a13/orangechat/app/src/main/java/me/rerere/rikkahub/ui/components/ui/permission/PermissionTypes.kt:64:41 Unresolved reference 'R'.
e: file:///D:/a13/orangechat/app/src/main/java/me/rerere/rikkahub/ui/components/ui/permission/PermissionTypes.kt:65:35 Unresolved reference 'R'.
e: file:///D:/a13/orangechat/app/src/main/java/me/rerere/rikkahub/ui/components/ui/permission/PermissionTypes.kt:71:41 Unresolved reference 'R'.
e: file:///D:/a13/orangechat/app/src/main/java/me/rerere/rikkahub/ui/components/ui/permission/PermissionTypes.kt:72:35 Unresolved reference 'R'.
e: file:///D:/a13/orangechat/app/src/main/java/me/rerere/rikkahub/ui/components/ui/permission/PermissionTypes.kt:79:41 Unresolved reference 'R'.
e: file:///D:/a13/orangechat/app/src/main/java/me/rerere/rikkahub/ui/components/ui/permission/PermissionTypes.kt:80:35 Unresolved reference 'R'.
e: file:///D:/a13/orangechat/app/src/main/java/me/rerere/rikkahub/ui/components/ui/permission/PermissionTypes.kt:87:41 Unresolved reference 'R'.
e: file:///D:/a13/orangechat/app/src/main/java/me/rerere/rikkahub/ui/components/ui/permission/PermissionTypes.kt:88:35 Unresolved reference 'R'.
e: file:///D:/a13/orangechat/app/src/main/java/me/rerere/rikkahub/ui/pages/assistant/AssistantPage.kt:66:27 Unresolved reference 'R'.
e: file:///D:/a13/orangechat/app/src/main/java/me/rerere/rikkahub/ui/pages/assistant/AssistantPage.kt:122:41 Unresolved reference 'R'.
e: file:///D:/a13/orangechat/app/src/main/java/me/rerere/rikkahub/ui/pages/assistant/AssistantPage.kt:132:62 Unresolved reference 'R'.
e: file:///D:/a13/orangechat/app/src/main/java/me/rerere/rikkahub/ui/pages/assistant/AssistantPage.kt:169:53 Unresolved reference 'R'.
e: file:///D:/a13/orangechat/app/src/main/java/me/rerere/rikkahub/ui/pages/assistant/AssistantPage.kt:353:49 Unresolved reference 'R'.
e: file:///D:/a13/orangechat/app/src/main/java/me/rerere/rikkahub/ui/pages/assistant/AssistantPage.kt:383:45 Unresolved reference 'R'.
e: file:///D:/a13/orangechat/app/src/main/java/me/rerere/rikkahub/ui/pages/assistant/AssistantPage.kt:389:45 Unresolved reference 'R'.
e: file:///D:/a13/orangechat/app/src/main/java/me/rerere/rikkahub/ui/pages/assistant/AssistantPage.kt:421:64 Unresolved reference 'R'.
e: file:///D:/a13/orangechat/app/src/main/java/me/rerere/rikkahub/ui/pages/assistant/AssistantPage.kt:434:68 Unresolved reference 'R'.
e: file:///D:/a13/orangechat/app/src/main/java/me/rerere/rikkahub/ui/pages/assistant/AssistantPage.kt:446:49 Unresolved reference 'R'.
e: file:///D:/a13/orangechat/app/src/main/java/me/rerere/rikkahub/ui/pages/assistant/AssistantPage.kt:481:57 Unresolved reference 'R'.
e: file:///D:/a13/orangechat/app/src/main/java/me/rerere/rikkahub/ui/pages/assistant/AssistantPage.kt:514:68 Unresolved reference 'R'.
e: file:///D:/a13/orangechat/app/src/main/java/me/rerere/rikkahub/ui/pages/assistant/AssistantPage.kt:519:68 Unresolved reference 'R'.
e: file:///D:/a13/orangechat/app/src/main/java/me/rerere/rikkahub/ui/pages/assistant/AssistantPage.kt:528:57 Unresolved reference 'R'.
e: file:///D:/a13/orangechat/app/src/main/java/me/rerere/rikkahub/ui/pages/assistant/AssistantPage.kt:545:44 Unresolved reference 'R'.
e: file:///D:/a13/orangechat/app/src/main/java/me/rerere/rikkahub/ui/pages/assistant/AssistantPage.kt:566:43 Unresolved reference 'R'.
e: file:///D:/a13/orangechat/app/src/main/java/me/rerere/rikkahub/ui/pages/assistant/AssistantPage.kt:567:42 Unresolved reference 'R'.
e: file:///D:/a13/orangechat/app/src/main/java/me/rerere/rikkahub/ui/pages/assistant/AssistantPage.kt:574:41 Unresolved reference 'R'.
e: file:///D:/a13/orangechat/app/src/main/java/me/rerere/rikkahub/ui/pages/assistant/AssistantPage.kt:579:41 Unresolved reference 'R'.
e: file:///D:/a13/orangechat/app/src/main/java/me/rerere/rikkahub/ui/pages/assistant/detail/AssistantBasicPage.kt:44:27 Unresolved reference 'R'.
e: file:///D:/a13/orangechat/app/src/main/java/me/rerere/rikkahub/ui/pages/assistant/detail/AssistantBasicPage.kt:80:41 Unresolved reference 'R'.
e: file:///D:/a13/orangechat/app/src/main/java/me/rerere/rikkahub/ui/pages/assistant/detail/AssistantBasicPage.kt:131:64 Unresolved reference 'R'.
e: file:///D:/a13/orangechat/app/src/main/java/me/rerere/rikkahub/ui/pages/assistant/detail/AssistantBasicPage.kt:150:41 Unresolved reference 'R'.
e: file:///D:/a13/orangechat/app/src/main/java/me/rerere/rikkahub/ui/pages/assistant/detail/AssistantBasicPage.kt:172:41 Unresolved reference 'R'.
e: file:///D:/a13/orangechat/app/src/main/java/me/rerere/rikkahub/ui/pages/assistant/detail/AssistantBasicPage.kt:189:41 Unresolved reference 'R'.
e: file:///D:/a13/orangechat/app/src/main/java/me/rerere/rikkahub/ui/pages/assistant/detail/AssistantBasicPage.kt:192:41 Unresolved reference 'R'.
e: file:///D:/a13/orangechat/app/src/main/java/me/rerere/rikkahub/ui/pages/assistant/detail/AssistantBasicPage.kt:207:67 Unresolved reference 'R'.
e: file:///D:/a13/orangechat/app/src/main/java/me/rerere/rikkahub/ui/pages/assistant/detail/AssistantBasicPage.kt:217:41 Unresolved reference 'R'.
e: file:///D:/a13/orangechat/app/src/main/java/me/rerere/rikkahub/ui/pages/assistant/detail/AssistantBasicPage.kt:220:41 Unresolved reference 'R'.
e: file:///D:/a13/orangechat/app/src/main/java/me/rerere/rikkahub/ui/pages/assistant/detail/AssistantBasicPage.kt:241:41 Unresolved reference 'R'.
e: file:///D:/a13/orangechat/app/src/main/java/me/rerere/rikkahub/ui/pages/assistant/detail/AssistantBasicPage.kt:244:41 Unresolved reference 'R'.
e: file:///D:/a13/orangechat/app/src/main/java/me/rerere/rikkahub/ui/pages/assistant/detail/AssistantBasicPage.kt:263:41 Unresolved reference 'R'.
e: file:///D:/a13/orangechat/app/src/main/java/me/rerere/rikkahub/ui/pages/assistant/detail/AssistantBasicPage.kt:266:41 Unresolved reference 'R'.
e: file:///D:/a13/orangechat/app/src/main/java/me/rerere/rikkahub/ui/pages/assistant/detail/AssistantBasicPage.kt:289:41 Unresolved reference 'R'.
e: file:///D:/a13/orangechat/app/src/main/java/me/rerere/rikkahub/ui/pages/assistant/detail/AssistantBasicPage.kt:292:41 Unresolved reference 'R'.
e: file:///D:/a13/orangechat/app/src/main/java/me/rerere/rikkahub/ui/pages/assistant/detail/AssistantBasicPage.kt:313:41 Unresolved reference 'R'.
e: file:///D:/a13/orangechat/app/src/main/java/me/rerere/rikkahub/ui/pages/assistant/detail/AssistantBasicPage.kt:318:51 Unresolved reference 'R'.
e: file:///D:/a13/orangechat/app/src/main/java/me/rerere/rikkahub/ui/pages/assistant/detail/AssistantBasicPage.kt:366:41 Unresolved reference 'R'.
e: file:///D:/a13/orangechat/app/src/main/java/me/rerere/rikkahub/ui/pages/assistant/detail/AssistantBasicPage.kt:371:51 Unresolved reference 'R'.
e: file:///D:/a13/orangechat/app/src/main/java/me/rerere/rikkahub/ui/pages/assistant/detail/AssistantBasicPage.kt:419:41 Unresolved reference 'R'.
e: file:///D:/a13/orangechat/app/src/main/java/me/rerere/rikkahub/ui/pages/assistant/detail/AssistantBasicPage.kt:423:47 Unresolved reference 'R'.
e: file:///D:/a13/orangechat/app/src/main/java/me/rerere/rikkahub/ui/pages/assistant/detail/AssistantBasicPage.kt:443:25 Unresolved reference 'R'.
e: file:///D:/a13/orangechat/app/src/main/java/me/rerere/rikkahub/ui/pages/assistant/detail/AssistantBasicPage.kt:445:43 Unresolved reference 'R'.
e: file:///D:/a13/orangechat/app/src/main/java/me/rerere/rikkahub/ui/pages/assistant/detail/AssistantBasicPage.kt:454:41 Unresolved reference 'R'.
e: file:///D:/a13/orangechat/app/src/main/java/me/rerere/rikkahub/ui/pages/assistant/detail/AssistantBasicPage.kt:457:41 Unresolved reference 'R'.
e: file:///D:/a13/orangechat/app/src/main/java/me/rerere/rikkahub/ui/pages/assistant/detail/AssistantBasicPage.kt:476:41 Unresolved reference 'R'.
e: file:///D:/a13/orangechat/app/src/main/java/me/rerere/rikkahub/ui/pages/assistant/detail/AssistantBasicPage.kt:490:41 Unresolved reference 'R'.
e: file:///D:/a13/orangechat/app/src/main/java/me/rerere/rikkahub/ui/pages/assistant/detail/AssistantBasicPage.kt:493:41 Unresolved reference 'R'.
e: file:///D:/a13/orangechat/app/src/main/java/me/rerere/rikkahub/ui/pages/assistant/detail/AssistantBasicPage.kt:512:45 Unresolved reference 'R'.
e: file:///D:/a13/orangechat/app/src/main/java/me/rerere/rikkahub/ui/pages/assistant/detail/AssistantBasicPage.kt:516:49 Unresolved reference 'R'.
e: file:///D:/a13/orangechat/app/src/main/java/me/rerere/rikkahub/ui/pages/assistant/detail/AssistantBasicPage.kt:518:49 Unresolved reference 'R'.
e: file:///D:/a13/orangechat/app/src/main/java/me/rerere/rikkahub/ui/pages/assistant/detail/AssistantBasicPage.kt:547:45 Unresolved reference 'R'.
e: file:///D:/a13/orangechat/app/src/main/java/me/rerere/rikkahub/ui/pages/assistant/detail/AssistantBasicPage.kt:550:45 Unresolved reference 'R'.
e: file:///D:/a13/orangechat/app/src/main/java/me/rerere/rikkahub/ui/pages/assistant/detail/AssistantBasicPage.kt:568:29 Unresolved reference 'R'.
e: file:///D:/a13/orangechat/app/src/main/java/me/rerere/rikkahub/ui/pages/assistant/detail/AssistantDetailPage.kt:41:27 Unresolved reference 'R'.
e: file:///D:/a13/orangechat/app/src/main/java/me/rerere/rikkahub/ui/pages/assistant/detail/AssistantDetailPage.kt:71:44 Unresolved reference 'R'.
e: file:///D:/a13/orangechat/app/src/main/java/me/rerere/rikkahub/ui/pages/assistant/detail/AssistantDetailPage.kt:105:67 Unresolved reference 'R'.
e: file:///D:/a13/orangechat/app/src/main/java/me/rerere/rikkahub/ui/pages/assistant/detail/AssistantDetailPage.kt:106:65 Unresolved reference 'R'.
e: file:///D:/a13/orangechat/app/src/main/java/me/rerere/rikkahub/ui/pages/assistant/detail/AssistantDetailPage.kt:112:67 Unresolved reference 'R'.
e: file:///D:/a13/orangechat/app/src/main/java/me/rerere/rikkahub/ui/pages/assistant/detail/AssistantDetailPage.kt:113:65 Unresolved reference 'R'.
e: file:///D:/a13/orangechat/app/src/main/java/me/rerere/rikkahub/ui/pages/assistant/detail/AssistantDetailPage.kt:119:67 Unresolved reference 'R'.
e: file:///D:/a13/orangechat/app/src/main/java/me/rerere/rikkahub/ui/pages/assistant/detail/AssistantDetailPage.kt:120:65 Unresolved reference 'R'.
e: file:///D:/a13/orangechat/app/src/main/java/me/rerere/rikkahub/ui/pages/assistant/detail/AssistantDetailPage.kt:126:67 Unresolved reference 'R'.
e: file:///D:/a13/orangechat/app/src/main/java/me/rerere/rikkahub/ui/pages/assistant/detail/AssistantDetailPage.kt:127:65 Unresolved reference 'R'.
e: file:///D:/a13/orangechat/app/src/main/java/me/rerere/rikkahub/ui/pages/assistant/detail/AssistantDetailPage.kt:133:67 Unresolved reference 'R'.
e: file:///D:/a13/orangechat/app/src/main/java/me/rerere/rikkahub/ui/pages/assistant/detail/AssistantDetailPage.kt:134:65 Unresolved reference 'R'.
e: file:///D:/a13/orangechat/app/src/main/java/me/rerere/rikkahub/ui/pages/assistant/detail/AssistantDetailPage.kt:140:67 Unresolved reference 'R'.
e: file:///D:/a13/orangechat/app/src/main/java/me/rerere/rikkahub/ui/pages/assistant/detail/AssistantDetailPage.kt:141:65 Unresolved reference 'R'.
e: file:///D:/a13/orangechat/app/src/main/java/me/rerere/rikkahub/ui/pages/assistant/detail/AssistantDetailPage.kt:147:67 Unresolved reference 'R'.
e: file:///D:/a13/orangechat/app/src/main/java/me/rerere/rikkahub/ui/pages/assistant/detail/AssistantDetailPage.kt:148:65 Unresolved reference 'R'.
e: file:///D:/a13/orangechat/app/src/main/java/me/rerere/rikkahub/ui/pages/assistant/detail/AssistantDetailPage.kt:169:60 Unresolved reference 'R'.
e: file:///D:/a13/orangechat/app/src/main/java/me/rerere/rikkahub/ui/pages/assistant/detail/AssistantDetailPage.kt:177:60 Unresolved reference 'R'.
e: file:///D:/a13/orangechat/app/src/main/java/me/rerere/rikkahub/ui/pages/assistant/detail/AssistantExtensionsPage.kt:30:27 Unresolved reference 'R'.
e: file:///D:/a13/orangechat/app/src/main/java/me/rerere/rikkahub/ui/pages/assistant/detail/AssistantExtensionsPage.kt:58:47 Unresolved reference 'R'.
e: file:///D:/a13/orangechat/app/src/main/java/me/rerere/rikkahub/ui/pages/assistant/detail/AssistantExtensionsPage.kt:79:50 Unresolved reference 'R'.
e: file:///D:/a13/orangechat/app/src/main/java/me/rerere/rikkahub/ui/pages/assistant/detail/AssistantExtensionsPage.kt:84:50 Unresolved reference 'R'.
e: file:///D:/a13/orangechat/app/src/main/java/me/rerere/rikkahub/ui/pages/assistant/detail/AssistantExtensionsPage.kt:89:50 Unresolved reference 'R'.
e: file:///D:/a13/orangechat/app/src/main/java/me/rerere/rikkahub/ui/pages/assistant/detail/AssistantExtensionsPage.kt:94:50 Unresolved reference 'R'.
e: file:///D:/a13/orangechat/app/src/main/java/me/rerere/rikkahub/ui/pages/assistant/detail/AssistantExtensionsPage.kt:108:58 Unresolved reference 'R'.
e: file:///D:/a13/orangechat/app/src/main/java/me/rerere/rikkahub/ui/pages/assistant/detail/AssistantExtensionsPage.kt:109:61 Unresolved reference 'R'.
e: file:///D:/a13/orangechat/app/src/main/java/me/rerere/rikkahub/ui/pages/assistant/detail/AssistantExtensionsPage.kt:128:57 Unresolved reference 'R'.
e: file:///D:/a13/orangechat/app/src/main/java/me/rerere/rikkahub/ui/pages/assistant/detail/AssistantExtensionsPage.kt:137:58 Unresolved reference 'R'.
e: file:///D:/a13/orangechat/app/src/main/java/me/rerere/rikkahub/ui/pages/assistant/detail/AssistantExtensionsPage.kt:138:61 Unresolved reference 'R'.
e: file:///D:/a13/orangechat/app/src/main/java/me/rerere/rikkahub/ui/pages/assistant/detail/AssistantExtensionsPage.kt:157:57 Unresolved reference 'R'.
e: file:///D:/a13/orangechat/app/src/main/java/me/rerere/rikkahub/ui/pages/assistant/detail/AssistantExtensionsPage.kt:166:58 Unresolved reference 'R'.
e: file:///D:/a13/orangechat/app/src/main/java/me/rerere/rikkahub/ui/pages/assistant/detail/AssistantExtensionsPage.kt:167:61 Unresolved reference 'R'.
e: file:///D:/a13/orangechat/app/src/main/java/me/rerere/rikkahub/ui/pages/assistant/detail/AssistantExtensionsPage.kt:186:57 Unresolved reference 'R'.
e: file:///D:/a13/orangechat/app/src/main/java/me/rerere/rikkahub/ui/pages/assistant/detail/AssistantExtensionsPage.kt:195:58 Unresolved reference 'R'.
e: file:///D:/a13/orangechat/app/src/main/java/me/rerere/rikkahub/ui/pages/assistant/detail/AssistantExtensionsPage.kt:196:61 Unresolved reference 'R'.
e: file:///D:/a13/orangechat/app/src/main/java/me/rerere/rikkahub/ui/pages/assistant/detail/AssistantExtensionsPage.kt:215:57 Unresolved reference 'R'.
e: file:///D:/a13/orangechat/app/src/main/java/me/rerere/rikkahub/ui/pages/assistant/detail/AssistantImporter.kt:51:27 Unresolved reference 'R'.
e: file:///D:/a13/orangechat/app/src/main/java/me/rerere/rikkahub/ui/pages/assistant/detail/AssistantImporter.kt:95:77 Unresolved reference 'R'.
e: file:///D:/a13/orangechat/app/src/main/java/me/rerere/rikkahub/ui/pages/assistant/detail/AssistantImporter.kt:121:77 Unresolved reference 'R'.
e: file:///D:/a13/orangechat/app/src/main/java/me/rerere/rikkahub/ui/pages/assistant/detail/AssistantImporter.kt:140:55 Unresolved reference 'R'.
e: file:///D:/a13/orangechat/app/src/main/java/me/rerere/rikkahub/ui/pages/assistant/detail/AssistantImporter.kt:140:114 Unresolved reference 'R'.
e: file:///D:/a13/orangechat/app/src/main/java/me/rerere/rikkahub/ui/pages/assistant/detail/AssistantImporter.kt:150:55 Unresolved reference 'R'.
e: file:///D:/a13/orangechat/app/src/main/java/me/rerere/rikkahub/ui/pages/assistant/detail/AssistantImporter.kt:150:114 Unresolved reference 'R'.
e: file:///D:/a13/orangechat/app/src/main/java/me/rerere/rikkahub/ui/pages/assistant/detail/AssistantImporter.kt:166:72 Unresolved reference 'R'.
e: file:///D:/a13/orangechat/app/src/main/java/me/rerere/rikkahub/ui/pages/assistant/detail/AssistantImporter.kt:168:40 Unresolved reference 'R'.
e: file:///D:/a13/orangechat/app/src/main/java/me/rerere/rikkahub/ui/pages/assistant/detail/AssistantImporter.kt:205:72 Unresolved reference 'R'.
e: file:///D:/a13/orangechat/app/src/main/java/me/rerere/rikkahub/ui/pages/assistant/detail/AssistantImporter.kt:206:96 Unresolved reference 'R'.
e: file:///D:/a13/orangechat/app/src/main/java/me/rerere/rikkahub/ui/pages/assistant/detail/AssistantImporter.kt:250:36 Unresolved reference 'R'.
e: file:///D:/a13/orangechat/app/src/main/java/me/rerere/rikkahub/ui/pages/assistant/detail/AssistantImporter.kt:251:66 Unresolved reference 'R'.
e: file:///D:/a13/orangechat/app/src/main/java/me/rerere/rikkahub/ui/pages/assistant/detail/AssistantImporter.kt:280:52 Unresolved reference 'R'.
e: file:///D:/a13/orangechat/app/src/main/java/me/rerere/rikkahub/ui/pages/assistant/detail/AssistantImporter.kt:284:49 Unresolved reference 'R'.
e: file:///D:/a13/orangechat/app/src/main/java/me/rerere/rikkahub/ui/pages/assistant/detail/AssistantImporter.kt:293:62 Unresolved reference 'R'.
e: file:///D:/a13/orangechat/app/src/main/java/me/rerere/rikkahub/ui/pages/assistant/detail/AssistantLocalToolPage.kt:31:27 Unresolved reference 'R'.
e: file:///D:/a13/orangechat/app/src/main/java/me/rerere/rikkahub/ui/pages/assistant/detail/AssistantLocalToolPage.kt:54:41 Unresolved reference 'R'.
e: file:///D:/a13/orangechat/app/src/main/java/me/rerere/rikkahub/ui/pages/assistant/detail/AssistantLocalToolPage.kt:100:41 Unresolved reference 'R'.
e: file:///D:/a13/orangechat/app/src/main/java/me/rerere/rikkahub/ui/pages/assistant/detail/AssistantLocalToolPage.kt:103:41 Unresolved reference 'R'.
e: file:///D:/a13/orangechat/app/src/main/java/me/rerere/rikkahub/ui/pages/assistant/detail/AssistantLocalToolPage.kt:114:41 Unresolved reference 'R'.
e: file:///D:/a13/orangechat/app/src/main/java/me/rerere/rikkahub/ui/pages/assistant/detail/AssistantLocalToolPage.kt:117:41 Unresolved reference 'R'.
e: file:///D:/a13/orangechat/app/src/main/java/me/rerere/rikkahub/ui/pages/assistant/detail/AssistantLocalToolPage.kt:128:41 Unresolved reference 'R'.
e: file:///D:/a13/orangechat/app/src/main/java/me/rerere/rikkahub/ui/pages/assistant/detail/AssistantLocalToolPage.kt:131:41 Unresolved reference 'R'.
e: file:///D:/a13/orangechat/app/src/main/java/me/rerere/rikkahub/ui/pages/assistant/detail/AssistantLocalToolPage.kt:142:41 Unresolved reference 'R'.
e: file:///D:/a13/orangechat/app/src/main/java/me/rerere/rikkahub/ui/pages/assistant/detail/AssistantLocalToolPage.kt:145:41 Unresolved reference 'R'.
e: file:///D:/a13/orangechat/app/src/main/java/me/rerere/rikkahub/ui/pages/assistant/detail/AssistantLocalToolPage.kt:166:41 Unresolved reference 'R'.
e: file:///D:/a13/orangechat/app/src/main/java/me/rerere/rikkahub/ui/pages/assistant/detail/AssistantLocalToolPage.kt:169:41 Unresolved reference 'R'.
e: file:///D:/a13/orangechat/app/src/main/java/me/rerere/rikkahub/ui/pages/assistant/detail/AssistantMcpPage.kt:20:27 Unresolved reference 'R'.
e: file:///D:/a13/orangechat/app/src/main/java/me/rerere/rikkahub/ui/pages/assistant/detail/AssistantMcpPage.kt:40:41 Unresolved reference 'R'.
e: file:///D:/a13/orangechat/app/src/main/java/me/rerere/rikkahub/ui/pages/assistant/detail/AssistantMemoryPage.kt:55:27 Unresolved reference 'R'.
e: file:///D:/a13/orangechat/app/src/main/java/me/rerere/rikkahub/ui/pages/assistant/detail/AssistantMemoryPage.kt:85:41 Unresolved reference 'R'.
e: file:///D:/a13/orangechat/app/src/main/java/me/rerere/rikkahub/ui/pages/assistant/detail/AssistantMemoryPage.kt:140:37 Unresolved reference 'R'.
e: file:///D:/a13/orangechat/app/src/main/java/me/rerere/rikkahub/ui/pages/assistant/detail/AssistantMemoryPage.kt:149:45 Unresolved reference 'R'.
e: file:///D:/a13/orangechat/app/src/main/java/me/rerere/rikkahub/ui/pages/assistant/detail/AssistantMemoryPage.kt:161:41 Unresolved reference 'R'.
e: file:///D:/a13/orangechat/app/src/main/java/me/rerere/rikkahub/ui/pages/assistant/detail/AssistantMemoryPage.kt:170:41 Unresolved reference 'R'.
e: file:///D:/a13/orangechat/app/src/main/java/me/rerere/rikkahub/ui/pages/assistant/detail/AssistantMemoryPage.kt:186:57 Unresolved reference 'R'.
e: file:///D:/a13/orangechat/app/src/main/java/me/rerere/rikkahub/ui/pages/assistant/detail/AssistantMemoryPage.kt:189:47 Unresolved reference 'R'.
e: file:///D:/a13/orangechat/app/src/main/java/me/rerere/rikkahub/ui/pages/assistant/detail/AssistantMemoryPage.kt:206:57 Unresolved reference 'R'.
e: file:///D:/a13/orangechat/app/src/main/java/me/rerere/rikkahub/ui/pages/assistant/detail/AssistantMemoryPage.kt:209:47 Unresolved reference 'R'.
e: file:///D:/a13/orangechat/app/src/main/java/me/rerere/rikkahub/ui/pages/assistant/detail/AssistantMemoryPage.kt:227:57 Unresolved reference 'R'.
e: file:///D:/a13/orangechat/app/src/main/java/me/rerere/rikkahub/ui/pages/assistant/detail/AssistantMemoryPage.kt:230:47 Unresolved reference 'R'.
e: file:///D:/a13/orangechat/app/src/main/java/me/rerere/rikkahub/ui/pages/assistant/detail/AssistantMemoryPage.kt:247:57 Unresolved reference 'R'.
e: file:///D:/a13/orangechat/app/src/main/java/me/rerere/rikkahub/ui/pages/assistant/detail/AssistantMemoryPage.kt:250:47 Unresolved reference 'R'.
e: file:///D:/a13/orangechat/app/src/main/java/me/rerere/rikkahub/ui/pages/assistant/detail/AssistantMemoryPage.kt:288:39 Unresolved reference 'R'.
e: file:///D:/a13/orangechat/app/src/main/java/me/rerere/rikkahub/ui/pages/assistant/detail/AssistantMemoryPage.kt:325:32 Unresolved reference 'R'.
e: file:///D:/a13/orangechat/app/src/main/java/me/rerere/rikkahub/ui/pages/assistant/detail/AssistantMemoryPage.kt:326:38 Unresolved reference 'R'.
e: file:///D:/a13/orangechat/app/src/main/java/me/rerere/rikkahub/ui/pages/assistant/detail/AssistantMemoryPage.kt:327:38 Unresolved reference 'R'.
e: file:///D:/a13/orangechat/app/src/main/java/me/rerere/rikkahub/ui/pages/assistant/detail/AssistantMemoryPage.kt:467:36 Unresolved reference 'R'.
e: file:///D:/a13/orangechat/app/src/main/java/me/rerere/rikkahub/ui/pages/assistant/detail/AssistantPromptPage.kt:76:27 Unresolved reference 'R'.
e: file:///D:/a13/orangechat/app/src/main/java/me/rerere/rikkahub/ui/pages/assistant/detail/AssistantPromptPage.kt:118:41 Unresolved reference 'R'.
e: file:///D:/a13/orangechat/app/src/main/java/me/rerere/rikkahub/ui/pages/assistant/detail/AssistantPromptPage.kt:179:44 Unresolved reference 'R'.
e: file:///D:/a13/orangechat/app/src/main/java/me/rerere/rikkahub/ui/pages/assistant/detail/AssistantPromptPage.kt:186:47 Unresolved reference 'R'.
e: file:///D:/a13/orangechat/app/src/main/java/me/rerere/rikkahub/ui/pages/assistant/detail/AssistantPromptPage.kt:214:41 Unresolved reference 'R'.
e: file:///D:/a13/orangechat/app/src/main/java/me/rerere/rikkahub/ui/pages/assistant/detail/AssistantPromptPage.kt:217:41 Unresolved reference 'R'.
e: file:///D:/a13/orangechat/app/src/main/java/me/rerere/rikkahub/ui/pages/assistant/detail/AssistantPromptPage.kt:243:45 Unresolved reference 'R'.
e: file:///D:/a13/orangechat/app/src/main/java/me/rerere/rikkahub/ui/pages/assistant/detail/AssistantPromptPage.kt:274:51 Unresolved reference 'R'.
e: file:///D:/a13/orangechat/app/src/main/java/me/rerere/rikkahub/ui/pages/assistant/detail/AssistantPromptPage.kt:284:41 Unresolved reference 'R'.
e: file:///D:/a13/orangechat/app/src/main/java/me/rerere/rikkahub/ui/pages/assistant/detail/AssistantPromptPage.kt:286:47 Unresolved reference 'R'.
e: file:///D:/a13/orangechat/app/src/main/java/me/rerere/rikkahub/ui/pages/assistant/detail/AssistantPromptPage.kt:288:47 Unresolved reference 'R'.
e: file:///D:/a13/orangechat/app/src/main/java/me/rerere/rikkahub/ui/pages/assistant/detail/AssistantPromptPage.kt:294:47 Unresolved reference 'R'.
e: file:///D:/a13/orangechat/app/src/main/java/me/rerere/rikkahub/ui/pages/assistant/detail/AssistantPromptPage.kt:300:47 Unresolved reference 'R'.
e: file:///D:/a13/orangechat/app/src/main/java/me/rerere/rikkahub/ui/pages/assistant/detail/AssistantPromptPage.kt:306:47 Unresolved reference 'R'.
e: file:///D:/a13/orangechat/app/src/main/java/me/rerere/rikkahub/ui/pages/assistant/detail/AssistantPromptPage.kt:323:43 Unresolved reference 'R'.
e: file:///D:/a13/orangechat/app/src/main/java/me/rerere/rikkahub/ui/pages/assistant/detail/AssistantPromptPage.kt:379:41 Unresolved reference 'R'.
e: file:///D:/a13/orangechat/app/src/main/java/me/rerere/rikkahub/ui/pages/assistant/detail/AssistantPromptPage.kt:382:41 Unresolved reference 'R'.
e: file:///D:/a13/orangechat/app/src/main/java/me/rerere/rikkahub/ui/pages/assistant/detail/AssistantPromptPage.kt:481:41 Unresolved reference 'R'.
e: file:///D:/a13/orangechat/app/src/main/java/me/rerere/rikkahub/ui/pages/assistant/detail/AssistantPromptPage.kt:484:41 Unresolved reference 'R'.
e: file:///D:/a13/orangechat/app/src/main/java/me/rerere/rikkahub/ui/pages/assistant/detail/AssistantPromptPage.kt:595:51 Unresolved reference 'R'.
e: file:///D:/a13/orangechat/app/src/main/java/me/rerere/rikkahub/ui/pages/assistant/detail/AssistantPromptPage.kt:614:51 Unresolved reference 'R'.
e: file:///D:/a13/orangechat/app/src/main/java/me/rerere/rikkahub/ui/pages/assistant/detail/AssistantPromptPage.kt:634:51 Unresolved reference 'R'.
e: file:///D:/a13/orangechat/app/src/main/java/me/rerere/rikkahub/ui/pages/assistant/detail/AssistantPromptPage.kt:640:47 Unresolved reference 'R'.
e: file:///D:/a13/orangechat/app/src/main/java/me/rerere/rikkahub/ui/pages/assistant/detail/AssistantPromptPage.kt:702:47 Unresolved reference 'R'.
e: file:///D:/a13/orangechat/app/src/main/java/me/rerere/rikkahub/ui/pages/assistant/detail/AssistantPromptPage.kt:723:45 Unresolved reference 'R'.
e: file:///D:/a13/orangechat/app/src/main/java/me/rerere/rikkahub/ui/pages/assistant/detail/AssistantRequestPage.kt:28:27 Unresolved reference 'R'.
e: file:///D:/a13/orangechat/app/src/main/java/me/rerere/rikkahub/ui/pages/assistant/detail/AssistantRequestPage.kt:49:41 Unresolved reference 'R'.
e: file:///D:/a13/orangechat/app/src/main/java/me/rerere/rikkahub/ui/pages/assistant/detail/BackgroundPicker.kt:35:27 Unresolved reference 'R'.
e: file:///D:/a13/orangechat/app/src/main/java/me/rerere/rikkahub/ui/pages/assistant/detail/BackgroundPicker.kt:68:33 Unresolved reference 'R'.
e: file:///D:/a13/orangechat/app/src/main/java/me/rerere/rikkahub/ui/pages/assistant/detail/BackgroundPicker.kt:71:33 Unresolved reference 'R'.
e: file:///D:/a13/orangechat/app/src/main/java/me/rerere/rikkahub/ui/pages/assistant/detail/BackgroundPicker.kt:82:36 Unresolved reference 'R'.
e: file:///D:/a13/orangechat/app/src/main/java/me/rerere/rikkahub/ui/pages/assistant/detail/BackgroundPicker.kt:84:36 Unresolved reference 'R'.
e: file:///D:/a13/orangechat/app/src/main/java/me/rerere/rikkahub/ui/pages/assistant/detail/BackgroundPicker.kt:96:43 Unresolved reference 'R'.
e: file:///D:/a13/orangechat/app/src/main/java/me/rerere/rikkahub/ui/pages/assistant/detail/BackgroundPicker.kt:106:41 Unresolved reference 'R'.
e: file:///D:/a13/orangechat/app/src/main/java/me/rerere/rikkahub/ui/pages/assistant/detail/BackgroundPicker.kt:126:37 Unresolved reference 'R'.
e: file:///D:/a13/orangechat/app/src/main/java/me/rerere/rikkahub/ui/pages/assistant/detail/BackgroundPicker.kt:139:45 Unresolved reference 'R'.
e: file:///D:/a13/orangechat/app/src/main/java/me/rerere/rikkahub/ui/pages/assistant/detail/BackgroundPicker.kt:149:45 Unresolved reference 'R'.
e: file:///D:/a13/orangechat/app/src/main/java/me/rerere/rikkahub/ui/pages/assistant/detail/BackgroundPicker.kt:159:49 Unresolved reference 'R'.
e: file:///D:/a13/orangechat/app/src/main/java/me/rerere/rikkahub/ui/pages/assistant/detail/BackgroundPicker.kt:170:41 Unresolved reference 'R'.
e: file:///D:/a13/orangechat/app/src/main/java/me/rerere/rikkahub/ui/pages/assistant/detail/BackgroundPicker.kt:182:37 Unresolved reference 'R'.
e: file:///D:/a13/orangechat/app/src/main/java/me/rerere/rikkahub/ui/pages/assistant/detail/BackgroundPicker.kt:188:51 Unresolved reference 'R'.
e: file:///D:/a13/orangechat/app/src/main/java/me/rerere/rikkahub/ui/pages/assistant/detail/BackgroundPicker.kt:203:41 Unresolved reference 'R'.
e: file:///D:/a13/orangechat/app/src/main/java/me/rerere/rikkahub/ui/pages/assistant/detail/BackgroundPicker.kt:212:41 Unresolved reference 'R'.
e: file:///D:/a13/orangechat/app/src/main/java/me/rerere/rikkahub/ui/pages/assistant/detail/PropertyEditor.kt:40:27 Unresolved reference 'R'.
e: file:///D:/a13/orangechat/app/src/main/java/me/rerere/rikkahub/ui/pages/assistant/detail/PropertyEditor.kt:58:29 Unresolved reference 'R'.
e: file:///D:/a13/orangechat/app/src/main/java/me/rerere/rikkahub/ui/pages/assistant/detail/PropertyEditor.kt:80:63 Unresolved reference 'R'.
e: file:///D:/a13/orangechat/app/src/main/java/me/rerere/rikkahub/ui/pages/assistant/detail/PropertyEditor.kt:92:63 Unresolved reference 'R'.
e: file:///D:/a13/orangechat/app/src/main/java/me/rerere/rikkahub/ui/pages/assistant/detail/PropertyEditor.kt:105:69 Unresolved reference 'R'.
e: file:///D:/a13/orangechat/app/src/main/java/me/rerere/rikkahub/ui/pages/assistant/detail/PropertyEditor.kt:122:71 Unresolved reference 'R'.
e: file:///D:/a13/orangechat/app/src/main/java/me/rerere/rikkahub/ui/pages/assistant/detail/PropertyEditor.kt:124:33 Unresolved reference 'R'.
e: file:///D:/a13/orangechat/app/src/main/java/me/rerere/rikkahub/ui/pages/assistant/detail/PropertyEditor.kt:136:29 Unresolved reference 'R'.
e: file:///D:/a13/orangechat/app/src/main/java/me/rerere/rikkahub/ui/pages/assistant/detail/PropertyEditor.kt:161:63 Unresolved reference 'R'.
e: file:///D:/a13/orangechat/app/src/main/java/me/rerere/rikkahub/ui/pages/assistant/detail/PropertyEditor.kt:178:49 Unresolved reference 'R'.
e: file:///D:/a13/orangechat/app/src/main/java/me/rerere/rikkahub/ui/pages/assistant/detail/PropertyEditor.kt:183:63 Unresolved reference 'R'.
e: file:///D:/a13/orangechat/app/src/main/java/me/rerere/rikkahub/ui/pages/assistant/detail/PropertyEditor.kt:210:69 Unresolved reference 'R'.
e: file:///D:/a13/orangechat/app/src/main/java/me/rerere/rikkahub/ui/pages/assistant/detail/PropertyEditor.kt:227:71 Unresolved reference 'R'.
e: file:///D:/a13/orangechat/app/src/main/java/me/rerere/rikkahub/ui/pages/assistant/detail/PropertyEditor.kt:229:33 Unresolved reference 'R'.
e: file:///D:/a13/orangechat/app/src/main/java/me/rerere/rikkahub/ui/pages/backup/BackupPage.kt:33:27 Unresolved reference 'R'.
e: file:///D:/a13/orangechat/app/src/main/java/me/rerere/rikkahub/ui/pages/backup/BackupPage.kt:54:41 Unresolved reference 'R'.
e: file:///D:/a13/orangechat/app/src/main/java/me/rerere/rikkahub/ui/pages/backup/BackupPage.kt:79:50 Unresolved reference 'R'.
e: file:///D:/a13/orangechat/app/src/main/java/me/rerere/rikkahub/ui/pages/backup/BackupPage.kt:84:50 Unresolved reference 'R'.
e: file:///D:/a13/orangechat/app/src/main/java/me/rerere/rikkahub/ui/pages/backup/BackupPage.kt:89:50 Unresolved reference 'R'.
e: file:///D:/a13/orangechat/app/src/main/java/me/rerere/rikkahub/ui/pages/backup/BackupPage.kt:94:50 Unresolved reference 'R'.
e: file:///D:/a13/orangechat/app/src/main/java/me/rerere/rikkahub/ui/pages/backup/components/BackupDialog.kt:14:27 Unresolved reference 'R'.
e: file:///D:/a13/orangechat/app/src/main/java/me/rerere/rikkahub/ui/pages/backup/components/BackupDialog.kt:21:39 Unresolved reference 'R'.
e: file:///D:/a13/orangechat/app/src/main/java/me/rerere/rikkahub/ui/pages/backup/components/BackupDialog.kt:22:38 Unresolved reference 'R'.
e: file:///D:/a13/orangechat/app/src/main/java/me/rerere/rikkahub/ui/pages/backup/components/BackupDialog.kt:29:37 Unresolved reference 'R'.
e: file:///D:/a13/orangechat/app/src/main/java/me/rerere/rikkahub/ui/pages/backup/tabs/ImportExportTab.kt:34:27 Unresolved reference 'R'.
e: file:///D:/a13/orangechat/app/src/main/java/me/rerere/rikkahub/ui/pages/backup/tabs/ImportExportTab.kt:81:43 Unresolved reference 'R'.
e: file:///D:/a13/orangechat/app/src/main/java/me/rerere/rikkahub/ui/pages/backup/tabs/ImportExportTab.kt:87:43 Unresolved reference 'R'.
e: file:///D:/a13/orangechat/app/src/main/java/me/rerere/rikkahub/ui/pages/backup/tabs/ImportExportTab.kt:161:43 Unresolved reference 'R'.
e: file:///D:/a13/orangechat/app/src/main/java/me/rerere/rikkahub/ui/pages/backup/tabs/ImportExportTab.kt:168:43 Unresolved reference 'R'.
e: file:///D:/a13/orangechat/app/src/main/java/me/rerere/rikkahub/ui/pages/backup/tabs/ImportExportTab.kt:184:37 Unresolved reference 'R'.
e: file:///D:/a13/orangechat/app/src/main/java/me/rerere/rikkahub/ui/pages/backup/tabs/ImportExportTab.kt:198:61 Unresolved reference 'R'.
e: file:///D:/a13/orangechat/app/src/main/java/me/rerere/rikkahub/ui/pages/backup/tabs/ImportExportTab.kt:202:48 Unresolved reference 'R'.
e: file:///D:/a13/orangechat/app/src/main/java/me/rerere/rikkahub/ui/pages/backup/tabs/ImportExportTab.kt:204:48 Unresolved reference 'R'.
e: file:///D:/a13/orangechat/app/src/main/java/me/rerere/rikkahub/ui/pages/backup/tabs/ImportExportTab.kt:224:61 Unresolved reference 'R'.
e: file:///D:/a13/orangechat/app/src/main/java/me/rerere/rikkahub/ui/pages/backup/tabs/ImportExportTab.kt:228:48 Unresolved reference 'R'.
e: file:///D:/a13/orangechat/app/src/main/java/me/rerere/rikkahub/ui/pages/backup/tabs/ImportExportTab.kt:230:48 Unresolved reference 'R'.
e: file:///D:/a13/orangechat/app/src/main/java/me/rerere/rikkahub/ui/pages/backup/tabs/ImportExportTab.kt:247:37 Unresolved reference 'R'.
e: file:///D:/a13/orangechat/app/src/main/java/me/rerere/rikkahub/ui/pages/backup/tabs/ImportExportTab.kt:260:61 Unresolved reference 'R'.
e: file:///D:/a13/orangechat/app/src/main/java/me/rerere/rikkahub/ui/pages/backup/tabs/ImportExportTab.kt:261:63 Unresolved reference 'R'.
e: file:///D:/a13/orangechat/app/src/main/java/me/rerere/rikkahub/ui/pages/backup/tabs/ImportExportTab.kt:278:61 Unresolved reference 'R'.
e: file:///D:/a13/orangechat/app/src/main/java/me/rerere/rikkahub/ui/pages/backup/tabs/ImportExportTab.kt:279:63 Unresolved reference 'R'.
e: file:///D:/a13/orangechat/app/src/main/java/me/rerere/rikkahub/ui/pages/backup/tabs/ReminderTab.kt:28:27 Unresolved reference 'R'.
e: file:///D:/a13/orangechat/app/src/main/java/me/rerere/rikkahub/ui/pages/backup/tabs/ReminderTab.kt:62:57 Unresolved reference 'R'.
e: file:///D:/a13/orangechat/app/src/main/java/me/rerere/rikkahub/ui/pages/backup/tabs/ReminderTab.kt:67:61 Unresolved reference 'R'.
e: file:///D:/a13/orangechat/app/src/main/java/me/rerere/rikkahub/ui/pages/backup/tabs/ReminderTab.kt:82:57 Unresolved reference 'R'.
e: file:///D:/a13/orangechat/app/src/main/java/me/rerere/rikkahub/ui/pages/backup/tabs/ReminderTab.kt:90:36 Unresolved reference 'R'.
e: file:///D:/a13/orangechat/app/src/main/java/me/rerere/rikkahub/ui/pages/backup/tabs/ReminderTab.kt:93:25 Unresolved reference 'R'.
e: file:///D:/a13/orangechat/app/src/main/java/me/rerere/rikkahub/ui/pages/backup/tabs/S3Tab.kt:63:27 Unresolved reference 'R'.
e: file:///D:/a13/orangechat/app/src/main/java/me/rerere/rikkahub/ui/pages/backup/tabs/S3Tab.kt:97:24 Unresolved reference 'R'.
e: file:///D:/a13/orangechat/app/src/main/java/me/rerere/rikkahub/ui/pages/backup/tabs/S3Tab.kt:100:13 Unresolved reference 'R'.
e: file:///D:/a13/orangechat/app/src/main/java/me/rerere/rikkahub/ui/pages/backup/tabs/S3Tab.kt:105:49 Unresolved reference 'R'.
e: file:///D:/a13/orangechat/app/src/main/java/me/rerere/rikkahub/ui/pages/backup/tabs/S3Tab.kt:106:46 Unresolved reference 'R'.
e: file:///D:/a13/orangechat/app/src/main/java/me/rerere/rikkahub/ui/pages/backup/tabs/S3Tab.kt:107:43 Unresolved reference 'R'.
e: file:///D:/a13/orangechat/app/src/main/java/me/rerere/rikkahub/ui/pages/backup/tabs/S3Tab.kt:108:47 Unresolved reference 'R'.
e: file:///D:/a13/orangechat/app/src/main/java/me/rerere/rikkahub/ui/pages/backup/tabs/S3Tab.kt:124:40 Unresolved reference 'R'.
e: file:///D:/a13/orangechat/app/src/main/java/me/rerere/rikkahub/ui/pages/backup/tabs/S3Tab.kt:131:61 Unresolved reference 'R'.
e: file:///D:/a13/orangechat/app/src/main/java/me/rerere/rikkahub/ui/pages/backup/tabs/S3Tab.kt:143:61 Unresolved reference 'R'.
e: file:///D:/a13/orangechat/app/src/main/java/me/rerere/rikkahub/ui/pages/backup/tabs/S3Tab.kt:154:61 Unresolved reference 'R'.
e: file:///D:/a13/orangechat/app/src/main/java/me/rerere/rikkahub/ui/pages/backup/tabs/S3Tab.kt:177:61 Unresolved reference 'R'.
e: file:///D:/a13/orangechat/app/src/main/java/me/rerere/rikkahub/ui/pages/backup/tabs/S3Tab.kt:189:61 Unresolved reference 'R'.
e: file:///D:/a13/orangechat/app/src/main/java/me/rerere/rikkahub/ui/pages/backup/tabs/S3Tab.kt:224:61 Unresolved reference 'R'.
e: file:///D:/a13/orangechat/app/src/main/java/me/rerere/rikkahub/ui/pages/backup/tabs/S3Tab.kt:247:92 Unresolved reference 'R'.
e: file:///D:/a13/orangechat/app/src/main/java/me/rerere/rikkahub/ui/pages/backup/tabs/S3Tab.kt:248:89 Unresolved reference 'R'.
e: file:///D:/a13/orangechat/app/src/main/java/me/rerere/rikkahub/ui/pages/backup/tabs/S3Tab.kt:272:51 Unresolved reference 'R'.
e: file:///D:/a13/orangechat/app/src/main/java/me/rerere/rikkahub/ui/pages/backup/tabs/S3Tab.kt:279:37 Unresolved reference 'R'.
e: file:///D:/a13/orangechat/app/src/main/java/me/rerere/rikkahub/ui/pages/backup/tabs/S3Tab.kt:288:37 Unresolved reference 'R'.
e: file:///D:/a13/orangechat/app/src/main/java/me/rerere/rikkahub/ui/pages/backup/tabs/S3Tab.kt:296:37 Unresolved reference 'R'.
e: file:///D:/a13/orangechat/app/src/main/java/me/rerere/rikkahub/ui/pages/backup/tabs/S3Tab.kt:307:51 Unresolved reference 'R'.
e: file:///D:/a13/orangechat/app/src/main/java/me/rerere/rikkahub/ui/pages/backup/tabs/S3Tab.kt:313:65 Unresolved reference 'R'.
e: file:///D:/a13/orangechat/app/src/main/java/me/rerere/rikkahub/ui/pages/backup/tabs/S3Tab.kt:332:40 Unresolved reference 'R'.
e: file:///D:/a13/orangechat/app/src/main/java/me/rerere/rikkahub/ui/pages/backup/tabs/S3Tab.kt:334:40 Unresolved reference 'R'.
e: file:///D:/a13/orangechat/app/src/main/java/me/rerere/rikkahub/ui/pages/backup/tabs/S3Tab.kt:359:36 Unresolved reference 'R'.
e: file:///D:/a13/orangechat/app/src/main/java/me/rerere/rikkahub/ui/pages/backup/tabs/S3Tab.kt:377:67 Unresolved reference 'R'.
e: file:///D:/a13/orangechat/app/src/main/java/me/rerere/rikkahub/ui/pages/backup/tabs/S3Tab.kt:385:53 Unresolved reference 'R'.
e: file:///D:/a13/orangechat/app/src/main/java/me/rerere/rikkahub/ui/pages/backup/tabs/S3Tab.kt:399:67 Unresolved reference 'R'.
e: file:///D:/a13/orangechat/app/src/main/java/me/rerere/rikkahub/ui/pages/backup/tabs/S3Tab.kt:408:53 Unresolved reference 'R'.
e: file:///D:/a13/orangechat/app/src/main/java/me/rerere/rikkahub/ui/pages/backup/tabs/S3Tab.kt:426:51 Unresolved reference 'R'.
e: file:///D:/a13/orangechat/app/src/main/java/me/rerere/rikkahub/ui/pages/backup/tabs/S3Tab.kt:522:49 Unresolved reference 'R'.
e: file:///D:/a13/orangechat/app/src/main/java/me/rerere/rikkahub/ui/pages/backup/tabs/S3Tab.kt:538:52 Unresolved reference 'R'.
e: file:///D:/a13/orangechat/app/src/main/java/me/rerere/rikkahub/ui/pages/backup/tabs/S3Tab.kt:540:52 Unresolved reference 'R'.
e: file:///D:/a13/orangechat/app/src/main/java/me/rerere/rikkahub/ui/pages/backup/tabs/WebDavTab.kt:62:27 Unresolved reference 'R'.
e: file:///D:/a13/orangechat/app/src/main/java/me/rerere/rikkahub/ui/pages/backup/tabs/WebDavTab.kt:96:24 Unresolved reference 'R'.
e: file:///D:/a13/orangechat/app/src/main/java/me/rerere/rikkahub/ui/pages/backup/tabs/WebDavTab.kt:99:13 Unresolved reference 'R'.
e: file:///D:/a13/orangechat/app/src/main/java/me/rerere/rikkahub/ui/pages/backup/tabs/WebDavTab.kt:104:49 Unresolved reference 'R'.
e: file:///D:/a13/orangechat/app/src/main/java/me/rerere/rikkahub/ui/pages/backup/tabs/WebDavTab.kt:105:46 Unresolved reference 'R'.
e: file:///D:/a13/orangechat/app/src/main/java/me/rerere/rikkahub/ui/pages/backup/tabs/WebDavTab.kt:106:43 Unresolved reference 'R'.
e: file:///D:/a13/orangechat/app/src/main/java/me/rerere/rikkahub/ui/pages/backup/tabs/WebDavTab.kt:107:47 Unresolved reference 'R'.
e: file:///D:/a13/orangechat/app/src/main/java/me/rerere/rikkahub/ui/pages/backup/tabs/WebDavTab.kt:123:40 Unresolved reference 'R'.
e: file:///D:/a13/orangechat/app/src/main/java/me/rerere/rikkahub/ui/pages/backup/tabs/WebDavTab.kt:130:61 Unresolved reference 'R'.
e: file:///D:/a13/orangechat/app/src/main/java/me/rerere/rikkahub/ui/pages/backup/tabs/WebDavTab.kt:142:61 Unresolved reference 'R'.
e: file:///D:/a13/orangechat/app/src/main/java/me/rerere/rikkahub/ui/pages/backup/tabs/WebDavTab.kt:159:61 Unresolved reference 'R'.
e: file:///D:/a13/orangechat/app/src/main/java/me/rerere/rikkahub/ui/pages/backup/tabs/WebDavTab.kt:182:61 Unresolved reference 'R'.
e: file:///D:/a13/orangechat/app/src/main/java/me/rerere/rikkahub/ui/pages/backup/tabs/WebDavTab.kt:196:61 Unresolved reference 'R'.
e: file:///D:/a13/orangechat/app/src/main/java/me/rerere/rikkahub/ui/pages/backup/tabs/WebDavTab.kt:219:92 Unresolved reference 'R'.
e: file:///D:/a13/orangechat/app/src/main/java/me/rerere/rikkahub/ui/pages/backup/tabs/WebDavTab.kt:220:89 Unresolved reference 'R'.
e: file:///D:/a13/orangechat/app/src/main/java/me/rerere/rikkahub/ui/pages/backup/tabs/WebDavTab.kt:244:51 Unresolved reference 'R'.
e: file:///D:/a13/orangechat/app/src/main/java/me/rerere/rikkahub/ui/pages/backup/tabs/WebDavTab.kt:251:37 Unresolved reference 'R'.
e: file:///D:/a13/orangechat/app/src/main/java/me/rerere/rikkahub/ui/pages/backup/tabs/WebDavTab.kt:260:37 Unresolved reference 'R'.
e: file:///D:/a13/orangechat/app/src/main/java/me/rerere/rikkahub/ui/pages/backup/tabs/WebDavTab.kt:268:37 Unresolved reference 'R'.
e: file:///D:/a13/orangechat/app/src/main/java/me/rerere/rikkahub/ui/pages/backup/tabs/WebDavTab.kt:278:51 Unresolved reference 'R'.
e: file:///D:/a13/orangechat/app/src/main/java/me/rerere/rikkahub/ui/pages/backup/tabs/WebDavTab.kt:284:65 Unresolved reference 'R'.
e: file:///D:/a13/orangechat/app/src/main/java/me/rerere/rikkahub/ui/pages/backup/tabs/WebDavTab.kt:303:40 Unresolved reference 'R'.
e: file:///D:/a13/orangechat/app/src/main/java/me/rerere/rikkahub/ui/pages/backup/tabs/WebDavTab.kt:305:40 Unresolved reference 'R'.
e: file:///D:/a13/orangechat/app/src/main/java/me/rerere/rikkahub/ui/pages/backup/tabs/WebDavTab.kt:330:36 Unresolved reference 'R'.
e: file:///D:/a13/orangechat/app/src/main/java/me/rerere/rikkahub/ui/pages/backup/tabs/WebDavTab.kt:348:67 Unresolved reference 'R'.
e: file:///D:/a13/orangechat/app/src/main/java/me/rerere/rikkahub/ui/pages/backup/tabs/WebDavTab.kt:356:53 Unresolved reference 'R'.
e: file:///D:/a13/orangechat/app/src/main/java/me/rerere/rikkahub/ui/pages/backup/tabs/WebDavTab.kt:370:67 Unresolved reference 'R'.
e: file:///D:/a13/orangechat/app/src/main/java/me/rerere/rikkahub/ui/pages/backup/tabs/WebDavTab.kt:379:53 Unresolved reference 'R'.
e: file:///D:/a13/orangechat/app/src/main/java/me/rerere/rikkahub/ui/pages/backup/tabs/WebDavTab.kt:397:51 Unresolved reference 'R'.
e: file:///D:/a13/orangechat/app/src/main/java/me/rerere/rikkahub/ui/pages/backup/tabs/WebDavTab.kt:493:49 Unresolved reference 'R'.
e: file:///D:/a13/orangechat/app/src/main/java/me/rerere/rikkahub/ui/pages/backup/tabs/WebDavTab.kt:509:52 Unresolved reference 'R'.
e: file:///D:/a13/orangechat/app/src/main/java/me/rerere/rikkahub/ui/pages/backup/tabs/WebDavTab.kt:511:52 Unresolved reference 'R'.
e: file:///D:/a13/orangechat/app/src/main/java/me/rerere/rikkahub/ui/pages/chat/ChatDrawer.kt:86:27 Unresolved reference 'R'.
e: file:///D:/a13/orangechat/app/src/main/java/me/rerere/rikkahub/ui/pages/chat/ChatDrawer.kt:226:90 Unresolved reference 'R'.
e: file:///D:/a13/orangechat/app/src/main/java/me/rerere/rikkahub/ui/pages/chat/ChatDrawer.kt:249:98 Unresolved reference 'R'.
e: file:///D:/a13/orangechat/app/src/main/java/me/rerere/rikkahub/ui/pages/chat/ChatDrawer.kt:362:65 Unresolved reference 'R'.
e: file:///D:/a13/orangechat/app/src/main/java/me/rerere/rikkahub/ui/pages/chat/ChatDrawer.kt:366:45 Unresolved reference 'R'.
e: file:///D:/a13/orangechat/app/src/main/java/me/rerere/rikkahub/ui/pages/chat/ChatDrawer.kt:379:49 Unresolved reference 'R'.
e: file:///D:/a13/orangechat/app/src/main/java/me/rerere/rikkahub/ui/pages/chat/ChatDrawer.kt:390:58 Unresolved reference 'R'.
e: file:///D:/a13/orangechat/app/src/main/java/me/rerere/rikkahub/ui/pages/chat/ChatDrawer.kt:398:58 Unresolved reference 'R'.
e: file:///D:/a13/orangechat/app/src/main/java/me/rerere/rikkahub/ui/pages/chat/ChatDrawer.kt:426:63 Unresolved reference 'R'.
e: file:///D:/a13/orangechat/app/src/main/java/me/rerere/rikkahub/ui/pages/chat/ChatDrawer.kt:429:45 Unresolved reference 'R'.
e: file:///D:/a13/orangechat/app/src/main/java/me/rerere/rikkahub/ui/pages/chat/ChatDrawer.kt:454:51 Unresolved reference 'R'.
e: file:///D:/a13/orangechat/app/src/main/java/me/rerere/rikkahub/ui/pages/chat/ChatDrawer.kt:471:37 Unresolved reference 'R'.
e: file:///D:/a13/orangechat/app/src/main/java/me/rerere/rikkahub/ui/pages/chat/ChatDrawer.kt:479:57 Unresolved reference 'R'.
e: file:///D:/a13/orangechat/app/src/main/java/me/rerere/rikkahub/ui/pages/chat/ChatDrawer.kt:488:41 Unresolved reference 'R'.
e: file:///D:/a13/orangechat/app/src/main/java/me/rerere/rikkahub/ui/pages/chat/ChatDrawer.kt:497:41 Unresolved reference 'R'.
e: file:///D:/a13/orangechat/app/src/main/java/me/rerere/rikkahub/ui/pages/chat/ChatDrawer.kt:531:43 Unresolved reference 'R'.
e: file:///D:/a13/orangechat/app/src/main/java/me/rerere/rikkahub/ui/pages/chat/ChatDrawer.kt:556:51 Unresolved reference 'R'.
e: file:///D:/a13/orangechat/app/src/main/java/me/rerere/rikkahub/ui/pages/chat/ChatDrawer.kt:605:43 Unresolved reference 'R'.
e: file:///D:/a13/orangechat/app/src/main/java/me/rerere/rikkahub/ui/pages/chat/ChatDrawer.kt:612:57 Unresolved reference 'R'.
e: file:///D:/a13/orangechat/app/src/main/java/me/rerere/rikkahub/ui/pages/chat/ChatDrawer.kt:622:41 Unresolved reference 'R'.
e: file:///D:/a13/orangechat/app/src/main/java/me/rerere/rikkahub/ui/pages/chat/ChatDrawer.kt:626:41 Unresolved reference 'R'.
e: file:///D:/a13/orangechat/app/src/main/java/me/rerere/rikkahub/ui/pages/chat/ChatDrawer.kt:637:43 Unresolved reference 'R'.
e: file:///D:/a13/orangechat/app/src/main/java/me/rerere/rikkahub/ui/pages/chat/ChatDrawer.kt:653:41 Unresolved reference 'R'.
e: file:///D:/a13/orangechat/app/src/main/java/me/rerere/rikkahub/ui/pages/chat/ChatDrawer.kt:657:41 Unresolved reference 'R'.
e: file:///D:/a13/orangechat/app/src/main/java/me/rerere/rikkahub/ui/pages/chat/ChatDrawer.kt:667:43 Unresolved reference 'R'.
e: file:///D:/a13/orangechat/app/src/main/java/me/rerere/rikkahub/ui/pages/chat/ChatDrawer.kt:668:42 Unresolved reference 'R'.
e: file:///D:/a13/orangechat/app/src/main/java/me/rerere/rikkahub/ui/pages/chat/ChatDrawer.kt:676:60 Unresolved reference 'R'.
e: file:///D:/a13/orangechat/app/src/main/java/me/rerere/rikkahub/ui/pages/chat/ChatDrawer.kt:679:41 Unresolved reference 'R'.
e: file:///D:/a13/orangechat/app/src/main/java/me/rerere/rikkahub/ui/pages/chat/ChatDrawer.kt:683:41 Unresolved reference 'R'.
e: file:///D:/a13/orangechat/app/src/main/java/me/rerere/rikkahub/ui/pages/chat/ChatDrawer.kt:706:43 Unresolved reference 'R'.
e: file:///D:/a13/orangechat/app/src/main/java/me/rerere/rikkahub/ui/pages/chat/ChatDrawer.kt:765:43 Unresolved reference 'R'.
e: file:///D:/a13/orangechat/app/src/main/java/me/rerere/rikkahub/ui/pages/chat/ChatDrawer.kt:795:43 Unresolved reference 'R'.
e: file:///D:/a13/orangechat/app/src/main/java/me/rerere/rikkahub/ui/pages/chat/ChatDrawer.kt:852:40 Unresolved reference 'R'.
e: file:///D:/a13/orangechat/app/src/main/java/me/rerere/rikkahub/ui/pages/chat/ChatDrawer.kt:873:54 Unresolved reference 'R'.
e: file:///D:/a13/orangechat/app/src/main/java/me/rerere/rikkahub/ui/pages/chat/ChatDrawer.kt:881:54 Unresolved reference 'R'.
e: file:///D:/a13/orangechat/app/src/main/java/me/rerere/rikkahub/ui/pages/chat/ChatDrawer.kt:893:40 Unresolved reference 'R'.
e: file:///D:/a13/orangechat/app/src/main/java/me/rerere/rikkahub/ui/pages/chat/ChatDrawer.kt:977:68 Unresolved reference 'R'.
e: file:///D:/a13/orangechat/app/src/main/java/me/rerere/rikkahub/ui/pages/chat/ChatDrawer.kt:984:47 Unresolved reference 'R'.
e: file:///D:/a13/orangechat/app/src/main/java/me/rerere/rikkahub/ui/pages/chat/ChatDrawerVM.kt:29:27 Unresolved reference 'R'.
e: file:///D:/a13/orangechat/app/src/main/java/me/rerere/rikkahub/ui/pages/chat/ChatDrawerVM.kt:195:40 Unresolved reference 'R'.
e: file:///D:/a13/orangechat/app/src/main/java/me/rerere/rikkahub/ui/pages/chat/ChatDrawerVM.kt:196:44 Unresolved reference 'R'.
e: file:///D:/a13/orangechat/app/src/main/java/me/rerere/rikkahub/ui/pages/chat/ChatList.kt:98:27 Unresolved reference 'R'.
e: file:///D:/a13/orangechat/app/src/main/java/me/rerere/rikkahub/ui/pages/chat/ChatList.kt:636:49 Unresolved reference 'R'.
e: file:///D:/a13/orangechat/app/src/main/java/me/rerere/rikkahub/ui/pages/chat/ChatList.kt:848:57 Unresolved reference 'R'.
e: file:///D:/a13/orangechat/app/src/main/java/me/rerere/rikkahub/ui/pages/chat/ChatPage.kt:61:27 Unresolved reference 'R'.
e: file:///D:/a13/orangechat/app/src/main/java/me/rerere/rikkahub/ui/pages/chat/ChatPage.kt:513:51 Unresolved reference 'R'.
e: file:///D:/a13/orangechat/app/src/main/java/me/rerere/rikkahub/ui/pages/chat/ChatPage.kt:529:76 Unresolved reference 'R'.
e: file:///D:/a13/orangechat/app/src/main/java/me/rerere/rikkahub/ui/pages/chat/ChatPage.kt:536:79 Unresolved reference 'R'.
e: file:///D:/a13/orangechat/app/src/main/java/me/rerere/rikkahub/ui/pages/chat/ChatPage.kt:580:37 Unresolved reference 'R'.
e: file:///D:/a13/orangechat/app/src/main/java/me/rerere/rikkahub/ui/pages/chat/ChatPage.kt:596:41 Unresolved reference 'R'.
e: file:///D:/a13/orangechat/app/src/main/java/me/rerere/rikkahub/ui/pages/chat/ChatPage.kt:605:41 Unresolved reference 'R'.
e: file:///D:/a13/orangechat/app/src/main/java/me/rerere/rikkahub/ui/pages/chat/ChatSizeChecker.kt:20:27 Unresolved reference 'R'.
e: file:///D:/a13/orangechat/app/src/main/java/me/rerere/rikkahub/ui/pages/chat/ChatSizeChecker.kt:80:40 Unresolved reference 'R'.
e: file:///D:/a13/orangechat/app/src/main/java/me/rerere/rikkahub/ui/pages/chat/ChatSizeChecker.kt:83:40 Unresolved reference 'R'.
e: file:///D:/a13/orangechat/app/src/main/java/me/rerere/rikkahub/ui/pages/chat/ChatSizeChecker.kt:87:37 Unresolved reference 'R'.
e: file:///D:/a13/orangechat/app/src/main/java/me/rerere/rikkahub/ui/pages/chat/ChatVM.kt:31:27 Unresolved reference 'R'.
e: file:///D:/a13/orangechat/app/src/main/java/me/rerere/rikkahub/ui/pages/chat/ChatVM.kt:187:9 Unresolved reference 'analytics'.
e: file:///D:/a13/orangechat/app/src/main/java/me/rerere/rikkahub/ui/pages/chat/ChatVM.kt:203:68 Unresolved reference 'R'.
e: file:///D:/a13/orangechat/app/src/main/java/me/rerere/rikkahub/ui/pages/chat/ChatVM.kt:222:39 Unresolved reference 'R'.
e: file:///D:/a13/orangechat/app/src/main/java/me/rerere/rikkahub/ui/pages/chat/ChatVM.kt:230:9 Unresolved reference 'analytics'.
e: file:///D:/a13/orangechat/app/src/main/java/me/rerere/rikkahub/ui/pages/chat/ChatVM.kt:239:9 Unresolved reference 'analytics'.
e: file:///D:/a13/orangechat/app/src/main/java/me/rerere/rikkahub/ui/pages/chat/ChatVM.kt:247:9 Unresolved reference 'analytics'.
e: file:///D:/a13/orangechat/app/src/main/java/me/rerere/rikkahub/ui/pages/chat/ConversationList.kt:59:27 Unresolved reference 'R'.
e: file:///D:/a13/orangechat/app/src/main/java/me/rerere/rikkahub/ui/pages/chat/ConversationList.kt:127:52 Unresolved reference 'R'.
e: file:///D:/a13/orangechat/app/src/main/java/me/rerere/rikkahub/ui/pages/chat/ConversationList.kt:228:35 Unresolved reference 'R'.
e: file:///D:/a13/orangechat/app/src/main/java/me/rerere/rikkahub/ui/pages/chat/ConversationList.kt:279:73 Unresolved reference 'R'.
e: file:///D:/a13/orangechat/app/src/main/java/me/rerere/rikkahub/ui/pages/chat/ConversationList.kt:312:71 Unresolved reference 'R'.
e: file:///D:/a13/orangechat/app/src/main/java/me/rerere/rikkahub/ui/pages/chat/ConversationList.kt:312:112 Unresolved reference 'R'.
e: file:///D:/a13/orangechat/app/src/main/java/me/rerere/rikkahub/ui/pages/chat/ConversationList.kt:329:50 Unresolved reference 'R'.
e: file:///D:/a13/orangechat/app/src/main/java/me/rerere/rikkahub/ui/pages/chat/ConversationList.kt:342:45 Unresolved reference 'R'.
e: file:///D:/a13/orangechat/app/src/main/java/me/rerere/rikkahub/ui/pages/chat/ConversationList.kt:355:45 Unresolved reference 'R'.
e: file:///D:/a13/orangechat/app/src/main/java/me/rerere/rikkahub/ui/pages/chat/ConversationList.kt:368:50 Unresolved reference 'R'.
e: file:///D:/a13/orangechat/app/src/main/java/me/rerere/rikkahub/ui/pages/chat/ConversationSystemPromptCard.kt:33:27 Unresolved reference 'R'.
e: file:///D:/a13/orangechat/app/src/main/java/me/rerere/rikkahub/ui/pages/chat/ConversationSystemPromptCard.kt:60:36 Unresolved reference 'R'.
e: file:///D:/a13/orangechat/app/src/main/java/me/rerere/rikkahub/ui/pages/chat/ConversationSystemPromptCard.kt:62:36 Unresolved reference 'R'.
e: file:///D:/a13/orangechat/app/src/main/java/me/rerere/rikkahub/ui/pages/chat/ConversationSystemPromptCard.kt:79:51 Unresolved reference 'R'.
e: file:///D:/a13/orangechat/app/src/main/java/me/rerere/rikkahub/ui/pages/chat/ConversationSystemPromptCard.kt:94:49 Unresolved reference 'R'.
e: file:///D:/a13/orangechat/app/src/main/java/me/rerere/rikkahub/ui/pages/chat/ConversationSystemPromptCard.kt:103:45 Unresolved reference 'R'.
e: file:///D:/a13/orangechat/app/src/main/java/me/rerere/rikkahub/ui/pages/chat/Export.kt:90:27 Unresolved reference 'R'.
e: file:///D:/a13/orangechat/app/src/main/java/me/rerere/rikkahub/ui/pages/chat/Export.kt:144:49 Unresolved reference 'R'.
e: file:///D:/a13/orangechat/app/src/main/java/me/rerere/rikkahub/ui/pages/chat/Export.kt:147:41 Unresolved reference 'R'.
e: file:///D:/a13/orangechat/app/src/main/java/me/rerere/rikkahub/ui/pages/chat/Export.kt:161:54 Unresolved reference 'R'.
e: file:///D:/a13/orangechat/app/src/main/java/me/rerere/rikkahub/ui/pages/chat/Export.kt:164:54 Unresolved reference 'R'.
e: file:///D:/a13/orangechat/app/src/main/java/me/rerere/rikkahub/ui/pages/chat/Export.kt:173:41 Unresolved reference 'R'.
e: file:///D:/a13/orangechat/app/src/main/java/me/rerere/rikkahub/ui/pages/chat/Export.kt:180:58 Unresolved reference 'R'.
e: file:///D:/a13/orangechat/app/src/main/java/me/rerere/rikkahub/ui/pages/chat/Export.kt:183:58 Unresolved reference 'R'.
e: file:///D:/a13/orangechat/app/src/main/java/me/rerere/rikkahub/ui/pages/chat/Export.kt:193:69 Unresolved reference 'R'.
e: file:///D:/a13/orangechat/app/src/main/java/me/rerere/rikkahub/ui/pages/chat/Export.kt:238:53 Unresolved reference 'R'.
e: file:///D:/a13/orangechat/app/src/main/java/me/rerere/rikkahub/ui/pages/chat/Export.kt:501:60 Unresolved reference 'R'.
e: file:///D:/a13/orangechat/app/src/main/java/me/rerere/rikkahub/ui/pages/chat/Export.kt:521:51 Unresolved reference 'R'.
e: file:///D:/a13/orangechat/app/src/main/java/me/rerere/rikkahub/ui/pages/chat/Export.kt:683:43 Unresolved reference 'R'.
e: file:///D:/a13/orangechat/app/src/main/java/me/rerere/rikkahub/ui/pages/chat/Export.kt:691:39 Unresolved reference 'R'.
e: file:///D:/a13/orangechat/app/src/main/java/me/rerere/rikkahub/ui/pages/chat/Export.kt:727:40 Unresolved reference 'R'.
e: file:///D:/a13/orangechat/app/src/main/java/me/rerere/rikkahub/ui/pages/chat/Export.kt:728:38 Unresolved reference 'R'.
e: file:///D:/a13/orangechat/app/src/main/java/me/rerere/rikkahub/ui/pages/chat/Export.kt:729:40 Unresolved reference 'R'.
e: file:///D:/a13/orangechat/app/src/main/java/me/rerere/rikkahub/ui/pages/chat/Export.kt:730:36 Unresolved reference 'R'.
e: file:///D:/a13/orangechat/app/src/main/java/me/rerere/rikkahub/ui/pages/chat/Export.kt:737:28 Unresolved reference 'R'.
e: file:///D:/a13/orangechat/app/src/main/java/me/rerere/rikkahub/ui/pages/chat/Export.kt:740:40 Unresolved reference 'R'.
e: file:///D:/a13/orangechat/app/src/main/java/me/rerere/rikkahub/ui/pages/chat/Export.kt:741:32 Unresolved reference 'R'.
e: file:///D:/a13/orangechat/app/src/main/java/me/rerere/rikkahub/ui/pages/chat/Export.kt:787:31 Unresolved reference 'R'.
e: file:///D:/a13/orangechat/app/src/main/java/me/rerere/rikkahub/ui/pages/disclaimer/DisclaimerPage.kt:47:27 Unresolved reference 'R'.
e: file:///D:/a13/orangechat/app/src/main/java/me/rerere/rikkahub/ui/pages/disclaimer/DisclaimerPage.kt:55:20 Unresolved reference 'R'.
e: file:///D:/a13/orangechat/app/src/main/java/me/rerere/rikkahub/ui/pages/disclaimer/DisclaimerPage.kt:56:22 Unresolved reference 'R'.
e: file:///D:/a13/orangechat/app/src/main/java/me/rerere/rikkahub/ui/pages/disclaimer/DisclaimerPage.kt:59:20 Unresolved reference 'R'.
e: file:///D:/a13/orangechat/app/src/main/java/me/rerere/rikkahub/ui/pages/disclaimer/DisclaimerPage.kt:60:22 Unresolved reference 'R'.
e: file:///D:/a13/orangechat/app/src/main/java/me/rerere/rikkahub/ui/pages/disclaimer/DisclaimerPage.kt:63:20 Unresolved reference 'R'.
e: file:///D:/a13/orangechat/app/src/main/java/me/rerere/rikkahub/ui/pages/disclaimer/DisclaimerPage.kt:64:22 Unresolved reference 'R'.
e: file:///D:/a13/orangechat/app/src/main/java/me/rerere/rikkahub/ui/pages/disclaimer/DisclaimerPage.kt:82:47 Unresolved reference 'R'.
e: file:///D:/a13/orangechat/app/src/main/java/me/rerere/rikkahub/ui/pages/disclaimer/DisclaimerPage.kt:176:39 Unresolved reference 'R'.
e: file:///D:/a13/orangechat/app/src/main/java/me/rerere/rikkahub/ui/pages/disclaimer/DisclaimerPage.kt:189:37 Unresolved reference 'R'.
e: file:///D:/a13/orangechat/app/src/main/java/me/rerere/rikkahub/ui/pages/disclaimer/DisclaimerPage.kt:196:37 Unresolved reference 'R'.
e: file:///D:/a13/orangechat/app/src/main/java/me/rerere/rikkahub/ui/pages/extensions/ExtensionsPage.kt:25:27 Unresolved reference 'R'.
e: file:///D:/a13/orangechat/app/src/main/java/me/rerere/rikkahub/ui/pages/extensions/ExtensionsPage.kt:46:47 Unresolved reference 'R'.
e: file:///D:/a13/orangechat/app/src/main/java/me/rerere/rikkahub/ui/pages/extensions/ExtensionsPage.kt:63:51 Unresolved reference 'R'.
e: file:///D:/a13/orangechat/app/src/main/java/me/rerere/rikkahub/ui/pages/extensions/ExtensionsPage.kt:68:65 Unresolved reference 'R'.
e: file:///D:/a13/orangechat/app/src/main/java/me/rerere/rikkahub/ui/pages/extensions/ExtensionsPage.kt:69:67 Unresolved reference 'R'.
e: file:///D:/a13/orangechat/app/src/main/java/me/rerere/rikkahub/ui/pages/extensions/ExtensionsPage.kt:74:65 Unresolved reference 'R'.
e: file:///D:/a13/orangechat/app/src/main/java/me/rerere/rikkahub/ui/pages/extensions/ExtensionsPage.kt:75:67 Unresolved reference 'R'.
e: file:///D:/a13/orangechat/app/src/main/java/me/rerere/rikkahub/ui/pages/extensions/ExtensionsPage.kt:80:65 Unresolved reference 'R'.
e: file:///D:/a13/orangechat/app/src/main/java/me/rerere/rikkahub/ui/pages/extensions/ExtensionsPage.kt:81:67 Unresolved reference 'R'.
e: file:///D:/a13/orangechat/app/src/main/java/me/rerere/rikkahub/ui/pages/extensions/ExtensionsPage.kt:92:65 Unresolved reference 'R'.
e: file:///D:/a13/orangechat/app/src/main/java/me/rerere/rikkahub/ui/pages/extensions/ExtensionsPage.kt:93:67 Unresolved reference 'R'.
e: file:///D:/a13/orangechat/app/src/main/java/me/rerere/rikkahub/ui/pages/extensions/PromptPage.kt:94:27 Unresolved reference 'R'.
e: file:///D:/a13/orangechat/app/src/main/java/me/rerere/rikkahub/ui/pages/extensions/PromptPage.kt:127:47 Unresolved reference 'R'.
e: file:///D:/a13/orangechat/app/src/main/java/me/rerere/rikkahub/ui/pages/extensions/PromptPage.kt:136:51 Unresolved reference 'R'.
e: file:///D:/a13/orangechat/app/src/main/java/me/rerere/rikkahub/ui/pages/extensions/PromptPage.kt:144:51 Unresolved reference 'R'.
e: file:///D:/a13/orangechat/app/src/main/java/me/rerere/rikkahub/ui/pages/extensions/PromptPage.kt:199:43 Unresolved reference 'R'.
e: file:///D:/a13/orangechat/app/src/main/java/me/rerere/rikkahub/ui/pages/extensions/PromptPage.kt:200:42 Unresolved reference 'R'.
e: file:///D:/a13/orangechat/app/src/main/java/me/rerere/rikkahub/ui/pages/extensions/PromptPage.kt:245:51 Unresolved reference 'R'.
e: file:///D:/a13/orangechat/app/src/main/java/me/rerere/rikkahub/ui/pages/extensions/PromptPage.kt:250:51 Unresolved reference 'R'.
e: file:///D:/a13/orangechat/app/src/main/java/me/rerere/rikkahub/ui/pages/extensions/PromptPage.kt:302:49 Unresolved reference 'R'.
e: file:///D:/a13/orangechat/app/src/main/java/me/rerere/rikkahub/ui/pages/extensions/PromptPage.kt:353:61 Unresolved reference 'R'.
e: file:///D:/a13/orangechat/app/src/main/java/me/rerere/rikkahub/ui/pages/extensions/PromptPage.kt:377:72 Unresolved reference 'R'.
e: file:///D:/a13/orangechat/app/src/main/java/me/rerere/rikkahub/ui/pages/extensions/PromptPage.kt:389:49 Unresolved reference 'R'.
e: file:///D:/a13/orangechat/app/src/main/java/me/rerere/rikkahub/ui/pages/extensions/PromptPage.kt:393:53 Unresolved reference 'R'.
e: file:///D:/a13/orangechat/app/src/main/java/me/rerere/rikkahub/ui/pages/extensions/PromptPage.kt:399:60 Unresolved reference 'R'.
e: file:///D:/a13/orangechat/app/src/main/java/me/rerere/rikkahub/ui/pages/extensions/PromptPage.kt:402:58 Unresolved reference 'R'.
e: file:///D:/a13/orangechat/app/src/main/java/me/rerere/rikkahub/ui/pages/extensions/PromptPage.kt:449:39 Unresolved reference 'R'.
e: file:///D:/a13/orangechat/app/src/main/java/me/rerere/rikkahub/ui/pages/extensions/PromptPage.kt:463:51 Unresolved reference 'R'.
e: file:///D:/a13/orangechat/app/src/main/java/me/rerere/rikkahub/ui/pages/extensions/PromptPage.kt:468:51 Unresolved reference 'R'.
e: file:///D:/a13/orangechat/app/src/main/java/me/rerere/rikkahub/ui/pages/extensions/PromptPage.kt:482:51 Unresolved reference 'R'.
e: file:///D:/a13/orangechat/app/src/main/java/me/rerere/rikkahub/ui/pages/extensions/PromptPage.kt:488:36 Unresolved reference 'R'.
e: file:///D:/a13/orangechat/app/src/main/java/me/rerere/rikkahub/ui/pages/extensions/PromptPage.kt:502:55 Unresolved reference 'R'.
e: file:///D:/a13/orangechat/app/src/main/java/me/rerere/rikkahub/ui/pages/extensions/PromptPage.kt:511:44 Unresolved reference 'R'.
e: file:///D:/a13/orangechat/app/src/main/java/me/rerere/rikkahub/ui/pages/extensions/PromptPage.kt:524:51 Unresolved reference 'R'.
e: file:///D:/a13/orangechat/app/src/main/java/me/rerere/rikkahub/ui/pages/extensions/PromptPage.kt:537:41 Unresolved reference 'R'.
e: file:///D:/a13/orangechat/app/src/main/java/me/rerere/rikkahub/ui/pages/extensions/PromptPage.kt:540:41 Unresolved reference 'R'.
e: file:///D:/a13/orangechat/app/src/main/java/me/rerere/rikkahub/ui/pages/extensions/PromptPage.kt:572:62 Unresolved reference 'R'.
e: file:///D:/a13/orangechat/app/src/main/java/me/rerere/rikkahub/ui/pages/extensions/PromptPage.kt:573:61 Unresolved reference 'R'.
e: file:///D:/a13/orangechat/app/src/main/java/me/rerere/rikkahub/ui/pages/extensions/PromptPage.kt:574:53 Unresolved reference 'R'.
e: file:///D:/a13/orangechat/app/src/main/java/me/rerere/rikkahub/ui/pages/extensions/PromptPage.kt:575:56 Unresolved reference 'R'.
e: file:///D:/a13/orangechat/app/src/main/java/me/rerere/rikkahub/ui/pages/extensions/PromptPage.kt:576:50 Unresolved reference 'R'.
e: file:///D:/a13/orangechat/app/src/main/java/me/rerere/rikkahub/ui/pages/extensions/PromptPage.kt:595:40 Unresolved reference 'R'.
e: file:///D:/a13/orangechat/app/src/main/java/me/rerere/rikkahub/ui/pages/extensions/PromptPage.kt:596:45 Unresolved reference 'R'.
e: file:///D:/a13/orangechat/app/src/main/java/me/rerere/rikkahub/ui/pages/extensions/PromptPage.kt:625:43 Unresolved reference 'R'.
e: file:///D:/a13/orangechat/app/src/main/java/me/rerere/rikkahub/ui/pages/extensions/PromptPage.kt:626:42 Unresolved reference 'R'.
e: file:///D:/a13/orangechat/app/src/main/java/me/rerere/rikkahub/ui/pages/extensions/PromptPage.kt:659:51 Unresolved reference 'R'.
e: file:///D:/a13/orangechat/app/src/main/java/me/rerere/rikkahub/ui/pages/extensions/PromptPage.kt:664:51 Unresolved reference 'R'.
e: file:///D:/a13/orangechat/app/src/main/java/me/rerere/rikkahub/ui/pages/extensions/PromptPage.kt:714:49 Unresolved reference 'R'.
e: file:///D:/a13/orangechat/app/src/main/java/me/rerere/rikkahub/ui/pages/extensions/PromptPage.kt:765:61 Unresolved reference 'R'.
e: file:///D:/a13/orangechat/app/src/main/java/me/rerere/rikkahub/ui/pages/extensions/PromptPage.kt:789:67 Unresolved reference 'R'.
e: file:///D:/a13/orangechat/app/src/main/java/me/rerere/rikkahub/ui/pages/extensions/PromptPage.kt:809:37 Unresolved reference 'R'.
e: file:///D:/a13/orangechat/app/src/main/java/me/rerere/rikkahub/ui/pages/extensions/PromptPage.kt:816:53 Unresolved reference 'R'.
e: file:///D:/a13/orangechat/app/src/main/java/me/rerere/rikkahub/ui/pages/extensions/PromptPage.kt:822:60 Unresolved reference 'R'.
e: file:///D:/a13/orangechat/app/src/main/java/me/rerere/rikkahub/ui/pages/extensions/PromptPage.kt:825:58 Unresolved reference 'R'.
e: file:///D:/a13/orangechat/app/src/main/java/me/rerere/rikkahub/ui/pages/extensions/PromptPage.kt:880:39 Unresolved reference 'R'.
e: file:///D:/a13/orangechat/app/src/main/java/me/rerere/rikkahub/ui/pages/extensions/PromptPage.kt:894:51 Unresolved reference 'R'.
e: file:///D:/a13/orangechat/app/src/main/java/me/rerere/rikkahub/ui/pages/extensions/PromptPage.kt:901:51 Unresolved reference 'R'.
e: file:///D:/a13/orangechat/app/src/main/java/me/rerere/rikkahub/ui/pages/extensions/PromptPage.kt:906:51 Unresolved reference 'R'.
e: file:///D:/a13/orangechat/app/src/main/java/me/rerere/rikkahub/ui/pages/extensions/PromptPage.kt:922:40 Unresolved reference 'R'.
e: file:///D:/a13/orangechat/app/src/main/java/me/rerere/rikkahub/ui/pages/extensions/PromptPage.kt:928:62 Unresolved reference 'R'.
e: file:///D:/a13/orangechat/app/src/main/java/me/rerere/rikkahub/ui/pages/extensions/PromptPage.kt:948:41 Unresolved reference 'R'.
e: file:///D:/a13/orangechat/app/src/main/java/me/rerere/rikkahub/ui/pages/extensions/PromptPage.kt:951:41 Unresolved reference 'R'.
e: file:///D:/a13/orangechat/app/src/main/java/me/rerere/rikkahub/ui/pages/extensions/PromptPage.kt:988:64 Unresolved reference 'R'.
e: file:///D:/a13/orangechat/app/src/main/java/me/rerere/rikkahub/ui/pages/extensions/PromptPage.kt:993:47 Unresolved reference 'R'.
e: file:///D:/a13/orangechat/app/src/main/java/me/rerere/rikkahub/ui/pages/extensions/PromptPage.kt:1005:49 Unresolved reference 'R'.
e: file:///D:/a13/orangechat/app/src/main/java/me/rerere/rikkahub/ui/pages/extensions/PromptPage.kt:1011:54 Unresolved reference 'R'.
e: file:///D:/a13/orangechat/app/src/main/java/me/rerere/rikkahub/ui/pages/extensions/PromptPage.kt:1014:57 Unresolved reference 'R'.
e: file:///D:/a13/orangechat/app/src/main/java/me/rerere/rikkahub/ui/pages/extensions/PromptPage.kt:1032:39 Unresolved reference 'R'.
e: file:///D:/a13/orangechat/app/src/main/java/me/rerere/rikkahub/ui/pages/extensions/PromptPage.kt:1044:51 Unresolved reference 'R'.
e: file:///D:/a13/orangechat/app/src/main/java/me/rerere/rikkahub/ui/pages/extensions/PromptPage.kt:1049:51 Unresolved reference 'R'.
e: file:///D:/a13/orangechat/app/src/main/java/me/rerere/rikkahub/ui/pages/extensions/PromptPage.kt:1063:51 Unresolved reference 'R'.
e: file:///D:/a13/orangechat/app/src/main/java/me/rerere/rikkahub/ui/pages/extensions/PromptPage.kt:1069:36 Unresolved reference 'R'.
e: file:///D:/a13/orangechat/app/src/main/java/me/rerere/rikkahub/ui/pages/extensions/PromptPage.kt:1083:55 Unresolved reference 'R'.
e: file:///D:/a13/orangechat/app/src/main/java/me/rerere/rikkahub/ui/pages/extensions/PromptPage.kt:1090:37 Unresolved reference 'R'.
e: file:///D:/a13/orangechat/app/src/main/java/me/rerere/rikkahub/ui/pages/extensions/PromptPage.kt:1121:55 Unresolved reference 'R'.
e: file:///D:/a13/orangechat/app/src/main/java/me/rerere/rikkahub/ui/pages/extensions/PromptPage.kt:1133:62 Unresolved reference 'R'.
e: file:///D:/a13/orangechat/app/src/main/java/me/rerere/rikkahub/ui/pages/extensions/PromptPage.kt:1138:51 Unresolved reference 'R'.
e: file:///D:/a13/orangechat/app/src/main/java/me/rerere/rikkahub/ui/pages/extensions/PromptPage.kt:1148:51 Unresolved reference 'R'.
e: file:///D:/a13/orangechat/app/src/main/java/me/rerere/rikkahub/ui/pages/extensions/PromptPage.kt:1158:51 Unresolved reference 'R'.
e: file:///D:/a13/orangechat/app/src/main/java/me/rerere/rikkahub/ui/pages/extensions/PromptPage.kt:1159:57 Unresolved reference 'R'.
e: file:///D:/a13/orangechat/app/src/main/java/me/rerere/rikkahub/ui/pages/extensions/PromptPage.kt:1173:51 Unresolved reference 'R'.
e: file:///D:/a13/orangechat/app/src/main/java/me/rerere/rikkahub/ui/pages/extensions/PromptPage.kt:1181:44 Unresolved reference 'R'.
e: file:///D:/a13/orangechat/app/src/main/java/me/rerere/rikkahub/ui/pages/extensions/PromptPage.kt:1194:51 Unresolved reference 'R'.
e: file:///D:/a13/orangechat/app/src/main/java/me/rerere/rikkahub/ui/pages/extensions/PromptPage.kt:1208:37 Unresolved reference 'R'.
e: file:///D:/a13/orangechat/app/src/main/java/me/rerere/rikkahub/ui/pages/extensions/PromptPage.kt:1213:37 Unresolved reference 'R'.
e: file:///D:/a13/orangechat/app/src/main/java/me/rerere/rikkahub/ui/pages/extensions/QuickMessagesPage.kt:53:27 Unresolved reference 'R'.
e: file:///D:/a13/orangechat/app/src/main/java/me/rerere/rikkahub/ui/pages/extensions/QuickMessagesPage.kt:72:47 Unresolved reference 'R'.
e: file:///D:/a13/orangechat/app/src/main/java/me/rerere/rikkahub/ui/pages/extensions/QuickMessagesPage.kt:107:51 Unresolved reference 'R'.
e: file:///D:/a13/orangechat/app/src/main/java/me/rerere/rikkahub/ui/pages/extensions/QuickMessagesPage.kt:112:51 Unresolved reference 'R'.
e: file:///D:/a13/orangechat/app/src/main/java/me/rerere/rikkahub/ui/pages/extensions/QuickMessagesPage.kt:132:36 Unresolved reference 'R'.
e: file:///D:/a13/orangechat/app/src/main/java/me/rerere/rikkahub/ui/pages/extensions/QuickMessagesPage.kt:144:36 Unresolved reference 'R'.
e: file:///D:/a13/orangechat/app/src/main/java/me/rerere/rikkahub/ui/pages/extensions/QuickMessagesPage.kt:161:32 Unresolved reference 'R'.
e: file:///D:/a13/orangechat/app/src/main/java/me/rerere/rikkahub/ui/pages/extensions/QuickMessagesPage.kt:162:38 Unresolved reference 'R'.
e: file:///D:/a13/orangechat/app/src/main/java/me/rerere/rikkahub/ui/pages/extensions/QuickMessagesPage.kt:163:38 Unresolved reference 'R'.
e: file:///D:/a13/orangechat/app/src/main/java/me/rerere/rikkahub/ui/pages/extensions/QuickMessagesPage.kt:170:29 Unresolved reference 'R'.
e: file:///D:/a13/orangechat/app/src/main/java/me/rerere/rikkahub/ui/pages/extensions/QuickMessagesPage.kt:205:72 Unresolved reference 'R'.
e: file:///D:/a13/orangechat/app/src/main/java/me/rerere/rikkahub/ui/pages/extensions/QuickMessagesPage.kt:211:74 Unresolved reference 'R'.
e: file:///D:/a13/orangechat/app/src/main/java/me/rerere/rikkahub/ui/pages/extensions/QuickMessagesPage.kt:222:61 Unresolved reference 'R'.
e: file:///D:/a13/orangechat/app/src/main/java/me/rerere/rikkahub/ui/pages/extensions/QuickMessagesPage.kt:230:54 Unresolved reference 'R'.
e: file:///D:/a13/orangechat/app/src/main/java/me/rerere/rikkahub/ui/pages/extensions/QuickMessagesPage.kt:243:54 Unresolved reference 'R'.
e: file:///D:/a13/orangechat/app/src/main/java/me/rerere/rikkahub/ui/pages/extensions/QuickMessagesPage.kt:285:51 Unresolved reference 'R'.
e: file:///D:/a13/orangechat/app/src/main/java/me/rerere/rikkahub/ui/pages/extensions/QuickMessagesPage.kt:292:51 Unresolved reference 'R'.
e: file:///D:/a13/orangechat/app/src/main/java/me/rerere/rikkahub/ui/pages/extensions/QuickMessagesPage.kt:303:37 Unresolved reference 'R'.
e: file:///D:/a13/orangechat/app/src/main/java/me/rerere/rikkahub/ui/pages/extensions/QuickMessagesPage.kt:308:37 Unresolved reference 'R'.
e: file:///D:/a13/orangechat/app/src/main/java/me/rerere/rikkahub/ui/pages/extensions/SkillDetailPage.kt:49:27 Unresolved reference 'R'.
e: file:///D:/a13/orangechat/app/src/main/java/me/rerere/rikkahub/ui/pages/extensions/SkillDetailPage.kt:79:42 Unresolved reference 'R'.
e: file:///D:/a13/orangechat/app/src/main/java/me/rerere/rikkahub/ui/pages/extensions/SkillDetailPage.kt:141:32 Unresolved reference 'R'.
e: file:///D:/a13/orangechat/app/src/main/java/me/rerere/rikkahub/ui/pages/extensions/SkillDetailPage.kt:142:38 Unresolved reference 'R'.
e: file:///D:/a13/orangechat/app/src/main/java/me/rerere/rikkahub/ui/pages/extensions/SkillDetailPage.kt:143:38 Unresolved reference 'R'.
e: file:///D:/a13/orangechat/app/src/main/java/me/rerere/rikkahub/ui/pages/extensions/SkillDetailPage.kt:154:29 Unresolved reference 'R'.
e: file:///D:/a13/orangechat/app/src/main/java/me/rerere/rikkahub/ui/pages/extensions/SkillDetailPage.kt:223:57 Unresolved reference 'R'.
e: file:///D:/a13/orangechat/app/src/main/java/me/rerere/rikkahub/ui/pages/extensions/SkillDetailPage.kt:231:61 Unresolved reference 'R'.
e: file:///D:/a13/orangechat/app/src/main/java/me/rerere/rikkahub/ui/pages/extensions/SkillDetailPage.kt:313:47 Unresolved reference 'R'.
e: file:///D:/a13/orangechat/app/src/main/java/me/rerere/rikkahub/ui/pages/extensions/SkillDetailPage.kt:321:80 Unresolved reference 'R'.
e: file:///D:/a13/orangechat/app/src/main/java/me/rerere/rikkahub/ui/pages/extensions/SkillDetailPage.kt:324:67 Unresolved reference 'R'.
e: file:///D:/a13/orangechat/app/src/main/java/me/rerere/rikkahub/ui/pages/extensions/SkillDetailPage.kt:340:39 Unresolved reference 'R'.
e: file:///D:/a13/orangechat/app/src/main/java/me/rerere/rikkahub/ui/pages/extensions/SkillDetailPage.kt:346:51 Unresolved reference 'R'.
e: file:///D:/a13/orangechat/app/src/main/java/me/rerere/rikkahub/ui/pages/extensions/SkillDetailPage.kt:350:44 Unresolved reference 'R'.
e: file:///D:/a13/orangechat/app/src/main/java/me/rerere/rikkahub/ui/pages/extensions/SkillDetailPage.kt:363:51 Unresolved reference 'R'.
e: file:///D:/a13/orangechat/app/src/main/java/me/rerere/rikkahub/ui/pages/extensions/SkillDetailPage.kt:376:37 Unresolved reference 'R'.
e: file:///D:/a13/orangechat/app/src/main/java/me/rerere/rikkahub/ui/pages/extensions/SkillDetailPage.kt:380:67 Unresolved reference 'R'.
e: file:///D:/a13/orangechat/app/src/main/java/me/rerere/rikkahub/ui/pages/extensions/SkillsPage.kt:52:27 Unresolved reference 'R'.
e: file:///D:/a13/orangechat/app/src/main/java/me/rerere/rikkahub/ui/pages/extensions/SkillsPage.kt:85:47 Unresolved reference 'R'.
e: file:///D:/a13/orangechat/app/src/main/java/me/rerere/rikkahub/ui/pages/extensions/SkillsPage.kt:99:61 Unresolved reference 'R'.
e: file:///D:/a13/orangechat/app/src/main/java/me/rerere/rikkahub/ui/pages/extensions/SkillsPage.kt:131:51 Unresolved reference 'R'.
e: file:///D:/a13/orangechat/app/src/main/java/me/rerere/rikkahub/ui/pages/extensions/SkillsPage.kt:136:51 Unresolved reference 'R'.
e: file:///D:/a13/orangechat/app/src/main/java/me/rerere/rikkahub/ui/pages/extensions/SkillsPage.kt:161:56 Unresolved reference 'R'.
e: file:///D:/a13/orangechat/app/src/main/java/me/rerere/rikkahub/ui/pages/extensions/SkillsPage.kt:175:56 Unresolved reference 'R'.
e: file:///D:/a13/orangechat/app/src/main/java/me/rerere/rikkahub/ui/pages/extensions/SkillsPage.kt:177:56 Unresolved reference 'R'.
e: file:///D:/a13/orangechat/app/src/main/java/me/rerere/rikkahub/ui/pages/extensions/SkillsPage.kt:186:32 Unresolved reference 'R'.
e: file:///D:/a13/orangechat/app/src/main/java/me/rerere/rikkahub/ui/pages/extensions/SkillsPage.kt:187:38 Unresolved reference 'R'.
e: file:///D:/a13/orangechat/app/src/main/java/me/rerere/rikkahub/ui/pages/extensions/SkillsPage.kt:188:38 Unresolved reference 'R'.
e: file:///D:/a13/orangechat/app/src/main/java/me/rerere/rikkahub/ui/pages/extensions/SkillsPage.kt:195:29 Unresolved reference 'R'.
e: file:///D:/a13/orangechat/app/src/main/java/me/rerere/rikkahub/ui/pages/extensions/SkillsPage.kt:252:61 Unresolved reference 'R'.
e: file:///D:/a13/orangechat/app/src/main/java/me/rerere/rikkahub/ui/pages/extensions/SkillsPage.kt:260:54 Unresolved reference 'R'.
e: file:///D:/a13/orangechat/app/src/main/java/me/rerere/rikkahub/ui/pages/extensions/SkillsPage.kt:293:39 Unresolved reference 'R'.
e: file:///D:/a13/orangechat/app/src/main/java/me/rerere/rikkahub/ui/pages/extensions/SkillsPage.kt:298:47 Unresolved reference 'R'.
e: file:///D:/a13/orangechat/app/src/main/java/me/rerere/rikkahub/ui/pages/extensions/SkillsPage.kt:307:40 Unresolved reference 'R'.
e: file:///D:/a13/orangechat/app/src/main/java/me/rerere/rikkahub/ui/pages/extensions/SkillsPage.kt:310:69 Unresolved reference 'R'.
e: file:///D:/a13/orangechat/app/src/main/java/me/rerere/rikkahub/ui/pages/extensions/SkillsPage.kt:311:46 Unresolved reference 'R'.
e: file:///D:/a13/orangechat/app/src/main/java/me/rerere/rikkahub/ui/pages/extensions/SkillsPage.kt:325:37 Unresolved reference 'R'.
e: file:///D:/a13/orangechat/app/src/main/java/me/rerere/rikkahub/ui/pages/extensions/SkillsPage.kt:329:67 Unresolved reference 'R'.
e: file:///D:/a13/orangechat/app/src/main/java/me/rerere/rikkahub/ui/pages/extensions/SkillsPage.kt:344:39 Unresolved reference 'R'.
e: file:///D:/a13/orangechat/app/src/main/java/me/rerere/rikkahub/ui/pages/extensions/SkillsPage.kt:348:43 Unresolved reference 'R'.
e: file:///D:/a13/orangechat/app/src/main/java/me/rerere/rikkahub/ui/pages/extensions/SkillsPage.kt:355:51 Unresolved reference 'R'.
e: file:///D:/a13/orangechat/app/src/main/java/me/rerere/rikkahub/ui/pages/extensions/SkillsPage.kt:357:60 Unresolved reference 'R'.
e: file:///D:/a13/orangechat/app/src/main/java/me/rerere/rikkahub/ui/pages/extensions/SkillsPage.kt:370:44 Unresolved reference 'R'.
e: file:///D:/a13/orangechat/app/src/main/java/me/rerere/rikkahub/ui/pages/extensions/SkillsPage.kt:385:37 Unresolved reference 'R'.
e: file:///D:/a13/orangechat/app/src/main/java/me/rerere/rikkahub/ui/pages/extensions/SkillsPage.kt:389:87 Unresolved reference 'R'.
e: file:///D:/a13/orangechat/app/src/main/java/me/rerere/rikkahub/ui/pages/extensions/workspace/WorkspaceDetailPage.kt:78:27 Unresolved reference 'R'.
e: file:///D:/a13/orangechat/app/src/main/java/me/rerere/rikkahub/ui/pages/extensions/workspace/WorkspaceDetailPage.kt:132:44 Unresolved reference 'R'.
e: file:///D:/a13/orangechat/app/src/main/java/me/rerere/rikkahub/ui/pages/extensions/workspace/WorkspaceDetailPage.kt:144:49 Unresolved reference 'R'.
e: file:///D:/a13/orangechat/app/src/main/java/me/rerere/rikkahub/ui/pages/extensions/workspace/WorkspaceDetailPage.kt:152:72 Unresolved reference 'R'.
e: file:///D:/a13/orangechat/app/src/main/java/me/rerere/rikkahub/ui/pages/extensions/workspace/WorkspaceDetailPage.kt:174:51 Unresolved reference 'R'.
e: file:///D:/a13/orangechat/app/src/main/java/me/rerere/rikkahub/ui/pages/extensions/workspace/WorkspaceDetailPage.kt:180:51 Unresolved reference 'R'.
e: file:///D:/a13/orangechat/app/src/main/java/me/rerere/rikkahub/ui/pages/extensions/workspace/WorkspaceDetailPage.kt:243:32 Unresolved reference 'R'.
e: file:///D:/a13/orangechat/app/src/main/java/me/rerere/rikkahub/ui/pages/extensions/workspace/WorkspaceDetailPage.kt:244:38 Unresolved reference 'R'.
e: file:///D:/a13/orangechat/app/src/main/java/me/rerere/rikkahub/ui/pages/extensions/workspace/WorkspaceDetailPage.kt:245:38 Unresolved reference 'R'.
e: file:///D:/a13/orangechat/app/src/main/java/me/rerere/rikkahub/ui/pages/extensions/workspace/WorkspaceDetailPage.kt:252:29 Unresolved reference 'R'.
e: file:///D:/a13/orangechat/app/src/main/java/me/rerere/rikkahub/ui/pages/extensions/workspace/WorkspaceDetailPage.kt:347:43 Unresolved reference 'R'.
e: file:///D:/a13/orangechat/app/src/main/java/me/rerere/rikkahub/ui/pages/extensions/workspace/WorkspaceDetailPage.kt:386:32 Unresolved reference 'R'.
e: file:///D:/a13/orangechat/app/src/main/java/me/rerere/rikkahub/ui/pages/extensions/workspace/WorkspaceDetailPage.kt:387:38 Unresolved reference 'R'.
e: file:///D:/a13/orangechat/app/src/main/java/me/rerere/rikkahub/ui/pages/extensions/workspace/WorkspaceDetailPage.kt:388:38 Unresolved reference 'R'.
e: file:///D:/a13/orangechat/app/src/main/java/me/rerere/rikkahub/ui/pages/extensions/workspace/WorkspaceDetailPage.kt:409:41 Unresolved reference 'R'.
e: file:///D:/a13/orangechat/app/src/main/java/me/rerere/rikkahub/ui/pages/extensions/workspace/WorkspaceDetailPage.kt:413:45 Unresolved reference 'R'.
e: file:///D:/a13/orangechat/app/src/main/java/me/rerere/rikkahub/ui/pages/extensions/workspace/WorkspaceDetailPage.kt:437:39 Unresolved reference 'R'.
e: file:///D:/a13/orangechat/app/src/main/java/me/rerere/rikkahub/ui/pages/extensions/workspace/WorkspaceDetailPage.kt:455:41 Unresolved reference 'R'.
e: file:///D:/a13/orangechat/app/src/main/java/me/rerere/rikkahub/ui/pages/extensions/workspace/WorkspaceDetailPage.kt:459:41 Unresolved reference 'R'.
e: file:///D:/a13/orangechat/app/src/main/java/me/rerere/rikkahub/ui/pages/extensions/workspace/WorkspaceDetailPage.kt:474:39 Unresolved reference 'R'.
e: file:///D:/a13/orangechat/app/src/main/java/me/rerere/rikkahub/ui/pages/extensions/workspace/WorkspaceDetailPage.kt:504:43 Unresolved reference 'R'.
e: file:///D:/a13/orangechat/app/src/main/java/me/rerere/rikkahub/ui/pages/extensions/workspace/WorkspaceDetailPage.kt:509:43 Unresolved reference 'R'.
e: file:///D:/a13/orangechat/app/src/main/java/me/rerere/rikkahub/ui/pages/extensions/workspace/WorkspaceDetailPage.kt:600:58 Unresolved reference 'R'.
e: file:///D:/a13/orangechat/app/src/main/java/me/rerere/rikkahub/ui/pages/extensions/workspace/WorkspaceDetailPage.kt:613:58 Unresolved reference 'R'.
e: file:///D:/a13/orangechat/app/src/main/java/me/rerere/rikkahub/ui/pages/extensions/workspace/WorkspaceDetailPage.kt:653:45 Unresolved reference 'R'.
e: file:///D:/a13/orangechat/app/src/main/java/me/rerere/rikkahub/ui/pages/extensions/workspace/WorkspaceDetailPage.kt:654:46 Unresolved reference 'R'.
e: file:///D:/a13/orangechat/app/src/main/java/me/rerere/rikkahub/ui/pages/extensions/workspace/WorkspaceDetailPage.kt:655:45 Unresolved reference 'R'.
e: file:///D:/a13/orangechat/app/src/main/java/me/rerere/rikkahub/ui/pages/extensions/workspace/WorkspaceDetailPage.kt:656:41 Unresolved reference 'R'.
e: file:///D:/a13/orangechat/app/src/main/java/me/rerere/rikkahub/ui/pages/extensions/workspace/WorkspaceDetailPage.kt:668:32 Unresolved reference 'R'.
e: file:///D:/a13/orangechat/app/src/main/java/me/rerere/rikkahub/ui/pages/extensions/workspace/WorkspaceDetailPage.kt:670:32 Unresolved reference 'R'.
e: file:///D:/a13/orangechat/app/src/main/java/me/rerere/rikkahub/ui/pages/extensions/workspace/WorkspaceDetailPage.kt:675:28 Unresolved reference 'R'.
e: file:///D:/a13/orangechat/app/src/main/java/me/rerere/rikkahub/ui/pages/extensions/workspace/WorkspaceDetailPage.kt:678:28 Unresolved reference 'R'.
e: file:///D:/a13/orangechat/app/src/main/java/me/rerere/rikkahub/ui/pages/extensions/workspace/WorkspacePage.kt:54:27 Unresolved reference 'R'.
e: file:///D:/a13/orangechat/app/src/main/java/me/rerere/rikkahub/ui/pages/extensions/workspace/WorkspacePage.kt:81:47 Unresolved reference 'R'.
e: file:///D:/a13/orangechat/app/src/main/java/me/rerere/rikkahub/ui/pages/extensions/workspace/WorkspacePage.kt:116:51 Unresolved reference 'R'.
e: file:///D:/a13/orangechat/app/src/main/java/me/rerere/rikkahub/ui/pages/extensions/workspace/WorkspacePage.kt:121:51 Unresolved reference 'R'.
e: file:///D:/a13/orangechat/app/src/main/java/me/rerere/rikkahub/ui/pages/extensions/workspace/WorkspacePage.kt:146:70 Unresolved reference 'R'.
e: file:///D:/a13/orangechat/app/src/main/java/me/rerere/rikkahub/ui/pages/extensions/workspace/WorkspacePage.kt:155:32 Unresolved reference 'R'.
e: file:///D:/a13/orangechat/app/src/main/java/me/rerere/rikkahub/ui/pages/extensions/workspace/WorkspacePage.kt:156:38 Unresolved reference 'R'.
e: file:///D:/a13/orangechat/app/src/main/java/me/rerere/rikkahub/ui/pages/extensions/workspace/WorkspacePage.kt:157:38 Unresolved reference 'R'.
e: file:///D:/a13/orangechat/app/src/main/java/me/rerere/rikkahub/ui/pages/extensions/workspace/WorkspacePage.kt:164:29 Unresolved reference 'R'.
e: file:///D:/a13/orangechat/app/src/main/java/me/rerere/rikkahub/ui/pages/extensions/workspace/WorkspacePage.kt:223:54 Unresolved reference 'R'.
e: file:///D:/a13/orangechat/app/src/main/java/me/rerere/rikkahub/ui/pages/extensions/workspace/WorkspacePage.kt:251:39 Unresolved reference 'R'.
e: file:///D:/a13/orangechat/app/src/main/java/me/rerere/rikkahub/ui/pages/extensions/workspace/WorkspacePage.kt:256:47 Unresolved reference 'R'.
e: file:///D:/a13/orangechat/app/src/main/java/me/rerere/rikkahub/ui/pages/extensions/workspace/WorkspacePage.kt:267:37 Unresolved reference 'R'.
e: file:///D:/a13/orangechat/app/src/main/java/me/rerere/rikkahub/ui/pages/extensions/workspace/WorkspacePage.kt:271:67 Unresolved reference 'R'.
e: file:///D:/a13/orangechat/app/src/main/java/me/rerere/rikkahub/ui/pages/extensions/workspace/WorkspacePage.kt:277:38 Unresolved reference 'R'.
e: file:///D:/a13/orangechat/app/src/main/java/me/rerere/rikkahub/ui/pages/extensions/workspace/WorkspacePage.kt:278:40 Unresolved reference 'R'.
e: file:///D:/a13/orangechat/app/src/main/java/me/rerere/rikkahub/ui/pages/extensions/workspace/WorkspacePage.kt:279:35 Unresolved reference 'R'.
e: file:///D:/a13/orangechat/app/src/main/java/me/rerere/rikkahub/ui/pages/extensions/workspace/WorkspacePage.kt:280:36 Unresolved reference 'R'.
e: file:///D:/a13/orangechat/app/src/main/java/me/rerere/rikkahub/ui/pages/extensions/workspace/WorkspaceTerminalPage.kt:56:27 Unresolved reference 'R'.
e: file:///D:/a13/orangechat/app/src/main/java/me/rerere/rikkahub/ui/pages/extensions/workspace/WorkspaceTerminalPage.kt:71:79 Unresolved reference 'R'.
e: file:///D:/a13/orangechat/app/src/main/java/me/rerere/rikkahub/ui/pages/extensions/workspace/WorkspaceTerminalPage.kt:72:47 Unresolved reference 'R'.
e: file:///D:/a13/orangechat/app/src/main/java/me/rerere/rikkahub/ui/pages/extensions/workspace/WorkspaceTerminalPage.kt:161:36 Unresolved reference 'R'.
e: file:///D:/a13/orangechat/app/src/main/java/me/rerere/rikkahub/ui/pages/extensions/workspace/WorkspaceTerminalPage.kt:163:36 Unresolved reference 'R'.
e: file:///D:/a13/orangechat/app/src/main/java/me/rerere/rikkahub/ui/pages/extensions/workspace/WorkspaceTerminalPage.kt:236:47 Unresolved reference 'R'.
e: file:///D:/a13/orangechat/app/src/main/java/me/rerere/rikkahub/ui/pages/favorite/FavoritePage.kt:49:27 Unresolved reference 'R'.
e: file:///D:/a13/orangechat/app/src/main/java/me/rerere/rikkahub/ui/pages/favorite/FavoritePage.kt:66:46 Unresolved reference 'R'.
e: file:///D:/a13/orangechat/app/src/main/java/me/rerere/rikkahub/ui/pages/favorite/FavoritePage.kt:67:35 Unresolved reference 'R'.
e: file:///D:/a13/orangechat/app/src/main/java/me/rerere/rikkahub/ui/pages/favorite/FavoritePage.kt:76:41 Unresolved reference 'R'.
e: file:///D:/a13/orangechat/app/src/main/java/me/rerere/rikkahub/ui/pages/favorite/FavoritePage.kt:96:43 Unresolved reference 'R'.
e: file:///D:/a13/orangechat/app/src/main/java/me/rerere/rikkahub/ui/pages/favorite/FavoritePage.kt:172:57 Unresolved reference 'R'.
e: file:///D:/a13/orangechat/app/src/main/java/me/rerere/rikkahub/ui/pages/favorite/FavoritePage.kt:204:76 Unresolved reference 'R'.
e: file:///D:/a13/orangechat/app/src/main/java/me/rerere/rikkahub/ui/pages/history/HistoryPage.kt:57:27 Unresolved reference 'R'.
e: file:///D:/a13/orangechat/app/src/main/java/me/rerere/rikkahub/ui/pages/history/HistoryPage.kt:80:41 Unresolved reference 'R'.
e: file:///D:/a13/orangechat/app/src/main/java/me/rerere/rikkahub/ui/pages/history/HistoryPage.kt:93:65 Unresolved reference 'R'.
e: file:///D:/a13/orangechat/app/src/main/java/me/rerere/rikkahub/ui/pages/history/HistoryPage.kt:101:86 Unresolved reference 'R'.
e: file:///D:/a13/orangechat/app/src/main/java/me/rerere/rikkahub/ui/pages/history/HistoryPage.kt:110:50 Unresolved reference 'R'.
e: file:///D:/a13/orangechat/app/src/main/java/me/rerere/rikkahub/ui/pages/history/HistoryPage.kt:111:47 Unresolved reference 'R'.
e: file:///D:/a13/orangechat/app/src/main/java/me/rerere/rikkahub/ui/pages/history/HistoryPage.kt:149:43 Unresolved reference 'R'.
e: file:///D:/a13/orangechat/app/src/main/java/me/rerere/rikkahub/ui/pages/history/HistoryPage.kt:150:42 Unresolved reference 'R'.
e: file:///D:/a13/orangechat/app/src/main/java/me/rerere/rikkahub/ui/pages/history/HistoryPage.kt:158:41 Unresolved reference 'R'.
e: file:///D:/a13/orangechat/app/src/main/java/me/rerere/rikkahub/ui/pages/history/HistoryPage.kt:165:41 Unresolved reference 'R'.
e: file:///D:/a13/orangechat/app/src/main/java/me/rerere/rikkahub/ui/pages/history/HistoryPage.kt:213:57 Unresolved reference 'R'.
e: file:///D:/a13/orangechat/app/src/main/java/me/rerere/rikkahub/ui/pages/history/HistoryPage.kt:257:76 Unresolved reference 'R'.
e: file:///D:/a13/orangechat/app/src/main/java/me/rerere/rikkahub/ui/pages/history/HistoryPage.kt:274:88 Unresolved reference 'R'.
e: file:///D:/a13/orangechat/app/src/main/java/me/rerere/rikkahub/ui/pages/history/HistoryPage.kt:275:29 Unresolved reference 'R'.
e: file:///D:/a13/orangechat/app/src/main/java/me/rerere/rikkahub/ui/pages/imggen/ImgGenPage.kt:105:27 Unresolved reference 'R'.
e: file:///D:/a13/orangechat/app/src/main/java/me/rerere/rikkahub/ui/pages/imggen/ImgGenPage.kt:148:41 Unresolved reference 'R'.
e: file:///D:/a13/orangechat/app/src/main/java/me/rerere/rikkahub/ui/pages/imggen/ImgGenPage.kt:188:39 Unresolved reference 'R'.
e: file:///D:/a13/orangechat/app/src/main/java/me/rerere/rikkahub/ui/pages/imggen/ImgGenPage.kt:189:38 Unresolved reference 'R'.
e: file:///D:/a13/orangechat/app/src/main/java/me/rerere/rikkahub/ui/pages/imggen/ImgGenPage.kt:192:37 Unresolved reference 'R'.
e: file:///D:/a13/orangechat/app/src/main/java/me/rerere/rikkahub/ui/pages/imggen/ImgGenPage.kt:197:37 Unresolved reference 'R'.
e: file:///D:/a13/orangechat/app/src/main/java/me/rerere/rikkahub/ui/pages/imggen/ImgGenPage.kt:212:37 Unresolved reference 'R'.
e: file:///D:/a13/orangechat/app/src/main/java/me/rerere/rikkahub/ui/pages/imggen/ImgGenPage.kt:227:37 Unresolved reference 'R'.
e: file:///D:/a13/orangechat/app/src/main/java/me/rerere/rikkahub/ui/pages/imggen/ImgGenPage.kt:382:49 Unresolved reference 'R'.
e: file:///D:/a13/orangechat/app/src/main/java/me/rerere/rikkahub/ui/pages/imggen/ImgGenPage.kt:456:61 Unresolved reference 'R'.
e: file:///D:/a13/orangechat/app/src/main/java/me/rerere/rikkahub/ui/pages/imggen/ImgGenPage.kt:553:47 Unresolved reference 'R'.
e: file:///D:/a13/orangechat/app/src/main/java/me/rerere/rikkahub/ui/pages/imggen/ImgGenPage.kt:635:89 Unresolved reference 'R'.
e: file:///D:/a13/orangechat/app/src/main/java/me/rerere/rikkahub/ui/pages/imggen/ImgGenPage.kt:641:65 Unresolved reference 'R'.
e: file:///D:/a13/orangechat/app/src/main/java/me/rerere/rikkahub/ui/pages/imggen/ImgGenPage.kt:653:85 Unresolved reference 'R'.
e: file:///D:/a13/orangechat/app/src/main/java/me/rerere/rikkahub/ui/pages/imggen/ImgGenPage.kt:664:85 Unresolved reference 'R'.
e: file:///D:/a13/orangechat/app/src/main/java/me/rerere/rikkahub/ui/pages/imggen/ImgGenPage.kt:711:39 Unresolved reference 'R'.
e: file:///D:/a13/orangechat/app/src/main/java/me/rerere/rikkahub/ui/pages/imggen/ImgGenPage.kt:717:47 Unresolved reference 'R'.
e: file:///D:/a13/orangechat/app/src/main/java/me/rerere/rikkahub/ui/pages/imggen/ImgGenPage.kt:718:53 Unresolved reference 'R'.
e: file:///D:/a13/orangechat/app/src/main/java/me/rerere/rikkahub/ui/pages/imggen/ImgGenPage.kt:736:47 Unresolved reference 'R'.
e: file:///D:/a13/orangechat/app/src/main/java/me/rerere/rikkahub/ui/pages/imggen/ImgGenPage.kt:737:53 Unresolved reference 'R'.
e: file:///D:/a13/orangechat/app/src/main/java/me/rerere/rikkahub/ui/pages/imggen/ImgGenPage.kt:747:47 Unresolved reference 'R'.
e: file:///D:/a13/orangechat/app/src/main/java/me/rerere/rikkahub/ui/pages/imggen/ImgGenPage.kt:748:53 Unresolved reference 'R'.
e: file:///D:/a13/orangechat/app/src/main/java/me/rerere/rikkahub/ui/pages/imggen/ImgGenPage.kt:762:72 Unresolved reference 'R'.
e: file:///D:/a13/orangechat/app/src/main/java/me/rerere/rikkahub/ui/pages/imggen/ImgGenPage.kt:763:75 Unresolved reference 'R'.
e: file:///D:/a13/orangechat/app/src/main/java/me/rerere/rikkahub/ui/pages/imggen/ImgGenPage.kt:764:74 Unresolved reference 'R'.
e: file:///D:/a13/orangechat/app/src/main/java/me/rerere/rikkahub/ui/pages/miniapp/MiniAppEditPage.kt:40:27 Unresolved reference 'R'.
e: file:///D:/a13/orangechat/app/src/main/java/me/rerere/rikkahub/ui/pages/miniapp/MiniAppEditPage.kt:185:38 Unresolved reference 'R'.
e: file:///D:/a13/orangechat/app/src/main/java/me/rerere/rikkahub/ui/pages/search/SearchPage.kt:53:27 Unresolved reference 'R'.
e: file:///D:/a13/orangechat/app/src/main/java/me/rerere/rikkahub/ui/pages/search/SearchPage.kt:80:43 Unresolved reference 'R'.
e: file:///D:/a13/orangechat/app/src/main/java/me/rerere/rikkahub/ui/pages/search/SearchPage.kt:81:42 Unresolved reference 'R'.
e: file:///D:/a13/orangechat/app/src/main/java/me/rerere/rikkahub/ui/pages/search/SearchPage.kt:89:41 Unresolved reference 'R'.
e: file:///D:/a13/orangechat/app/src/main/java/me/rerere/rikkahub/ui/pages/search/SearchPage.kt:94:41 Unresolved reference 'R'.
e: file:///D:/a13/orangechat/app/src/main/java/me/rerere/rikkahub/ui/pages/search/SearchPage.kt:104:47 Unresolved reference 'R'.
e: file:///D:/a13/orangechat/app/src/main/java/me/rerere/rikkahub/ui/pages/search/SearchPage.kt:112:65 Unresolved reference 'R'.
e: file:///D:/a13/orangechat/app/src/main/java/me/rerere/rikkahub/ui/pages/search/SearchPage.kt:135:53 Unresolved reference 'R'.
e: file:///D:/a13/orangechat/app/src/main/java/me/rerere/rikkahub/ui/pages/search/SearchPage.kt:158:37 Unresolved reference 'R'.
e: file:///D:/a13/orangechat/app/src/main/java/me/rerere/rikkahub/ui/pages/search/SearchPage.kt:161:55 Unresolved reference 'R'.
e: file:///D:/a13/orangechat/app/src/main/java/me/rerere/rikkahub/ui/pages/search/SearchPage.kt:173:55 Unresolved reference 'R'.
e: file:///D:/a13/orangechat/app/src/main/java/me/rerere/rikkahub/ui/pages/search/SearchPage.kt:186:55 Unresolved reference 'R'.
e: file:///D:/a13/orangechat/app/src/main/java/me/rerere/rikkahub/ui/pages/search/SearchPage.kt:225:35 Unresolved reference 'R'.
e: file:///D:/a13/orangechat/app/src/main/java/me/rerere/rikkahub/ui/pages/setting/SettingAboutPage.kt:51:27 Unresolved reference 'BuildConfig'.
e: file:///D:/a13/orangechat/app/src/main/java/me/rerere/rikkahub/ui/pages/setting/SettingAboutPage.kt:52:27 Unresolved reference 'R'.
e: file:///D:/a13/orangechat/app/src/main/java/me/rerere/rikkahub/ui/pages/setting/SettingAboutPage.kt:83:41 Unresolved reference 'R'.
e: file:///D:/a13/orangechat/app/src/main/java/me/rerere/rikkahub/ui/pages/setting/SettingAboutPage.kt:114:37 Unresolved reference 'R'.
e: file:///D:/a13/orangechat/app/src/main/java/me/rerere/rikkahub/ui/pages/setting/SettingAboutPage.kt:152:41 Unresolved reference 'BuildConfig'.
e: file:///D:/a13/orangechat/app/src/main/java/me/rerere/rikkahub/ui/pages/setting/SettingAboutPage.kt:152:71 Unresolved reference 'BuildConfig'.
e: file:///D:/a13/orangechat/app/src/main/java/me/rerere/rikkahub/ui/pages/setting/SettingAboutPage.kt:152:101 Unresolved reference 'BuildConfig'.
e: file:///D:/a13/orangechat/app/src/main/java/me/rerere/rikkahub/ui/pages/setting/SettingAboutPage.kt:152:129 Unresolved reference 'BuildConfig'.
e: file:///D:/a13/orangechat/app/src/main/java/me/rerere/rikkahub/ui/pages/setting/SettingAboutPage.kt:154:69 Unresolved reference 'R'.
e: file:///D:/a13/orangechat/app/src/main/java/me/rerere/rikkahub/ui/pages/setting/SettingAboutPage.kt:161:69 Unresolved reference 'R'.
e: file:///D:/a13/orangechat/app/src/main/java/me/rerere/rikkahub/ui/pages/setting/SettingAboutPage.kt:176:69 Unresolved reference 'R'.
e: file:///D:/a13/orangechat/app/src/main/java/me/rerere/rikkahub/ui/pages/setting/SettingAboutPage.kt:184:69 Unresolved reference 'R'.
e: file:///D:/a13/orangechat/app/src/main/java/me/rerere/rikkahub/ui/pages/setting/SettingAboutPage.kt:192:69 Unresolved reference 'R'.
e: file:///D:/a13/orangechat/app/src/main/java/me/rerere/rikkahub/ui/pages/setting/SettingAboutPage.kt:205:53 Unresolved reference 'R'.
e: file:///D:/a13/orangechat/app/src/main/java/me/rerere/rikkahub/ui/pages/setting/SettingAboutPage.kt:207:69 Unresolved reference 'R'.
e: file:///D:/a13/orangechat/app/src/main/java/me/rerere/rikkahub/ui/pages/setting/SettingAboutPage.kt:220:52 Unresolved reference 'R'.
e: file:///D:/a13/orangechat/app/src/main/java/me/rerere/rikkahub/ui/pages/setting/SettingAboutPage.kt:221:54 Unresolved reference 'R'.
e: file:///D:/a13/orangechat/app/src/main/java/me/rerere/rikkahub/ui/pages/setting/SettingAboutPage.kt:226:71 Unresolved reference 'R'.
e: file:///D:/a13/orangechat/app/src/main/java/me/rerere/rikkahub/ui/pages/setting/SettingAboutPage.kt:227:69 Unresolved reference 'R'.
e: file:///D:/a13/orangechat/app/src/main/java/me/rerere/rikkahub/ui/pages/setting/SettingAboutPage.kt:233:52 Unresolved reference 'R'.
e: file:///D:/a13/orangechat/app/src/main/java/me/rerere/rikkahub/ui/pages/setting/SettingAboutPage.kt:234:54 Unresolved reference 'R'.
e: file:///D:/a13/orangechat/app/src/main/java/me/rerere/rikkahub/ui/pages/setting/SettingAboutPage.kt:239:71 Unresolved reference 'R'.
e: file:///D:/a13/orangechat/app/src/main/java/me/rerere/rikkahub/ui/pages/setting/SettingAboutPage.kt:240:69 Unresolved reference 'R'.
e: file:///D:/a13/orangechat/app/src/main/java/me/rerere/rikkahub/ui/pages/setting/SettingAboutPage.kt:246:52 Unresolved reference 'R'.
e: file:///D:/a13/orangechat/app/src/main/java/me/rerere/rikkahub/ui/pages/setting/SettingAboutPage.kt:247:54 Unresolved reference 'R'.
e: file:///D:/a13/orangechat/app/src/main/java/me/rerere/rikkahub/ui/pages/setting/SettingAboutPage.kt:252:71 Unresolved reference 'R'.
e: file:///D:/a13/orangechat/app/src/main/java/me/rerere/rikkahub/ui/pages/setting/SettingAboutPage.kt:253:69 Unresolved reference 'R'.
e: file:///D:/a13/orangechat/app/src/main/java/me/rerere/rikkahub/ui/pages/setting/SettingAboutPage.kt:259:52 Unresolved reference 'R'.
e: file:///D:/a13/orangechat/app/src/main/java/me/rerere/rikkahub/ui/pages/setting/SettingAboutPage.kt:260:54 Unresolved reference 'R'.
e: file:///D:/a13/orangechat/app/src/main/java/me/rerere/rikkahub/ui/pages/setting/SettingAboutPage.kt:265:71 Unresolved reference 'R'.
e: file:///D:/a13/orangechat/app/src/main/java/me/rerere/rikkahub/ui/pages/setting/SettingAboutPage.kt:266:69 Unresolved reference 'R'.
e: file:///D:/a13/orangechat/app/src/main/java/me/rerere/rikkahub/ui/pages/setting/SettingAboutPage.kt:273:47 Unresolved reference 'R'.
e: file:///D:/a13/orangechat/app/src/main/java/me/rerere/rikkahub/ui/pages/setting/SettingDisplayCodeInteractionPage.kt:33:27 Unresolved reference 'R'.
e: file:///D:/a13/orangechat/app/src/main/java/me/rerere/rikkahub/ui/pages/setting/SettingDisplayCodeInteractionPage.kt:74:51 Unresolved reference 'R'.
e: file:///D:/a13/orangechat/app/src/main/java/me/rerere/rikkahub/ui/pages/setting/SettingDisplayCodeInteractionPage.kt:77:65 Unresolved reference 'R'.
e: file:///D:/a13/orangechat/app/src/main/java/me/rerere/rikkahub/ui/pages/setting/SettingDisplayCodeInteractionPage.kt:78:67 Unresolved reference 'R'.
e: file:///D:/a13/orangechat/app/src/main/java/me/rerere/rikkahub/ui/pages/setting/SettingDisplayCodeInteractionPage.kt:89:65 Unresolved reference 'R'.
e: file:///D:/a13/orangechat/app/src/main/java/me/rerere/rikkahub/ui/pages/setting/SettingDisplayCodeInteractionPage.kt:90:67 Unresolved reference 'R'.
e: file:///D:/a13/orangechat/app/src/main/java/me/rerere/rikkahub/ui/pages/setting/SettingDisplayCodeInteractionPage.kt:101:65 Unresolved reference 'R'.
e: file:///D:/a13/orangechat/app/src/main/java/me/rerere/rikkahub/ui/pages/setting/SettingDisplayCodeInteractionPage.kt:102:67 Unresolved reference 'R'.
e: file:///D:/a13/orangechat/app/src/main/java/me/rerere/rikkahub/ui/pages/setting/SettingDisplayCodeInteractionPage.kt:119:51 Unresolved reference 'R'.
e: file:///D:/a13/orangechat/app/src/main/java/me/rerere/rikkahub/ui/pages/setting/SettingDisplayCodeInteractionPage.kt:122:65 Unresolved reference 'R'.
e: file:///D:/a13/orangechat/app/src/main/java/me/rerere/rikkahub/ui/pages/setting/SettingDisplayCodeInteractionPage.kt:123:67 Unresolved reference 'R'.
e: file:///D:/a13/orangechat/app/src/main/java/me/rerere/rikkahub/ui/pages/setting/SettingDisplayCodeInteractionPage.kt:134:65 Unresolved reference 'R'.
e: file:///D:/a13/orangechat/app/src/main/java/me/rerere/rikkahub/ui/pages/setting/SettingDisplayCodeInteractionPage.kt:135:67 Unresolved reference 'R'.
e: file:///D:/a13/orangechat/app/src/main/java/me/rerere/rikkahub/ui/pages/setting/SettingDisplayCodeInteractionPage.kt:147:69 Unresolved reference 'R'.
e: file:///D:/a13/orangechat/app/src/main/java/me/rerere/rikkahub/ui/pages/setting/SettingDisplayCodeInteractionPage.kt:148:71 Unresolved reference 'R'.
e: file:///D:/a13/orangechat/app/src/main/java/me/rerere/rikkahub/ui/pages/setting/SettingDisplayCodeInteractionPage.kt:160:65 Unresolved reference 'R'.
e: file:///D:/a13/orangechat/app/src/main/java/me/rerere/rikkahub/ui/pages/setting/SettingDisplayCodeInteractionPage.kt:161:67 Unresolved reference 'R'.
e: file:///D:/a13/orangechat/app/src/main/java/me/rerere/rikkahub/ui/pages/setting/SettingDisplayCodeInteractionPage.kt:172:65 Unresolved reference 'R'.
e: file:///D:/a13/orangechat/app/src/main/java/me/rerere/rikkahub/ui/pages/setting/SettingDisplayCodeInteractionPage.kt:174:49 Unresolved reference 'R'.
e: file:///D:/a13/orangechat/app/src/main/java/me/rerere/rikkahub/ui/pages/setting/SettingDisplayCodeInteractionPage.kt:186:65 Unresolved reference 'R'.
e: file:///D:/a13/orangechat/app/src/main/java/me/rerere/rikkahub/ui/pages/setting/SettingDisplayCodeInteractionPage.kt:187:67 Unresolved reference 'R'.
e: file:///D:/a13/orangechat/app/src/main/java/me/rerere/rikkahub/ui/pages/setting/SettingDisplayCodeInteractionPage.kt:198:65 Unresolved reference 'R'.
e: file:///D:/a13/orangechat/app/src/main/java/me/rerere/rikkahub/ui/pages/setting/SettingDisplayCodeInteractionPage.kt:199:67 Unresolved reference 'R'.
e: file:///D:/a13/orangechat/app/src/main/java/me/rerere/rikkahub/ui/pages/setting/SettingDisplayCodeInteractionPage.kt:210:65 Unresolved reference 'R'.
e: file:///D:/a13/orangechat/app/src/main/java/me/rerere/rikkahub/ui/pages/setting/SettingDisplayCodeInteractionPage.kt:211:67 Unresolved reference 'R'.
e: file:///D:/a13/orangechat/app/src/main/java/me/rerere/rikkahub/ui/pages/setting/SettingDisplayCodeInteractionPage.kt:222:65 Unresolved reference 'R'.
e: file:///D:/a13/orangechat/app/src/main/java/me/rerere/rikkahub/ui/pages/setting/SettingDisplayCodeInteractionPage.kt:223:67 Unresolved reference 'R'.
e: file:///D:/a13/orangechat/app/src/main/java/me/rerere/rikkahub/ui/pages/setting/SettingDisplayCodeInteractionPage.kt:235:69 Unresolved reference 'R'.
e: file:///D:/a13/orangechat/app/src/main/java/me/rerere/rikkahub/ui/pages/setting/SettingDisplayCodeInteractionPage.kt:257:65 Unresolved reference 'R'.
e: file:///D:/a13/orangechat/app/src/main/java/me/rerere/rikkahub/ui/pages/setting/SettingDisplayCodeInteractionPage.kt:258:67 Unresolved reference 'R'.
e: file:///D:/a13/orangechat/app/src/main/java/me/rerere/rikkahub/ui/pages/setting/SettingDisplayCodeInteractionPage.kt:270:69 Unresolved reference 'R'.
e: file:///D:/a13/orangechat/app/src/main/java/me/rerere/rikkahub/ui/pages/setting/SettingDisplayGeneralPage.kt:29:27 Unresolved reference 'R'.
e: file:///D:/a13/orangechat/app/src/main/java/me/rerere/rikkahub/ui/pages/setting/SettingDisplayGeneralPage.kt:75:51 Unresolved reference 'R'.
e: file:///D:/a13/orangechat/app/src/main/java/me/rerere/rikkahub/ui/pages/setting/SettingDisplayGeneralPage.kt:78:65 Unresolved reference 'R'.
e: file:///D:/a13/orangechat/app/src/main/java/me/rerere/rikkahub/ui/pages/setting/SettingDisplayGeneralPage.kt:79:67 Unresolved reference 'R'.
e: file:///D:/a13/orangechat/app/src/main/java/me/rerere/rikkahub/ui/pages/setting/SettingDisplayGeneralPage.kt:88:65 Unresolved reference 'R'.
e: file:///D:/a13/orangechat/app/src/main/java/me/rerere/rikkahub/ui/pages/setting/SettingDisplayGeneralPage.kt:89:67 Unresolved reference 'R'.
e: file:///D:/a13/orangechat/app/src/main/java/me/rerere/rikkahub/ui/pages/setting/SettingDisplayMessagePage.kt:46:27 Unresolved reference 'R'.
e: file:///D:/a13/orangechat/app/src/main/java/me/rerere/rikkahub/ui/pages/setting/SettingDisplayMessagePage.kt:108:51 Unresolved reference 'R'.
e: file:///D:/a13/orangechat/app/src/main/java/me/rerere/rikkahub/ui/pages/setting/SettingDisplayMessagePage.kt:111:65 Unresolved reference 'R'.
e: file:///D:/a13/orangechat/app/src/main/java/me/rerere/rikkahub/ui/pages/setting/SettingDisplayMessagePage.kt:112:67 Unresolved reference 'R'.
e: file:///D:/a13/orangechat/app/src/main/java/me/rerere/rikkahub/ui/pages/setting/SettingDisplayMessagePage.kt:123:65 Unresolved reference 'R'.
e: file:///D:/a13/orangechat/app/src/main/java/me/rerere/rikkahub/ui/pages/setting/SettingDisplayMessagePage.kt:124:67 Unresolved reference 'R'.
e: file:///D:/a13/orangechat/app/src/main/java/me/rerere/rikkahub/ui/pages/setting/SettingDisplayMessagePage.kt:135:65 Unresolved reference 'R'.
e: file:///D:/a13/orangechat/app/src/main/java/me/rerere/rikkahub/ui/pages/setting/SettingDisplayMessagePage.kt:136:67 Unresolved reference 'R'.
e: file:///D:/a13/orangechat/app/src/main/java/me/rerere/rikkahub/ui/pages/setting/SettingDisplayMessagePage.kt:147:65 Unresolved reference 'R'.
e: file:///D:/a13/orangechat/app/src/main/java/me/rerere/rikkahub/ui/pages/setting/SettingDisplayMessagePage.kt:148:67 Unresolved reference 'R'.
e: file:///D:/a13/orangechat/app/src/main/java/me/rerere/rikkahub/ui/pages/setting/SettingDisplayMessagePage.kt:159:65 Unresolved reference 'R'.
e: file:///D:/a13/orangechat/app/src/main/java/me/rerere/rikkahub/ui/pages/setting/SettingDisplayMessagePage.kt:160:67 Unresolved reference 'R'.
e: file:///D:/a13/orangechat/app/src/main/java/me/rerere/rikkahub/ui/pages/setting/SettingDisplayMessagePage.kt:171:65 Unresolved reference 'R'.
e: file:///D:/a13/orangechat/app/src/main/java/me/rerere/rikkahub/ui/pages/setting/SettingDisplayMessagePage.kt:172:67 Unresolved reference 'R'.
e: file:///D:/a13/orangechat/app/src/main/java/me/rerere/rikkahub/ui/pages/setting/SettingDisplayMessagePage.kt:183:65 Unresolved reference 'R'.
e: file:///D:/a13/orangechat/app/src/main/java/me/rerere/rikkahub/ui/pages/setting/SettingDisplayMessagePage.kt:184:67 Unresolved reference 'R'.
e: file:///D:/a13/orangechat/app/src/main/java/me/rerere/rikkahub/ui/pages/setting/SettingDisplayMessagePage.kt:195:65 Unresolved reference 'R'.
e: file:///D:/a13/orangechat/app/src/main/java/me/rerere/rikkahub/ui/pages/setting/SettingDisplayMessagePage.kt:196:67 Unresolved reference 'R'.
e: file:///D:/a13/orangechat/app/src/main/java/me/rerere/rikkahub/ui/pages/setting/SettingDisplayMessagePage.kt:207:65 Unresolved reference 'R'.
e: file:///D:/a13/orangechat/app/src/main/java/me/rerere/rikkahub/ui/pages/setting/SettingDisplayMessagePage.kt:208:67 Unresolved reference 'R'.
e: file:///D:/a13/orangechat/app/src/main/java/me/rerere/rikkahub/ui/pages/setting/SettingDisplayMessagePage.kt:219:66 Unresolved reference 'R'.
e: file:///D:/a13/orangechat/app/src/main/java/me/rerere/rikkahub/ui/pages/setting/SettingDisplayMessagePage.kt:220:64 Unresolved reference 'R'.
e: file:///D:/a13/orangechat/app/src/main/java/me/rerere/rikkahub/ui/pages/setting/SettingDisplayMessagePage.kt:221:68 Unresolved reference 'R'.
e: file:///D:/a13/orangechat/app/src/main/java/me/rerere/rikkahub/ui/pages/setting/SettingDisplayMessagePage.kt:224:65 Unresolved reference 'R'.
e: file:///D:/a13/orangechat/app/src/main/java/me/rerere/rikkahub/ui/pages/setting/SettingDisplayMessagePage.kt:255:65 Unresolved reference 'R'.
e: file:///D:/a13/orangechat/app/src/main/java/me/rerere/rikkahub/ui/pages/setting/SettingDisplayMessagePage.kt:275:62 Unresolved reference 'R'.
e: file:///D:/a13/orangechat/app/src/main/java/me/rerere/rikkahub/ui/pages/setting/SettingDisplayNotificationPage.kt:30:27 Unresolved reference 'R'.
e: file:///D:/a13/orangechat/app/src/main/java/me/rerere/rikkahub/ui/pages/setting/SettingDisplayNotificationPage.kt:84:65 Unresolved reference 'R'.
e: file:///D:/a13/orangechat/app/src/main/java/me/rerere/rikkahub/ui/pages/setting/SettingDisplayNotificationPage.kt:85:67 Unresolved reference 'R'.
e: file:///D:/a13/orangechat/app/src/main/java/me/rerere/rikkahub/ui/pages/setting/SettingDisplayNotificationPage.kt:100:69 Unresolved reference 'R'.
e: file:///D:/a13/orangechat/app/src/main/java/me/rerere/rikkahub/ui/pages/setting/SettingDisplayNotificationPage.kt:101:71 Unresolved reference 'R'.
e: file:///D:/a13/orangechat/app/src/main/java/me/rerere/rikkahub/ui/pages/setting/SettingDisplayNotificationPage.kt:119:51 Unresolved reference 'R'.
e: file:///D:/a13/orangechat/app/src/main/java/me/rerere/rikkahub/ui/pages/setting/SettingDisplayNotificationPage.kt:122:65 Unresolved reference 'R'.
e: file:///D:/a13/orangechat/app/src/main/java/me/rerere/rikkahub/ui/pages/setting/SettingDisplayNotificationPage.kt:123:67 Unresolved reference 'R'.
e: file:///D:/a13/orangechat/app/src/main/java/me/rerere/rikkahub/ui/pages/setting/SettingDisplayNotificationPage.kt:134:65 Unresolved reference 'R'.
e: file:///D:/a13/orangechat/app/src/main/java/me/rerere/rikkahub/ui/pages/setting/SettingDisplayNotificationPage.kt:135:67 Unresolved reference 'R'.
e: file:///D:/a13/orangechat/app/src/main/java/me/rerere/rikkahub/ui/pages/setting/SettingDisplayPage.kt:24:27 Unresolved reference 'R'.
e: file:///D:/a13/orangechat/app/src/main/java/me/rerere/rikkahub/ui/pages/setting/SettingDisplayPage.kt:41:41 Unresolved reference 'R'.
e: file:///D:/a13/orangechat/app/src/main/java/me/rerere/rikkahub/ui/pages/setting/SettingDisplayPage.kt:61:51 Unresolved reference 'R'.
e: file:///D:/a13/orangechat/app/src/main/java/me/rerere/rikkahub/ui/pages/setting/SettingDisplayThemePage.kt:37:27 Unresolved reference 'R'.
e: file:///D:/a13/orangechat/app/src/main/java/me/rerere/rikkahub/ui/pages/setting/SettingDisplayThemePage.kt:86:47 Unresolved reference 'R'.
e: file:///D:/a13/orangechat/app/src/main/java/me/rerere/rikkahub/ui/pages/setting/SettingDisplayThemePage.kt:102:65 Unresolved reference 'R'.
e: file:///D:/a13/orangechat/app/src/main/java/me/rerere/rikkahub/ui/pages/setting/SettingDisplayThemePage.kt:103:67 Unresolved reference 'R'.
e: file:///D:/a13/orangechat/app/src/main/java/me/rerere/rikkahub/ui/pages/setting/SettingDisplayThemePage.kt:147:65 Unresolved reference 'R'.
e: file:///D:/a13/orangechat/app/src/main/java/me/rerere/rikkahub/ui/pages/setting/SettingDisplayThemePage.kt:148:67 Unresolved reference 'R'.
e: file:///D:/a13/orangechat/app/src/main/java/me/rerere/rikkahub/ui/pages/setting/SettingDonatePage.kt:40:27 Unresolved reference 'R'.
e: file:///D:/a13/orangechat/app/src/main/java/me/rerere/rikkahub/ui/pages/setting/SettingDonatePage.kt:61:48 Unresolved reference 'R'.
e: file:///D:/a13/orangechat/app/src/main/java/me/rerere/rikkahub/ui/pages/setting/SettingDonatePage.kt:83:39 Unresolved reference 'R'.
e: file:///D:/a13/orangechat/app/src/main/java/me/rerere/rikkahub/ui/pages/setting/SettingDonatePage.kt:102:39 Unresolved reference 'R'.
e: file:///D:/a13/orangechat/app/src/main/java/me/rerere/rikkahub/ui/pages/setting/SettingDonatePage.kt:108:29 Unresolved reference 'R'.
e: file:///D:/a13/orangechat/app/src/main/java/me/rerere/rikkahub/ui/pages/setting/SettingDonatePage.kt:113:55 Unresolved reference 'R'.
e: file:///D:/a13/orangechat/app/src/main/java/me/rerere/rikkahub/ui/pages/setting/SettingDonatePage.kt:120:47 Unresolved reference 'R'.
e: file:///D:/a13/orangechat/app/src/main/java/me/rerere/rikkahub/ui/pages/setting/SettingDonatePage.kt:124:55 Unresolved reference 'R'.
e: file:///D:/a13/orangechat/app/src/main/java/me/rerere/rikkahub/ui/pages/setting/SettingFilesPage.kt:56:27 Unresolved reference 'R'.
e: file:///D:/a13/orangechat/app/src/main/java/me/rerere/rikkahub/ui/pages/setting/SettingFilesPage.kt:76:39 Unresolved reference 'R'.
e: file:///D:/a13/orangechat/app/src/main/java/me/rerere/rikkahub/ui/pages/setting/SettingFilesPage.kt:77:44 Unresolved reference 'R'.
e: file:///D:/a13/orangechat/app/src/main/java/me/rerere/rikkahub/ui/pages/setting/SettingFilesPage.kt:87:43 Unresolved reference 'R'.
e: file:///D:/a13/orangechat/app/src/main/java/me/rerere/rikkahub/ui/pages/setting/SettingFilesPage.kt:103:41 Unresolved reference 'R'.
e: file:///D:/a13/orangechat/app/src/main/java/me/rerere/rikkahub/ui/pages/setting/SettingFilesPage.kt:108:41 Unresolved reference 'R'.
e: file:///D:/a13/orangechat/app/src/main/java/me/rerere/rikkahub/ui/pages/setting/SettingFilesPage.kt:117:47 Unresolved reference 'R'.
e: file:///D:/a13/orangechat/app/src/main/java/me/rerere/rikkahub/ui/pages/setting/SettingFilesPage.kt:143:41 Unresolved reference 'R'.
e: file:///D:/a13/orangechat/app/src/main/java/me/rerere/rikkahub/ui/pages/setting/SettingFilesPage.kt:192:42 Unresolved reference 'R'.
e: file:///D:/a13/orangechat/app/src/main/java/me/rerere/rikkahub/ui/pages/setting/SettingFilesPage.kt:240:61 Unresolved reference 'R'.
e: file:///D:/a13/orangechat/app/src/main/java/me/rerere/rikkahub/ui/pages/setting/SettingMcpPage.kt:97:27 Unresolved reference 'R'.
e: file:///D:/a13/orangechat/app/src/main/java/me/rerere/rikkahub/ui/pages/setting/SettingMcpPage.kt:144:41 Unresolved reference 'R'.
e: file:///D:/a13/orangechat/app/src/main/java/me/rerere/rikkahub/ui/pages/setting/SettingMcpPage.kt:217:48 Unresolved reference 'R'.
e: file:///D:/a13/orangechat/app/src/main/java/me/rerere/rikkahub/ui/pages/setting/SettingMcpPage.kt:219:47 Unresolved reference 'R'.
e: file:///D:/a13/orangechat/app/src/main/java/me/rerere/rikkahub/ui/pages/setting/SettingMcpPage.kt:416:49 Unresolved reference 'R'.
e: file:///D:/a13/orangechat/app/src/main/java/me/rerere/rikkahub/ui/pages/setting/SettingMcpPage.kt:427:49 Unresolved reference 'R'.
e: file:///D:/a13/orangechat/app/src/main/java/me/rerere/rikkahub/ui/pages/setting/SettingMcpPage.kt:464:45 Unresolved reference 'R'.
e: file:///D:/a13/orangechat/app/src/main/java/me/rerere/rikkahub/ui/pages/setting/SettingMcpPage.kt:488:37 Unresolved reference 'R'.
e: file:///D:/a13/orangechat/app/src/main/java/me/rerere/rikkahub/ui/pages/setting/SettingMcpPage.kt:491:37 Unresolved reference 'R'.
e: file:///D:/a13/orangechat/app/src/main/java/me/rerere/rikkahub/ui/pages/setting/SettingMcpPage.kt:499:37 Unresolved reference 'R'.
e: file:///D:/a13/orangechat/app/src/main/java/me/rerere/rikkahub/ui/pages/setting/SettingMcpPage.kt:525:37 Unresolved reference 'R'.
e: file:///D:/a13/orangechat/app/src/main/java/me/rerere/rikkahub/ui/pages/setting/SettingMcpPage.kt:528:37 Unresolved reference 'R'.
e: file:///D:/a13/orangechat/app/src/main/java/me/rerere/rikkahub/ui/pages/setting/SettingMcpPage.kt:546:47 Unresolved reference 'R'.
e: file:///D:/a13/orangechat/app/src/main/java/me/rerere/rikkahub/ui/pages/setting/SettingMcpPage.kt:548:53 Unresolved reference 'R'.
e: file:///D:/a13/orangechat/app/src/main/java/me/rerere/rikkahub/ui/pages/setting/SettingMcpPage.kt:557:37 Unresolved reference 'R'.
e: file:///D:/a13/orangechat/app/src/main/java/me/rerere/rikkahub/ui/pages/setting/SettingMcpPage.kt:560:37 Unresolved reference 'R'.
e: file:///D:/a13/orangechat/app/src/main/java/me/rerere/rikkahub/ui/pages/setting/SettingMcpPage.kt:617:37 Unresolved reference 'R'.
e: file:///D:/a13/orangechat/app/src/main/java/me/rerere/rikkahub/ui/pages/setting/SettingMcpPage.kt:622:81 Unresolved reference 'R'.
e: file:///D:/a13/orangechat/app/src/main/java/me/rerere/rikkahub/ui/pages/setting/SettingMcpPage.kt:623:83 Unresolved reference 'R'.
e: file:///D:/a13/orangechat/app/src/main/java/me/rerere/rikkahub/ui/pages/setting/SettingMcpPage.kt:641:47 Unresolved reference 'R'.
e: file:///D:/a13/orangechat/app/src/main/java/me/rerere/rikkahub/ui/pages/setting/SettingMcpPage.kt:646:85 Unresolved reference 'R'.
e: file:///D:/a13/orangechat/app/src/main/java/me/rerere/rikkahub/ui/pages/setting/SettingMcpPage.kt:647:87 Unresolved reference 'R'.
e: file:///D:/a13/orangechat/app/src/main/java/me/rerere/rikkahub/ui/pages/setting/SettingMcpPage.kt:659:37 Unresolved reference 'R'.
e: file:///D:/a13/orangechat/app/src/main/java/me/rerere/rikkahub/ui/pages/setting/SettingMcpPage.kt:662:37 Unresolved reference 'R'.
e: file:///D:/a13/orangechat/app/src/main/java/me/rerere/rikkahub/ui/pages/setting/SettingMcpPage.kt:697:63 Unresolved reference 'R'.
e: file:///D:/a13/orangechat/app/src/main/java/me/rerere/rikkahub/ui/pages/setting/SettingMcpPage.kt:699:69 Unresolved reference 'R'.
e: file:///D:/a13/orangechat/app/src/main/java/me/rerere/rikkahub/ui/pages/setting/SettingMcpPage.kt:721:63 Unresolved reference 'R'.
e: file:///D:/a13/orangechat/app/src/main/java/me/rerere/rikkahub/ui/pages/setting/SettingMcpPage.kt:723:69 Unresolved reference 'R'.
e: file:///D:/a13/orangechat/app/src/main/java/me/rerere/rikkahub/ui/pages/setting/SettingMcpPage.kt:743:69 Unresolved reference 'R'.
e: file:///D:/a13/orangechat/app/src/main/java/me/rerere/rikkahub/ui/pages/setting/SettingMcpPage.kt:769:61 Unresolved reference 'R'.
e: file:///D:/a13/orangechat/app/src/main/java/me/rerere/rikkahub/ui/pages/setting/SettingMcpPage.kt:772:41 Unresolved reference 'R'.
e: file:///D:/a13/orangechat/app/src/main/java/me/rerere/rikkahub/ui/pages/setting/SettingMcpPage.kt:792:37 Unresolved reference 'R'.
e: file:///D:/a13/orangechat/app/src/main/java/me/rerere/rikkahub/ui/pages/setting/SettingMcpPage.kt:871:47 Unresolved reference 'R'.
e: file:///D:/a13/orangechat/app/src/main/java/me/rerere/rikkahub/ui/pages/setting/SettingMcpPage.kt:967:43 Unresolved reference 'R'.
e: file:///D:/a13/orangechat/app/src/main/java/me/rerere/rikkahub/ui/pages/setting/SettingMcpPage.kt:968:40 Unresolved reference 'R'.
e: file:///D:/a13/orangechat/app/src/main/java/me/rerere/rikkahub/ui/pages/setting/SettingMcpPage.kt:982:33 Unresolved reference 'R'.
e: file:///D:/a13/orangechat/app/src/main/java/me/rerere/rikkahub/ui/pages/setting/SettingMcpPage.kt:984:32 Unresolved reference 'R'.
e: file:///D:/a13/orangechat/app/src/main/java/me/rerere/rikkahub/ui/pages/setting/SettingMcpPage.kt:1006:41 Unresolved reference 'R'.
e: file:///D:/a13/orangechat/app/src/main/java/me/rerere/rikkahub/ui/pages/setting/SettingMcpPage.kt:1022:41 Unresolved reference 'R'.
e: file:///D:/a13/orangechat/app/src/main/java/me/rerere/rikkahub/ui/pages/setting/SettingModelPage.kt:61:27 Unresolved reference 'R'.
e: file:///D:/a13/orangechat/app/src/main/java/me/rerere/rikkahub/ui/pages/setting/SettingModelPage.kt:85:41 Unresolved reference 'R'.
e: file:///D:/a13/orangechat/app/src/main/java/me/rerere/rikkahub/ui/pages/setting/SettingModelPage.kt:138:32 Unresolved reference 'R'.
e: file:///D:/a13/orangechat/app/src/main/java/me/rerere/rikkahub/ui/pages/setting/SettingModelPage.kt:143:33 Unresolved reference 'R'.
e: file:///D:/a13/orangechat/app/src/main/java/me/rerere/rikkahub/ui/pages/setting/SettingModelPage.kt:190:45 Unresolved reference 'R'.
e: file:///D:/a13/orangechat/app/src/main/java/me/rerere/rikkahub/ui/pages/setting/SettingModelPage.kt:203:45 Unresolved reference 'R'.
e: file:///D:/a13/orangechat/app/src/main/java/me/rerere/rikkahub/ui/pages/setting/SettingModelPage.kt:206:45 Unresolved reference 'R'.
e: file:///D:/a13/orangechat/app/src/main/java/me/rerere/rikkahub/ui/pages/setting/SettingModelPage.kt:230:45 Unresolved reference 'R'.
e: file:///D:/a13/orangechat/app/src/main/java/me/rerere/rikkahub/ui/pages/setting/SettingModelPage.kt:247:39 Unresolved reference 'R'.
e: file:///D:/a13/orangechat/app/src/main/java/me/rerere/rikkahub/ui/pages/setting/SettingModelPage.kt:252:33 Unresolved reference 'R'.
e: file:///D:/a13/orangechat/app/src/main/java/me/rerere/rikkahub/ui/pages/setting/SettingModelPage.kt:300:45 Unresolved reference 'R'.
e: file:///D:/a13/orangechat/app/src/main/java/me/rerere/rikkahub/ui/pages/setting/SettingModelPage.kt:303:45 Unresolved reference 'R'.
e: file:///D:/a13/orangechat/app/src/main/java/me/rerere/rikkahub/ui/pages/setting/SettingModelPage.kt:327:45 Unresolved reference 'R'.
e: file:///D:/a13/orangechat/app/src/main/java/me/rerere/rikkahub/ui/pages/setting/SettingModelPage.kt:343:33 Unresolved reference 'R'.
e: file:///D:/a13/orangechat/app/src/main/java/me/rerere/rikkahub/ui/pages/setting/SettingModelPage.kt:346:33 Unresolved reference 'R'.
e: file:///D:/a13/orangechat/app/src/main/java/me/rerere/rikkahub/ui/pages/setting/SettingModelPage.kt:394:45 Unresolved reference 'R'.
e: file:///D:/a13/orangechat/app/src/main/java/me/rerere/rikkahub/ui/pages/setting/SettingModelPage.kt:397:45 Unresolved reference 'R'.
e: file:///D:/a13/orangechat/app/src/main/java/me/rerere/rikkahub/ui/pages/setting/SettingModelPage.kt:421:45 Unresolved reference 'R'.
e: file:///D:/a13/orangechat/app/src/main/java/me/rerere/rikkahub/ui/pages/setting/SettingModelPage.kt:439:33 Unresolved reference 'R'.
e: file:///D:/a13/orangechat/app/src/main/java/me/rerere/rikkahub/ui/pages/setting/SettingModelPage.kt:442:33 Unresolved reference 'R'.
e: file:///D:/a13/orangechat/app/src/main/java/me/rerere/rikkahub/ui/pages/setting/SettingModelPage.kt:473:32 Unresolved reference 'R'.
e: file:///D:/a13/orangechat/app/src/main/java/me/rerere/rikkahub/ui/pages/setting/SettingModelPage.kt:478:33 Unresolved reference 'R'.
e: file:///D:/a13/orangechat/app/src/main/java/me/rerere/rikkahub/ui/pages/setting/SettingModelPage.kt:525:45 Unresolved reference 'R'.
e: file:///D:/a13/orangechat/app/src/main/java/me/rerere/rikkahub/ui/pages/setting/SettingModelPage.kt:528:45 Unresolved reference 'R'.
e: file:///D:/a13/orangechat/app/src/main/java/me/rerere/rikkahub/ui/pages/setting/SettingModelPage.kt:552:45 Unresolved reference 'R'.
e: file:///D:/a13/orangechat/app/src/main/java/me/rerere/rikkahub/ui/pages/setting/SettingModelPage.kt:569:32 Unresolved reference 'R'.
e: file:///D:/a13/orangechat/app/src/main/java/me/rerere/rikkahub/ui/pages/setting/SettingModelPage.kt:574:33 Unresolved reference 'R'.
e: file:///D:/a13/orangechat/app/src/main/java/me/rerere/rikkahub/ui/pages/setting/SettingModelPage.kt:621:45 Unresolved reference 'R'.
e: file:///D:/a13/orangechat/app/src/main/java/me/rerere/rikkahub/ui/pages/setting/SettingModelPage.kt:624:45 Unresolved reference 'R'.
e: file:///D:/a13/orangechat/app/src/main/java/me/rerere/rikkahub/ui/pages/setting/SettingModelPage.kt:648:45 Unresolved reference 'R'.
e: file:///D:/a13/orangechat/app/src/main/java/me/rerere/rikkahub/ui/pages/setting/SettingPage.kt:76:27 Unresolved reference 'R'.
e: file:///D:/a13/orangechat/app/src/main/java/me/rerere/rikkahub/ui/pages/setting/SettingPage.kt:109:43 Unresolved reference 'R'.
e: file:///D:/a13/orangechat/app/src/main/java/me/rerere/rikkahub/ui/pages/setting/SettingPage.kt:110:42 Unresolved reference 'R'.
e: file:///D:/a13/orangechat/app/src/main/java/me/rerere/rikkahub/ui/pages/setting/SettingPage.kt:116:41 Unresolved reference 'R'.
e: file:///D:/a13/orangechat/app/src/main/java/me/rerere/rikkahub/ui/pages/setting/SettingPage.kt:123:41 Unresolved reference 'R'.
e: file:///D:/a13/orangechat/app/src/main/java/me/rerere/rikkahub/ui/pages/setting/SettingPage.kt:133:48 Unresolved reference 'R'.
e: file:///D:/a13/orangechat/app/src/main/java/me/rerere/rikkahub/ui/pages/setting/SettingPage.kt:161:56 Unresolved reference 'R'.
e: file:///D:/a13/orangechat/app/src/main/java/me/rerere/rikkahub/ui/pages/setting/SettingPage.kt:162:55 Unresolved reference 'R'.
e: file:///D:/a13/orangechat/app/src/main/java/me/rerere/rikkahub/ui/pages/setting/SettingPage.kt:163:54 Unresolved reference 'R'.
e: file:///D:/a13/orangechat/app/src/main/java/me/rerere/rikkahub/ui/pages/setting/SettingPage.kt:167:51 Unresolved reference 'R'.
e: file:///D:/a13/orangechat/app/src/main/java/me/rerere/rikkahub/ui/pages/setting/SettingPage.kt:185:76 Unresolved reference 'R'.
e: file:///D:/a13/orangechat/app/src/main/java/me/rerere/rikkahub/ui/pages/setting/SettingPage.kt:186:75 Unresolved reference 'R'.
e: file:///D:/a13/orangechat/app/src/main/java/me/rerere/rikkahub/ui/pages/setting/SettingPage.kt:187:74 Unresolved reference 'R'.
e: file:///D:/a13/orangechat/app/src/main/java/me/rerere/rikkahub/ui/pages/setting/SettingPage.kt:193:65 Unresolved reference 'R'.
e: file:///D:/a13/orangechat/app/src/main/java/me/rerere/rikkahub/ui/pages/setting/SettingPage.kt:199:67 Unresolved reference 'R'.
e: file:///D:/a13/orangechat/app/src/main/java/me/rerere/rikkahub/ui/pages/setting/SettingPage.kt:200:65 Unresolved reference 'R'.
e: file:///D:/a13/orangechat/app/src/main/java/me/rerere/rikkahub/ui/pages/setting/SettingPage.kt:217:67 Unresolved reference 'R'.
e: file:///D:/a13/orangechat/app/src/main/java/me/rerere/rikkahub/ui/pages/setting/SettingPage.kt:218:65 Unresolved reference 'R'.
e: file:///D:/a13/orangechat/app/src/main/java/me/rerere/rikkahub/ui/pages/setting/SettingPage.kt:223:67 Unresolved reference 'R'.
e: file:///D:/a13/orangechat/app/src/main/java/me/rerere/rikkahub/ui/pages/setting/SettingPage.kt:224:65 Unresolved reference 'R'.
e: file:///D:/a13/orangechat/app/src/main/java/me/rerere/rikkahub/ui/pages/setting/SettingPage.kt:232:51 Unresolved reference 'R'.
e: file:///D:/a13/orangechat/app/src/main/java/me/rerere/rikkahub/ui/pages/setting/SettingPage.kt:237:67 Unresolved reference 'R'.
e: file:///D:/a13/orangechat/app/src/main/java/me/rerere/rikkahub/ui/pages/setting/SettingPage.kt:238:65 Unresolved reference 'R'.
e: file:///D:/a13/orangechat/app/src/main/java/me/rerere/rikkahub/ui/pages/setting/SettingPage.kt:243:67 Unresolved reference 'R'.
e: file:///D:/a13/orangechat/app/src/main/java/me/rerere/rikkahub/ui/pages/setting/SettingPage.kt:244:65 Unresolved reference 'R'.
e: file:///D:/a13/orangechat/app/src/main/java/me/rerere/rikkahub/ui/pages/setting/SettingPage.kt:249:67 Unresolved reference 'R'.
e: file:///D:/a13/orangechat/app/src/main/java/me/rerere/rikkahub/ui/pages/setting/SettingPage.kt:250:65 Unresolved reference 'R'.
e: file:///D:/a13/orangechat/app/src/main/java/me/rerere/rikkahub/ui/pages/setting/SettingPage.kt:255:67 Unresolved reference 'R'.
e: file:///D:/a13/orangechat/app/src/main/java/me/rerere/rikkahub/ui/pages/setting/SettingPage.kt:256:65 Unresolved reference 'R'.
e: file:///D:/a13/orangechat/app/src/main/java/me/rerere/rikkahub/ui/pages/setting/SettingPage.kt:261:67 Unresolved reference 'R'.
e: file:///D:/a13/orangechat/app/src/main/java/me/rerere/rikkahub/ui/pages/setting/SettingPage.kt:262:65 Unresolved reference 'R'.
e: file:///D:/a13/orangechat/app/src/main/java/me/rerere/rikkahub/ui/pages/setting/SettingPage.kt:267:67 Unresolved reference 'R'.
e: file:///D:/a13/orangechat/app/src/main/java/me/rerere/rikkahub/ui/pages/setting/SettingPage.kt:268:65 Unresolved reference 'R'.
e: file:///D:/a13/orangechat/app/src/main/java/me/rerere/rikkahub/ui/pages/setting/SettingPage.kt:315:51 Unresolved reference 'R'.
e: file:///D:/a13/orangechat/app/src/main/java/me/rerere/rikkahub/ui/pages/setting/SettingPage.kt:320:67 Unresolved reference 'R'.
e: file:///D:/a13/orangechat/app/src/main/java/me/rerere/rikkahub/ui/pages/setting/SettingPage.kt:321:65 Unresolved reference 'R'.
e: file:///D:/a13/orangechat/app/src/main/java/me/rerere/rikkahub/ui/pages/setting/SettingPage.kt:328:53 Unresolved reference 'R'.
e: file:///D:/a13/orangechat/app/src/main/java/me/rerere/rikkahub/ui/pages/setting/SettingPage.kt:332:41 Unresolved reference 'R'.
e: file:///D:/a13/orangechat/app/src/main/java/me/rerere/rikkahub/ui/pages/setting/SettingPage.kt:339:65 Unresolved reference 'R'.
e: file:///D:/a13/orangechat/app/src/main/java/me/rerere/rikkahub/ui/pages/setting/SettingPage.kt:346:48 Unresolved reference 'R'.
e: file:///D:/a13/orangechat/app/src/main/java/me/rerere/rikkahub/ui/pages/setting/SettingPage.kt:347:44 Unresolved reference 'R'.
e: file:///D:/a13/orangechat/app/src/main/java/me/rerere/rikkahub/ui/pages/setting/SettingPage.kt:348:49 Unresolved reference 'R'.
e: file:///D:/a13/orangechat/app/src/main/java/me/rerere/rikkahub/ui/pages/setting/SettingPage.kt:351:51 Unresolved reference 'R'.
e: file:///D:/a13/orangechat/app/src/main/java/me/rerere/rikkahub/ui/pages/setting/SettingPage.kt:356:67 Unresolved reference 'R'.
e: file:///D:/a13/orangechat/app/src/main/java/me/rerere/rikkahub/ui/pages/setting/SettingPage.kt:386:65 Unresolved reference 'R'.
e: file:///D:/a13/orangechat/app/src/main/java/me/rerere/rikkahub/ui/pages/setting/SettingPage.kt:391:67 Unresolved reference 'R'.
e: file:///D:/a13/orangechat/app/src/main/java/me/rerere/rikkahub/ui/pages/setting/SettingPage.kt:392:65 Unresolved reference 'R'.
e: file:///D:/a13/orangechat/app/src/main/java/me/rerere/rikkahub/ui/pages/setting/SettingPage.kt:397:67 Unresolved reference 'R'.
e: file:///D:/a13/orangechat/app/src/main/java/me/rerere/rikkahub/ui/pages/setting/SettingPage.kt:398:65 Unresolved reference 'R'.
e: file:///D:/a13/orangechat/app/src/main/java/me/rerere/rikkahub/ui/pages/setting/SettingPage.kt:409:67 Unresolved reference 'R'.
e: file:///D:/a13/orangechat/app/src/main/java/me/rerere/rikkahub/ui/pages/setting/SettingPage.kt:410:65 Unresolved reference 'R'.
e: file:///D:/a13/orangechat/app/src/main/java/me/rerere/rikkahub/ui/pages/setting/SettingPage.kt:424:67 Unresolved reference 'R'.
e: file:///D:/a13/orangechat/app/src/main/java/me/rerere/rikkahub/ui/pages/setting/SettingPage.kt:425:65 Unresolved reference 'R'.
e: file:///D:/a13/orangechat/app/src/main/java/me/rerere/rikkahub/ui/pages/setting/SettingPage.kt:449:41 Unresolved reference 'R'.
e: file:///D:/a13/orangechat/app/src/main/java/me/rerere/rikkahub/ui/pages/setting/SettingPage.kt:452:41 Unresolved reference 'R'.
e: file:///D:/a13/orangechat/app/src/main/java/me/rerere/rikkahub/ui/pages/setting/SettingPage.kt:467:37 Unresolved reference 'R'.
e: file:///D:/a13/orangechat/app/src/main/java/me/rerere/rikkahub/ui/pages/setting/SettingProactiveMessagePage.kt:37:27 Unresolved reference 'R'.
e: file:///D:/a13/orangechat/app/src/main/java/me/rerere/rikkahub/ui/pages/setting/SettingProactiveMessagePage.kt:58:36 Unresolved reference 'R'.
e: file:///D:/a13/orangechat/app/src/main/java/me/rerere/rikkahub/ui/pages/setting/SettingProactiveMessagePage.kt:59:38 Unresolved reference 'R'.
e: file:///D:/a13/orangechat/app/src/main/java/me/rerere/rikkahub/ui/pages/setting/SettingProactiveMessagePage.kt:73:36 Unresolved reference 'R'.
e: file:///D:/a13/orangechat/app/src/main/java/me/rerere/rikkahub/ui/pages/setting/SettingProactiveMessagePage.kt:74:38 Unresolved reference 'R'.
e: file:///D:/a13/orangechat/app/src/main/java/me/rerere/rikkahub/ui/pages/setting/SettingProviderDetailPage.kt:109:27 Unresolved reference 'R'.
e: file:///D:/a13/orangechat/app/src/main/java/me/rerere/rikkahub/ui/pages/setting/SettingProviderDetailPage.kt:203:56 Unresolved reference 'R'.
e: file:///D:/a13/orangechat/app/src/main/java/me/rerere/rikkahub/ui/pages/setting/SettingProviderDetailPage.kt:213:56 Unresolved reference 'R'.
e: file:///D:/a13/orangechat/app/src/main/java/me/rerere/rikkahub/ui/pages/setting/SettingProviderDetailPage.kt:237:51 Unresolved reference 'R'.
e: file:///D:/a13/orangechat/app/src/main/java/me/rerere/rikkahub/ui/pages/setting/SettingProviderDetailPage.kt:320:57 Unresolved reference 'R'.
e: file:///D:/a13/orangechat/app/src/main/java/me/rerere/rikkahub/ui/pages/setting/SettingProviderDetailPage.kt:329:37 Unresolved reference 'R'.
e: file:///D:/a13/orangechat/app/src/main/java/me/rerere/rikkahub/ui/pages/setting/SettingProviderDetailPage.kt:348:37 Unresolved reference 'R'.
e: file:///D:/a13/orangechat/app/src/main/java/me/rerere/rikkahub/ui/pages/setting/SettingProviderDetailPage.kt:351:37 Unresolved reference 'R'.
e: file:///D:/a13/orangechat/app/src/main/java/me/rerere/rikkahub/ui/pages/setting/SettingProviderDetailPage.kt:355:41 Unresolved reference 'R'.
e: file:///D:/a13/orangechat/app/src/main/java/me/rerere/rikkahub/ui/pages/setting/SettingProviderDetailPage.kt:365:41 Unresolved reference 'R'.
e: file:///D:/a13/orangechat/app/src/main/java/me/rerere/rikkahub/ui/pages/setting/SettingProviderDetailPage.kt:431:51 Unresolved reference 'R'.
e: file:///D:/a13/orangechat/app/src/main/java/me/rerere/rikkahub/ui/pages/setting/SettingProviderDetailPage.kt:436:51 Unresolved reference 'R'.
e: file:///D:/a13/orangechat/app/src/main/java/me/rerere/rikkahub/ui/pages/setting/SettingProviderDetailPage.kt:533:46 Unresolved reference 'R'.
e: file:///D:/a13/orangechat/app/src/main/java/me/rerere/rikkahub/ui/pages/setting/SettingProviderDetailPage.kt:542:46 Unresolved reference 'R'.
e: file:///D:/a13/orangechat/app/src/main/java/me/rerere/rikkahub/ui/pages/setting/SettingProviderDetailPage.kt:551:46 Unresolved reference 'R'.
e: file:///D:/a13/orangechat/app/src/main/java/me/rerere/rikkahub/ui/pages/setting/SettingProviderDetailPage.kt:576:59 Unresolved reference 'R'.
e: file:///D:/a13/orangechat/app/src/main/java/me/rerere/rikkahub/ui/pages/setting/SettingProviderDetailPage.kt:580:57 Unresolved reference 'R'.
e: file:///D:/a13/orangechat/app/src/main/java/me/rerere/rikkahub/ui/pages/setting/SettingProviderDetailPage.kt:591:71 Unresolved reference 'R'.
e: file:///D:/a13/orangechat/app/src/main/java/me/rerere/rikkahub/ui/pages/setting/SettingProviderDetailPage.kt:591:118 Unresolved reference 'R'.
e: file:///D:/a13/orangechat/app/src/main/java/me/rerere/rikkahub/ui/pages/setting/SettingProviderDetailPage.kt:595:57 Unresolved reference 'R'.
e: file:///D:/a13/orangechat/app/src/main/java/me/rerere/rikkahub/ui/pages/setting/SettingProviderDetailPage.kt:750:57 Unresolved reference 'R'.
e: file:///D:/a13/orangechat/app/src/main/java/me/rerere/rikkahub/ui/pages/setting/SettingProviderDetailPage.kt:755:40 Unresolved reference 'R'.
e: file:///D:/a13/orangechat/app/src/main/java/me/rerere/rikkahub/ui/pages/setting/SettingProviderDetailPage.kt:794:47 Unresolved reference 'R'.
e: file:///D:/a13/orangechat/app/src/main/java/me/rerere/rikkahub/ui/pages/setting/SettingProviderDetailPage.kt:820:49 Unresolved reference 'R'.
e: file:///D:/a13/orangechat/app/src/main/java/me/rerere/rikkahub/ui/pages/setting/SettingProviderDetailPage.kt:829:49 Unresolved reference 'R'.
e: file:///D:/a13/orangechat/app/src/main/java/me/rerere/rikkahub/ui/pages/setting/SettingProviderDetailPage.kt:882:47 Unresolved reference 'R'.
e: file:///D:/a13/orangechat/app/src/main/java/me/rerere/rikkahub/ui/pages/setting/SettingProviderDetailPage.kt:901:33 Unresolved reference 'R'.
e: file:///D:/a13/orangechat/app/src/main/java/me/rerere/rikkahub/ui/pages/setting/SettingProviderDetailPage.kt:903:51 Unresolved reference 'R'.
e: file:///D:/a13/orangechat/app/src/main/java/me/rerere/rikkahub/ui/pages/setting/SettingProviderDetailPage.kt:986:51 Unresolved reference 'R'.
e: file:///D:/a13/orangechat/app/src/main/java/me/rerere/rikkahub/ui/pages/setting/SettingProviderDetailPage.kt:989:45 Unresolved reference 'R'.
e: file:///D:/a13/orangechat/app/src/main/java/me/rerere/rikkahub/ui/pages/setting/SettingProviderDetailPage.kt:1020:24 Unresolved reference 'R'.
e: file:///D:/a13/orangechat/app/src/main/java/me/rerere/rikkahub/ui/pages/setting/SettingProviderDetailPage.kt:1033:51 Unresolved reference 'R'.
e: file:///D:/a13/orangechat/app/src/main/java/me/rerere/rikkahub/ui/pages/setting/SettingProviderDetailPage.kt:1034:56 Unresolved reference 'R'.
e: file:///D:/a13/orangechat/app/src/main/java/me/rerere/rikkahub/ui/pages/setting/SettingProviderDetailPage.kt:1035:52 Unresolved reference 'R'.
e: file:///D:/a13/orangechat/app/src/main/java/me/rerere/rikkahub/ui/pages/setting/SettingProviderDetailPage.kt:1057:28 Unresolved reference 'R'.
e: file:///D:/a13/orangechat/app/src/main/java/me/rerere/rikkahub/ui/pages/setting/SettingProviderDetailPage.kt:1078:50 Unresolved reference 'R'.
e: file:///D:/a13/orangechat/app/src/main/java/me/rerere/rikkahub/ui/pages/setting/SettingProviderDetailPage.kt:1079:51 Unresolved reference 'R'.
e: file:///D:/a13/orangechat/app/src/main/java/me/rerere/rikkahub/ui/pages/setting/SettingProviderDetailPage.kt:1088:28 Unresolved reference 'R'.
e: file:///D:/a13/orangechat/app/src/main/java/me/rerere/rikkahub/ui/pages/setting/SettingProviderDetailPage.kt:1109:50 Unresolved reference 'R'.
e: file:///D:/a13/orangechat/app/src/main/java/me/rerere/rikkahub/ui/pages/setting/SettingProviderDetailPage.kt:1110:51 Unresolved reference 'R'.
e: file:///D:/a13/orangechat/app/src/main/java/me/rerere/rikkahub/ui/pages/setting/SettingProviderDetailPage.kt:1126:24 Unresolved reference 'R'.
e: file:///D:/a13/orangechat/app/src/main/java/me/rerere/rikkahub/ui/pages/setting/SettingProviderDetailPage.kt:1147:54 Unresolved reference 'R'.
e: file:///D:/a13/orangechat/app/src/main/java/me/rerere/rikkahub/ui/pages/setting/SettingProviderDetailPage.kt:1148:59 Unresolved reference 'R'.
e: file:///D:/a13/orangechat/app/src/main/java/me/rerere/rikkahub/ui/pages/setting/SettingProviderDetailPage.kt:1207:51 Unresolved reference 'R'.
e: file:///D:/a13/orangechat/app/src/main/java/me/rerere/rikkahub/ui/pages/setting/SettingProviderDetailPage.kt:1235:49 Unresolved reference 'R'.
e: file:///D:/a13/orangechat/app/src/main/java/me/rerere/rikkahub/ui/pages/setting/SettingProviderDetailPage.kt:1244:49 Unresolved reference 'R'.
e: file:///D:/a13/orangechat/app/src/main/java/me/rerere/rikkahub/ui/pages/setting/SettingProviderDetailPage.kt:1281:61 Unresolved reference 'R'.
e: file:///D:/a13/orangechat/app/src/main/java/me/rerere/rikkahub/ui/pages/setting/SettingProviderDetailPage.kt:1361:35 Unresolved reference 'R'.
e: file:///D:/a13/orangechat/app/src/main/java/me/rerere/rikkahub/ui/pages/setting/SettingProviderDetailPage.kt:1366:35 Unresolved reference 'R'.
e: file:///D:/a13/orangechat/app/src/main/java/me/rerere/rikkahub/ui/pages/setting/SettingProviderDetailPage.kt:1373:32 Unresolved reference 'R'.
e: file:///D:/a13/orangechat/app/src/main/java/me/rerere/rikkahub/ui/pages/setting/SettingProviderDetailPage.kt:1374:32 Unresolved reference 'R'.
e: file:///D:/a13/orangechat/app/src/main/java/me/rerere/rikkahub/ui/pages/setting/SettingProviderDetailPage.kt:1377:32 Unresolved reference 'R'.
e: file:///D:/a13/orangechat/app/src/main/java/me/rerere/rikkahub/ui/pages/setting/SettingProviderDetailPage.kt:1378:32 Unresolved reference 'R'.
e: file:///D:/a13/orangechat/app/src/main/java/me/rerere/rikkahub/ui/pages/setting/SettingProviderDetailPage.kt:1381:32 Unresolved reference 'R'.
e: file:///D:/a13/orangechat/app/src/main/java/me/rerere/rikkahub/ui/pages/setting/SettingProviderDetailPage.kt:1382:32 Unresolved reference 'R'.
e: file:///D:/a13/orangechat/app/src/main/java/me/rerere/rikkahub/ui/pages/setting/SettingProviderDetailPage.kt:1441:35 Unresolved reference 'R'.
e: file:///D:/a13/orangechat/app/src/main/java/me/rerere/rikkahub/ui/pages/setting/SettingProviderDetailPage.kt:1446:35 Unresolved reference 'R'.
e: file:///D:/a13/orangechat/app/src/main/java/me/rerere/rikkahub/ui/pages/setting/SettingProviderDetailPage.kt:1507:37 Unresolved reference 'R'.
e: file:///D:/a13/orangechat/app/src/main/java/me/rerere/rikkahub/ui/pages/setting/SettingProviderDetailPage.kt:1530:47 Unresolved reference 'R'.
e: file:///D:/a13/orangechat/app/src/main/java/me/rerere/rikkahub/ui/pages/setting/SettingProviderDetailPage.kt:1556:49 Unresolved reference 'R'.
e: file:///D:/a13/orangechat/app/src/main/java/me/rerere/rikkahub/ui/pages/setting/SettingProviderDetailPage.kt:1565:49 Unresolved reference 'R'.
e: file:///D:/a13/orangechat/app/src/main/java/me/rerere/rikkahub/ui/pages/setting/SettingProviderPage.kt:76:27 Unresolved reference 'R'.
e: file:///D:/a13/orangechat/app/src/main/java/me/rerere/rikkahub/ui/pages/setting/SettingProviderPage.kt:125:48 Unresolved reference 'R'.
e: file:///D:/a13/orangechat/app/src/main/java/me/rerere/rikkahub/ui/pages/setting/SettingProviderPage.kt:181:53 Unresolved reference 'R'.
e: file:///D:/a13/orangechat/app/src/main/java/me/rerere/rikkahub/ui/pages/setting/SettingProviderPage.kt:282:43 Unresolved reference 'R'.
e: file:///D:/a13/orangechat/app/src/main/java/me/rerere/rikkahub/ui/pages/setting/SettingProviderPage.kt:291:47 Unresolved reference 'R'.
e: file:///D:/a13/orangechat/app/src/main/java/me/rerere/rikkahub/ui/pages/setting/SettingProviderPage.kt:323:59 Unresolved reference 'R'.
e: file:///D:/a13/orangechat/app/src/main/java/me/rerere/rikkahub/ui/pages/setting/SettingProviderPage.kt:356:59 Unresolved reference 'R'.
e: file:///D:/a13/orangechat/app/src/main/java/me/rerere/rikkahub/ui/pages/setting/SettingProviderPage.kt:371:47 Unresolved reference 'R'.
e: file:///D:/a13/orangechat/app/src/main/java/me/rerere/rikkahub/ui/pages/setting/SettingProviderPage.kt:391:25 Unresolved reference 'R'.
e: file:///D:/a13/orangechat/app/src/main/java/me/rerere/rikkahub/ui/pages/setting/SettingProviderPage.kt:399:39 Unresolved reference 'R'.
e: file:///D:/a13/orangechat/app/src/main/java/me/rerere/rikkahub/ui/pages/setting/SettingProviderPage.kt:408:39 Unresolved reference 'R'.
e: file:///D:/a13/orangechat/app/src/main/java/me/rerere/rikkahub/ui/pages/setting/SettingProviderPage.kt:417:31 Unresolved reference 'R'.
e: file:///D:/a13/orangechat/app/src/main/java/me/rerere/rikkahub/ui/pages/setting/SettingProviderPage.kt:435:35 Unresolved reference 'R'.
e: file:///D:/a13/orangechat/app/src/main/java/me/rerere/rikkahub/ui/pages/setting/SettingProviderPage.kt:444:31 Unresolved reference 'R'.
e: file:///D:/a13/orangechat/app/src/main/java/me/rerere/rikkahub/ui/pages/setting/SettingProviderPage.kt:449:31 Unresolved reference 'R'.
e: file:///D:/a13/orangechat/app/src/main/java/me/rerere/rikkahub/ui/pages/setting/SettingProviderPage.kt:476:37 Unresolved reference 'R'.
e: file:///D:/a13/orangechat/app/src/main/java/me/rerere/rikkahub/ui/pages/setting/SettingProviderPage.kt:491:41 Unresolved reference 'R'.
e: file:///D:/a13/orangechat/app/src/main/java/me/rerere/rikkahub/ui/pages/setting/SettingProviderPage.kt:500:41 Unresolved reference 'R'.
e: file:///D:/a13/orangechat/app/src/main/java/me/rerere/rikkahub/ui/pages/setting/SettingProviderPage.kt:560:67 Unresolved reference 'R'.
e: file:///D:/a13/orangechat/app/src/main/java/me/rerere/rikkahub/ui/pages/setting/SettingProviderPage.kt:560:111 Unresolved reference 'R'.
e: file:///D:/a13/orangechat/app/src/main/java/me/rerere/rikkahub/ui/pages/setting/SettingProviderPage.kt:565:33 Unresolved reference 'R'.
e: file:///D:/a13/orangechat/app/src/main/java/me/rerere/rikkahub/ui/pages/setting/SettingQqBotPage.kt:41:27 Unresolved reference 'R'.
e: file:///D:/a13/orangechat/app/src/main/java/me/rerere/rikkahub/ui/pages/setting/SettingQqBotPage.kt:76:36 Unresolved reference 'R'.
e: file:///D:/a13/orangechat/app/src/main/java/me/rerere/rikkahub/ui/pages/setting/SettingQqBotPage.kt:77:38 Unresolved reference 'R'.
e: file:///D:/a13/orangechat/app/src/main/java/me/rerere/rikkahub/ui/pages/setting/SettingSearchDetailPage.kt:56:27 Unresolved reference 'R'.
e: file:///D:/a13/orangechat/app/src/main/java/me/rerere/rikkahub/ui/pages/setting/SettingSearchDetailPage.kt:114:69 Unresolved reference 'R'.
e: file:///D:/a13/orangechat/app/src/main/java/me/rerere/rikkahub/ui/pages/setting/SettingSearchDetailPage.kt:147:51 Unresolved reference 'R'.
e: file:///D:/a13/orangechat/app/src/main/java/me/rerere/rikkahub/ui/pages/setting/SettingSearchDetailPage.kt:255:39 Unresolved reference 'R'.
e: file:///D:/a13/orangechat/app/src/main/java/me/rerere/rikkahub/ui/pages/setting/SettingSearchDetailPage.kt:267:57 Unresolved reference 'R'.
e: file:///D:/a13/orangechat/app/src/main/java/me/rerere/rikkahub/ui/pages/setting/SettingSearchDetailPage.kt:296:65 Unresolved reference 'R'.
e: file:///D:/a13/orangechat/app/src/main/java/me/rerere/rikkahub/ui/pages/setting/SettingSearchDetailPage.kt:343:64 Unresolved reference 'R'.
e: file:///D:/a13/orangechat/app/src/main/java/me/rerere/rikkahub/ui/pages/setting/SettingSearchDetailPage.kt:360:33 Unresolved reference 'R'.
e: file:///D:/a13/orangechat/app/src/main/java/me/rerere/rikkahub/ui/pages/setting/SettingSearchDetailPage.kt:374:33 Unresolved reference 'R'.
e: file:///D:/a13/orangechat/app/src/main/java/me/rerere/rikkahub/ui/pages/setting/SettingSearchDetailPage.kt:403:33 Unresolved reference 'R'.
e: file:///D:/a13/orangechat/app/src/main/java/me/rerere/rikkahub/ui/pages/setting/SettingSearchDetailPage.kt:423:33 Unresolved reference 'R'.
e: file:///D:/a13/orangechat/app/src/main/java/me/rerere/rikkahub/ui/pages/setting/SettingSearchDetailPage.kt:443:33 Unresolved reference 'R'.
e: file:///D:/a13/orangechat/app/src/main/java/me/rerere/rikkahub/ui/pages/setting/SettingSearchDetailPage.kt:457:33 Unresolved reference 'R'.
e: file:///D:/a13/orangechat/app/src/main/java/me/rerere/rikkahub/ui/pages/setting/SettingSearchDetailPage.kt:471:33 Unresolved reference 'R'.
e: file:///D:/a13/orangechat/app/src/main/java/me/rerere/rikkahub/ui/pages/setting/SettingSearchDetailPage.kt:485:33 Unresolved reference 'R'.
e: file:///D:/a13/orangechat/app/src/main/java/me/rerere/rikkahub/ui/pages/setting/SettingSearchDetailPage.kt:499:33 Unresolved reference 'R'.
e: file:///D:/a13/orangechat/app/src/main/java/me/rerere/rikkahub/ui/pages/setting/SettingSearchDetailPage.kt:519:33 Unresolved reference 'R'.
e: file:///D:/a13/orangechat/app/src/main/java/me/rerere/rikkahub/ui/pages/setting/SettingSearchDetailPage.kt:533:33 Unresolved reference 'R'.
e: file:///D:/a13/orangechat/app/src/main/java/me/rerere/rikkahub/ui/pages/setting/SettingSearchDetailPage.kt:562:33 Unresolved reference 'R'.
e: file:///D:/a13/orangechat/app/src/main/java/me/rerere/rikkahub/ui/pages/setting/SettingSearchDetailPage.kt:582:33 Unresolved reference 'R'.
e: file:///D:/a13/orangechat/app/src/main/java/me/rerere/rikkahub/ui/pages/setting/SettingSearchDetailPage.kt:602:33 Unresolved reference 'R'.
e: file:///D:/a13/orangechat/app/src/main/java/me/rerere/rikkahub/ui/pages/setting/SettingSearchDetailPage.kt:622:33 Unresolved reference 'R'.
e: file:///D:/a13/orangechat/app/src/main/java/me/rerere/rikkahub/ui/pages/setting/SettingSearchDetailPage.kt:636:33 Unresolved reference 'R'.
e: file:///D:/a13/orangechat/app/src/main/java/me/rerere/rikkahub/ui/pages/setting/SettingSearchDetailPage.kt:651:33 Unresolved reference 'R'.
e: file:///D:/a13/orangechat/app/src/main/java/me/rerere/rikkahub/ui/pages/setting/SettingSearchDetailPage.kt:672:33 Unresolved reference 'R'.
e: file:///D:/a13/orangechat/app/src/main/java/me/rerere/rikkahub/ui/pages/setting/SettingSearchDetailPage.kt:692:33 Unresolved reference 'R'.
e: file:///D:/a13/orangechat/app/src/main/java/me/rerere/rikkahub/ui/pages/setting/SettingSearchDetailPage.kt:706:33 Unresolved reference 'R'.
e: file:///D:/a13/orangechat/app/src/main/java/me/rerere/rikkahub/ui/pages/setting/SettingSearchDetailPage.kt:723:33 Unresolved reference 'R'.
e: file:///D:/a13/orangechat/app/src/main/java/me/rerere/rikkahub/ui/pages/setting/SettingSearchDetailPage.kt:746:33 Unresolved reference 'R'.
e: file:///D:/a13/orangechat/app/src/main/java/me/rerere/rikkahub/ui/pages/setting/SettingSearchDetailPage.kt:760:33 Unresolved reference 'R'.
e: file:///D:/a13/orangechat/app/src/main/java/me/rerere/rikkahub/ui/pages/setting/SettingSearchDetailPage.kt:763:33 Unresolved reference 'R'.
e: file:///D:/a13/orangechat/app/src/main/java/me/rerere/rikkahub/ui/pages/setting/SettingSearchDetailPage.kt:783:33 Unresolved reference 'R'.
e: file:///D:/a13/orangechat/app/src/main/java/me/rerere/rikkahub/ui/pages/setting/SettingSearchDetailPage.kt:797:33 Unresolved reference 'R'.
e: file:///D:/a13/orangechat/app/src/main/java/me/rerere/rikkahub/ui/pages/setting/SettingSearchDetailPage.kt:826:33 Unresolved reference 'R'.
e: file:///D:/a13/orangechat/app/src/main/java/me/rerere/rikkahub/ui/pages/setting/SettingSearchDetailPage.kt:846:33 Unresolved reference 'R'.
e: file:///D:/a13/orangechat/app/src/main/java/me/rerere/rikkahub/ui/pages/setting/SettingSearchDetailPage.kt:860:33 Unresolved reference 'R'.
e: file:///D:/a13/orangechat/app/src/main/java/me/rerere/rikkahub/ui/pages/setting/SettingSearchDetailPage.kt:874:33 Unresolved reference 'R'.
e: file:///D:/a13/orangechat/app/src/main/java/me/rerere/rikkahub/ui/pages/setting/SettingSearchDetailPage.kt:888:33 Unresolved reference 'R'.
e: file:///D:/a13/orangechat/app/src/main/java/me/rerere/rikkahub/ui/pages/setting/SettingSearchDetailPage.kt:909:33 Unresolved reference 'R'.
e: file:///D:/a13/orangechat/app/src/main/java/me/rerere/rikkahub/ui/pages/setting/SettingSearchDetailPage.kt:918:49 Unresolved reference 'R'.
e: file:///D:/a13/orangechat/app/src/main/java/me/rerere/rikkahub/ui/pages/setting/SettingSearchDetailPage.kt:927:33 Unresolved reference 'R'.
e: file:///D:/a13/orangechat/app/src/main/java/me/rerere/rikkahub/ui/pages/setting/SettingSearchDetailPage.kt:949:33 Unresolved reference 'R'.
e: file:///D:/a13/orangechat/app/src/main/java/me/rerere/rikkahub/ui/pages/setting/SettingSearchDetailPage.kt:952:33 Unresolved reference 'R'.
e: file:///D:/a13/orangechat/app/src/main/java/me/rerere/rikkahub/ui/pages/setting/SettingSearchPage.kt:57:27 Unresolved reference 'R'.
e: file:///D:/a13/orangechat/app/src/main/java/me/rerere/rikkahub/ui/pages/setting/SettingSearchPage.kt:89:41 Unresolved reference 'R'.
e: file:///D:/a13/orangechat/app/src/main/java/me/rerere/rikkahub/ui/pages/setting/SettingSearchPage.kt:100:65 Unresolved reference 'R'.
e: file:///D:/a13/orangechat/app/src/main/java/me/rerere/rikkahub/ui/pages/setting/SettingSearchPage.kt:213:33 Unresolved reference 'R'.
e: file:///D:/a13/orangechat/app/src/main/java/me/rerere/rikkahub/ui/pages/setting/SettingSearchPage.kt:264:37 Unresolved reference 'R'.
e: file:///D:/a13/orangechat/app/src/main/java/me/rerere/rikkahub/ui/pages/setting/SettingSearchPage.kt:269:37 Unresolved reference 'R'.
e: file:///D:/a13/orangechat/app/src/main/java/me/rerere/rikkahub/ui/pages/setting/SettingSearchPage.kt:324:54 Unresolved reference 'R'.
e: file:///D:/a13/orangechat/app/src/main/java/me/rerere/rikkahub/ui/pages/setting/SettingSearchPage.kt:334:54 Unresolved reference 'R'.
e: file:///D:/a13/orangechat/app/src/main/java/me/rerere/rikkahub/ui/pages/setting/SettingSearchPage.kt:364:33 Unresolved reference 'R'.
e: file:///D:/a13/orangechat/app/src/main/java/me/rerere/rikkahub/ui/pages/setting/SettingSearchPage.kt:370:37 Unresolved reference 'R'.
e: file:///D:/a13/orangechat/app/src/main/java/me/rerere/rikkahub/ui/pages/setting/SettingSearchPage.kt:396:39 Unresolved reference 'R'.
e: file:///D:/a13/orangechat/app/src/main/java/me/rerere/rikkahub/ui/pages/setting/SettingSearchPage.kt:402:41 Unresolved reference 'R'.
e: file:///D:/a13/orangechat/app/src/main/java/me/rerere/rikkahub/ui/pages/setting/SettingSpeechPage.kt:73:27 Unresolved reference 'R'.
e: file:///D:/a13/orangechat/app/src/main/java/me/rerere/rikkahub/ui/pages/setting/SettingSpeechPage.kt:103:48 Unresolved reference 'R'.
e: file:///D:/a13/orangechat/app/src/main/java/me/rerere/rikkahub/ui/pages/setting/SettingSpeechPage.kt:138:51 Unresolved reference 'R'.
e: file:///D:/a13/orangechat/app/src/main/java/me/rerere/rikkahub/ui/pages/setting/SettingSpeechPage.kt:144:51 Unresolved reference 'R'.
e: file:///D:/a13/orangechat/app/src/main/java/me/rerere/rikkahub/ui/pages/setting/SettingSpeechPage.kt:191:43 Unresolved reference 'R'.
e: file:///D:/a13/orangechat/app/src/main/java/me/rerere/rikkahub/ui/pages/setting/SettingSpeechPage.kt:213:45 Unresolved reference 'R'.
e: file:///D:/a13/orangechat/app/src/main/java/me/rerere/rikkahub/ui/pages/setting/SettingSpeechPage.kt:226:45 Unresolved reference 'R'.
e: file:///D:/a13/orangechat/app/src/main/java/me/rerere/rikkahub/ui/pages/setting/SettingSpeechPage.kt:254:43 Unresolved reference 'R'.
e: file:///D:/a13/orangechat/app/src/main/java/me/rerere/rikkahub/ui/pages/setting/SettingSpeechPage.kt:276:45 Unresolved reference 'R'.
e: file:///D:/a13/orangechat/app/src/main/java/me/rerere/rikkahub/ui/pages/setting/SettingSpeechPage.kt:289:45 Unresolved reference 'R'.
e: file:///D:/a13/orangechat/app/src/main/java/me/rerere/rikkahub/ui/pages/setting/SettingSpeechPage.kt:466:46 Unresolved reference 'R'.
e: file:///D:/a13/orangechat/app/src/main/java/me/rerere/rikkahub/ui/pages/setting/SettingSpeechPage.kt:488:43 Unresolved reference 'R'.
e: file:///D:/a13/orangechat/app/src/main/java/me/rerere/rikkahub/ui/pages/setting/SettingSpeechPage.kt:510:45 Unresolved reference 'R'.
e: file:///D:/a13/orangechat/app/src/main/java/me/rerere/rikkahub/ui/pages/setting/SettingSpeechPage.kt:520:45 Unresolved reference 'R'.
e: file:///D:/a13/orangechat/app/src/main/java/me/rerere/rikkahub/ui/pages/setting/SettingSpeechPage.kt:538:50 Unresolved reference 'R'.
e: file:///D:/a13/orangechat/app/src/main/java/me/rerere/rikkahub/ui/pages/setting/SettingSpeechPage.kt:598:43 Unresolved reference 'R'.
e: file:///D:/a13/orangechat/app/src/main/java/me/rerere/rikkahub/ui/pages/setting/SettingSpeechPage.kt:620:45 Unresolved reference 'R'.
e: file:///D:/a13/orangechat/app/src/main/java/me/rerere/rikkahub/ui/pages/setting/SettingSpeechPage.kt:630:45 Unresolved reference 'R'.
e: file:///D:/a13/orangechat/app/src/main/java/me/rerere/rikkahub/ui/pages/setting/SettingSpeechPage.kt:672:67 Unresolved reference 'R'.
e: file:///D:/a13/orangechat/app/src/main/java/me/rerere/rikkahub/ui/pages/setting/SettingSpeechPage.kt:680:71 Unresolved reference 'R'.
e: file:///D:/a13/orangechat/app/src/main/java/me/rerere/rikkahub/ui/pages/setting/SettingSpeechPage.kt:691:76 Unresolved reference 'R'.
e: file:///D:/a13/orangechat/app/src/main/java/me/rerere/rikkahub/ui/pages/setting/SettingSpeechPage.kt:692:76 Unresolved reference 'R'.
e: file:///D:/a13/orangechat/app/src/main/java/me/rerere/rikkahub/ui/pages/setting/SettingSpeechPage.kt:694:79 Unresolved reference 'R'.
e: file:///D:/a13/orangechat/app/src/main/java/me/rerere/rikkahub/ui/pages/setting/SettingSpeechPage.kt:721:45 Unresolved reference 'R'.
e: file:///D:/a13/orangechat/app/src/main/java/me/rerere/rikkahub/ui/pages/setting/SettingSpeechPage.kt:729:51 Unresolved reference 'R'.
e: file:///D:/a13/orangechat/app/src/main/java/me/rerere/rikkahub/ui/pages/setting/SettingSpeechPage.kt:741:81 Unresolved reference 'R'.
e: file:///D:/a13/orangechat/app/src/main/java/me/rerere/rikkahub/ui/pages/setting/SettingSpeechPage.kt:741:116 Unresolved reference 'R'.
e: file:///D:/a13/orangechat/app/src/main/java/me/rerere/rikkahub/ui/pages/setting/SettingSpeechPage.kt:752:61 Unresolved reference 'R'.
e: file:///D:/a13/orangechat/app/src/main/java/me/rerere/rikkahub/ui/pages/setting/SettingSpeechPage.kt:759:58 Unresolved reference 'R'.
e: file:///D:/a13/orangechat/app/src/main/java/me/rerere/rikkahub/ui/pages/setting/SettingSpeechPage.kt:769:58 Unresolved reference 'R'.
e: file:///D:/a13/orangechat/app/src/main/java/me/rerere/rikkahub/ui/pages/setting/SettingSpeechPage.kt:817:67 Unresolved reference 'R'.
e: file:///D:/a13/orangechat/app/src/main/java/me/rerere/rikkahub/ui/pages/setting/SettingSpeechPage.kt:825:71 Unresolved reference 'R'.
e: file:///D:/a13/orangechat/app/src/main/java/me/rerere/rikkahub/ui/pages/setting/SettingSpeechPage.kt:860:45 Unresolved reference 'R'.
e: file:///D:/a13/orangechat/app/src/main/java/me/rerere/rikkahub/ui/pages/setting/SettingSpeechPage.kt:871:61 Unresolved reference 'R'.
e: file:///D:/a13/orangechat/app/src/main/java/me/rerere/rikkahub/ui/pages/setting/SettingSpeechPage.kt:878:58 Unresolved reference 'R'.
e: file:///D:/a13/orangechat/app/src/main/java/me/rerere/rikkahub/ui/pages/setting/SettingSpeechPage.kt:888:58 Unresolved reference 'R'.
e: file:///D:/a13/orangechat/app/src/main/java/me/rerere/rikkahub/ui/pages/setting/SettingSystemToolsPage.kt:69:27 Unresolved reference 'R'.
e: file:///D:/a13/orangechat/app/src/main/java/me/rerere/rikkahub/ui/pages/setting/SettingSystemToolsPage.kt:161:51 Unresolved reference 'R'.
e: file:///D:/a13/orangechat/app/src/main/java/me/rerere/rikkahub/ui/pages/setting/SettingSystemToolsPage.kt:167:55 Unresolved reference 'R'.
e: file:///D:/a13/orangechat/app/src/main/java/me/rerere/rikkahub/ui/pages/setting/SettingSystemToolsPage.kt:173:55 Unresolved reference 'R'.
e: file:///D:/a13/orangechat/app/src/main/java/me/rerere/rikkahub/ui/pages/setting/SettingSystemToolsPage.kt:180:48 Unresolved reference 'R'.
e: file:///D:/a13/orangechat/app/src/main/java/me/rerere/rikkahub/ui/pages/setting/SettingSystemToolsPage.kt:181:50 Unresolved reference 'R'.
e: file:///D:/a13/orangechat/app/src/main/java/me/rerere/rikkahub/ui/pages/setting/SettingSystemToolsPage.kt:197:61 Unresolved reference 'R'.
e: file:///D:/a13/orangechat/app/src/main/java/me/rerere/rikkahub/ui/pages/setting/SettingSystemToolsPage.kt:198:63 Unresolved reference 'R'.
e: file:///D:/a13/orangechat/app/src/main/java/me/rerere/rikkahub/ui/pages/setting/SettingWebPage.kt:60:27 Unresolved reference 'R'.
e: file:///D:/a13/orangechat/app/src/main/java/me/rerere/rikkahub/ui/pages/setting/SettingWebPage.kt:88:37 Unresolved reference 'R'.
e: file:///D:/a13/orangechat/app/src/main/java/me/rerere/rikkahub/ui/pages/setting/SettingWebPage.kt:136:36 Unresolved reference 'R'.
e: file:///D:/a13/orangechat/app/src/main/java/me/rerere/rikkahub/ui/pages/setting/SettingWebPage.kt:137:38 Unresolved reference 'R'.
e: file:///D:/a13/orangechat/app/src/main/java/me/rerere/rikkahub/ui/pages/setting/SettingWebPage.kt:152:36 Unresolved reference 'R'.
e: file:///D:/a13/orangechat/app/src/main/java/me/rerere/rikkahub/ui/pages/setting/SettingWebPage.kt:153:38 Unresolved reference 'R'.
e: file:///D:/a13/orangechat/app/src/main/java/me/rerere/rikkahub/ui/pages/setting/SettingWebPage.kt:170:47 Unresolved reference 'R'.
e: file:///D:/a13/orangechat/app/src/main/java/me/rerere/rikkahub/ui/pages/setting/SettingWebPage.kt:213:44 Unresolved reference 'R'.
e: file:///D:/a13/orangechat/app/src/main/java/me/rerere/rikkahub/ui/pages/setting/SettingWebPage.kt:215:44 Unresolved reference 'R'.
e: file:///D:/a13/orangechat/app/src/main/java/me/rerere/rikkahub/ui/pages/setting/SettingWebPage.kt:241:65 Unresolved reference 'R'.
e: file:///D:/a13/orangechat/app/src/main/java/me/rerere/rikkahub/ui/pages/setting/SettingWebPage.kt:242:67 Unresolved reference 'R'.
e: file:///D:/a13/orangechat/app/src/main/java/me/rerere/rikkahub/ui/pages/setting/SettingWebPage.kt:271:65 Unresolved reference 'R'.
e: file:///D:/a13/orangechat/app/src/main/java/me/rerere/rikkahub/ui/pages/setting/SettingWebPage.kt:272:67 Unresolved reference 'R'.
e: file:///D:/a13/orangechat/app/src/main/java/me/rerere/rikkahub/ui/pages/setting/SettingWebPage.kt:289:65 Unresolved reference 'R'.
e: file:///D:/a13/orangechat/app/src/main/java/me/rerere/rikkahub/ui/pages/setting/SettingWebPage.kt:290:67 Unresolved reference 'R'.
e: file:///D:/a13/orangechat/app/src/main/java/me/rerere/rikkahub/ui/pages/setting/SettingWebPage.kt:306:65 Unresolved reference 'R'.
e: file:///D:/a13/orangechat/app/src/main/java/me/rerere/rikkahub/ui/pages/setting/SettingWebPage.kt:307:67 Unresolved reference 'R'.
e: file:///D:/a13/orangechat/app/src/main/java/me/rerere/rikkahub/ui/pages/setting/SettingWebPage.kt:353:59 Unresolved reference 'R'.
e: file:///D:/a13/orangechat/app/src/main/java/me/rerere/rikkahub/ui/pages/setting/SettingWebPage.kt:365:73 Unresolved reference 'R'.
e: file:///D:/a13/orangechat/app/src/main/java/me/rerere/rikkahub/ui/pages/setting/SettingWebPage.kt:373:77 Unresolved reference 'R'.
e: file:///D:/a13/orangechat/app/src/main/java/me/rerere/rikkahub/ui/pages/setting/SettingWebPage.kt:382:69 Unresolved reference 'R'.
e: file:///D:/a13/orangechat/app/src/main/java/me/rerere/rikkahub/ui/pages/setting/SettingWebPage.kt:389:55 Unresolved reference 'R'.
e: file:///D:/a13/orangechat/app/src/main/java/me/rerere/rikkahub/ui/pages/setting/SettingWebPage.kt:396:55 Unresolved reference 'R'.
e: file:///D:/a13/orangechat/app/src/main/java/me/rerere/rikkahub/ui/pages/setting/SettingWebPage.kt:406:59 Unresolved reference 'R'.
e: file:///D:/a13/orangechat/app/src/main/java/me/rerere/rikkahub/ui/pages/setting/SettingWeixinBotPage.kt:55:27 Unresolved reference 'R'.
e: file:///D:/a13/orangechat/app/src/main/java/me/rerere/rikkahub/ui/pages/setting/SettingWeixinBotPage.kt:99:36 Unresolved reference 'R'.
e: file:///D:/a13/orangechat/app/src/main/java/me/rerere/rikkahub/ui/pages/setting/SettingWeixinBotPage.kt:100:38 Unresolved reference 'R'.
e: file:///D:/a13/orangechat/app/src/main/java/me/rerere/rikkahub/ui/pages/setting/components/ASRProviderConfigure.kt:21:27 Unresolved reference 'R'.
e: file:///D:/a13/orangechat/app/src/main/java/me/rerere/rikkahub/ui/pages/setting/components/ASRProviderConfigure.kt:36:43 Unresolved reference 'R'.
e: file:///D:/a13/orangechat/app/src/main/java/me/rerere/rikkahub/ui/pages/setting/components/ASRProviderConfigure.kt:37:49 Unresolved reference 'R'.
e: file:///D:/a13/orangechat/app/src/main/java/me/rerere/rikkahub/ui/pages/setting/components/ASRProviderConfigure.kt:53:43 Unresolved reference 'R'.
e: file:///D:/a13/orangechat/app/src/main/java/me/rerere/rikkahub/ui/pages/setting/components/ASRProviderConfigure.kt:54:49 Unresolved reference 'R'.
e: file:///D:/a13/orangechat/app/src/main/java/me/rerere/rikkahub/ui/pages/setting/components/ASRProviderConfigure.kt:79:39 Unresolved reference 'R'.
e: file:///D:/a13/orangechat/app/src/main/java/me/rerere/rikkahub/ui/pages/setting/components/ASRProviderConfigure.kt:80:45 Unresolved reference 'R'.
e: file:///D:/a13/orangechat/app/src/main/java/me/rerere/rikkahub/ui/pages/setting/components/ASRProviderConfigure.kt:91:39 Unresolved reference 'R'.
e: file:///D:/a13/orangechat/app/src/main/java/me/rerere/rikkahub/ui/pages/setting/components/ASRProviderConfigure.kt:92:45 Unresolved reference 'R'.
e: file:///D:/a13/orangechat/app/src/main/java/me/rerere/rikkahub/ui/pages/setting/components/ASRProviderConfigure.kt:103:39 Unresolved reference 'R'.
e: file:///D:/a13/orangechat/app/src/main/java/me/rerere/rikkahub/ui/pages/setting/components/ASRProviderConfigure.kt:104:45 Unresolved reference 'R'.
e: file:///D:/a13/orangechat/app/src/main/java/me/rerere/rikkahub/ui/pages/setting/components/ASRProviderConfigure.kt:115:39 Unresolved reference 'R'.
e: file:///D:/a13/orangechat/app/src/main/java/me/rerere/rikkahub/ui/pages/setting/components/ASRProviderConfigure.kt:116:45 Unresolved reference 'R'.
e: file:///D:/a13/orangechat/app/src/main/java/me/rerere/rikkahub/ui/pages/setting/components/ASRProviderConfigure.kt:127:39 Unresolved reference 'R'.
e: file:///D:/a13/orangechat/app/src/main/java/me/rerere/rikkahub/ui/pages/setting/components/ASRProviderConfigure.kt:128:45 Unresolved reference 'R'.
e: file:///D:/a13/orangechat/app/src/main/java/me/rerere/rikkahub/ui/pages/setting/components/ASRProviderConfigure.kt:140:39 Unresolved reference 'R'.
e: file:///D:/a13/orangechat/app/src/main/java/me/rerere/rikkahub/ui/pages/setting/components/ASRProviderConfigure.kt:141:45 Unresolved reference 'R'.
e: file:///D:/a13/orangechat/app/src/main/java/me/rerere/rikkahub/ui/pages/setting/components/ASRProviderConfigure.kt:156:39 Unresolved reference 'R'.
e: file:///D:/a13/orangechat/app/src/main/java/me/rerere/rikkahub/ui/pages/setting/components/ASRProviderConfigure.kt:157:45 Unresolved reference 'R'.
e: file:///D:/a13/orangechat/app/src/main/java/me/rerere/rikkahub/ui/pages/setting/components/ASRProviderConfigure.kt:172:39 Unresolved reference 'R'.
e: file:///D:/a13/orangechat/app/src/main/java/me/rerere/rikkahub/ui/pages/setting/components/ASRProviderConfigure.kt:173:45 Unresolved reference 'R'.
e: file:///D:/a13/orangechat/app/src/main/java/me/rerere/rikkahub/ui/pages/setting/components/ASRProviderConfigure.kt:194:39 Unresolved reference 'R'.
e: file:///D:/a13/orangechat/app/src/main/java/me/rerere/rikkahub/ui/pages/setting/components/ASRProviderConfigure.kt:218:39 Unresolved reference 'R'.
e: file:///D:/a13/orangechat/app/src/main/java/me/rerere/rikkahub/ui/pages/setting/components/ASRProviderConfigure.kt:219:45 Unresolved reference 'R'.
e: file:///D:/a13/orangechat/app/src/main/java/me/rerere/rikkahub/ui/pages/setting/components/ASRProviderConfigure.kt:230:39 Unresolved reference 'R'.
e: file:///D:/a13/orangechat/app/src/main/java/me/rerere/rikkahub/ui/pages/setting/components/ASRProviderConfigure.kt:231:45 Unresolved reference 'R'.
e: file:///D:/a13/orangechat/app/src/main/java/me/rerere/rikkahub/ui/pages/setting/components/ASRProviderConfigure.kt:248:39 Unresolved reference 'R'.
e: file:///D:/a13/orangechat/app/src/main/java/me/rerere/rikkahub/ui/pages/setting/components/ASRProviderConfigure.kt:249:45 Unresolved reference 'R'.
e: file:///D:/a13/orangechat/app/src/main/java/me/rerere/rikkahub/ui/pages/setting/components/ASRProviderConfigure.kt:260:39 Unresolved reference 'R'.
e: file:///D:/a13/orangechat/app/src/main/java/me/rerere/rikkahub/ui/pages/setting/components/ASRProviderConfigure.kt:261:45 Unresolved reference 'R'.
e: file:///D:/a13/orangechat/app/src/main/java/me/rerere/rikkahub/ui/pages/setting/components/ASRProviderConfigure.kt:272:39 Unresolved reference 'R'.
e: file:///D:/a13/orangechat/app/src/main/java/me/rerere/rikkahub/ui/pages/setting/components/ASRProviderConfigure.kt:273:45 Unresolved reference 'R'.
e: file:///D:/a13/orangechat/app/src/main/java/me/rerere/rikkahub/ui/pages/setting/components/ASRProviderConfigure.kt:284:39 Unresolved reference 'R'.
e: file:///D:/a13/orangechat/app/src/main/java/me/rerere/rikkahub/ui/pages/setting/components/ASRProviderConfigure.kt:285:45 Unresolved reference 'R'.
e: file:///D:/a13/orangechat/app/src/main/java/me/rerere/rikkahub/ui/pages/setting/components/ASRProviderConfigure.kt:302:39 Unresolved reference 'R'.
e: file:///D:/a13/orangechat/app/src/main/java/me/rerere/rikkahub/ui/pages/setting/components/ASRProviderConfigure.kt:303:45 Unresolved reference 'R'.
e: file:///D:/a13/orangechat/app/src/main/java/me/rerere/rikkahub/ui/pages/setting/components/ASRProviderConfigure.kt:314:39 Unresolved reference 'R'.
e: file:///D:/a13/orangechat/app/src/main/java/me/rerere/rikkahub/ui/pages/setting/components/ASRProviderConfigure.kt:315:45 Unresolved reference 'R'.
e: file:///D:/a13/orangechat/app/src/main/java/me/rerere/rikkahub/ui/pages/setting/components/ASRProviderConfigure.kt:326:39 Unresolved reference 'R'.
e: file:///D:/a13/orangechat/app/src/main/java/me/rerere/rikkahub/ui/pages/setting/components/ASRProviderConfigure.kt:327:45 Unresolved reference 'R'.
e: file:///D:/a13/orangechat/app/src/main/java/me/rerere/rikkahub/ui/pages/setting/components/ASRProviderConfigure.kt:338:39 Unresolved reference 'R'.
e: file:///D:/a13/orangechat/app/src/main/java/me/rerere/rikkahub/ui/pages/setting/components/ASRProviderConfigure.kt:339:45 Unresolved reference 'R'.
e: file:///D:/a13/orangechat/app/src/main/java/me/rerere/rikkahub/ui/pages/setting/components/ASRProviderConfigure.kt:350:39 Unresolved reference 'R'.
e: file:///D:/a13/orangechat/app/src/main/java/me/rerere/rikkahub/ui/pages/setting/components/ASRProviderConfigure.kt:351:45 Unresolved reference 'R'.
e: file:///D:/a13/orangechat/app/src/main/java/me/rerere/rikkahub/ui/pages/setting/components/ASRProviderConfigure.kt:366:39 Unresolved reference 'R'.
e: file:///D:/a13/orangechat/app/src/main/java/me/rerere/rikkahub/ui/pages/setting/components/ASRProviderConfigure.kt:367:45 Unresolved reference 'R'.
e: file:///D:/a13/orangechat/app/src/main/java/me/rerere/rikkahub/ui/pages/setting/components/BalanceOption.kt:39:27 Unresolved reference 'R'.
e: file:///D:/a13/orangechat/app/src/main/java/me/rerere/rikkahub/ui/pages/setting/components/BalanceOption.kt:63:39 Unresolved reference 'R'.
e: file:///D:/a13/orangechat/app/src/main/java/me/rerere/rikkahub/ui/pages/setting/components/BalanceOption.kt:95:51 Unresolved reference 'R'.
e: file:///D:/a13/orangechat/app/src/main/java/me/rerere/rikkahub/ui/pages/setting/components/BalanceOption.kt:102:51 Unresolved reference 'R'.
e: file:///D:/a13/orangechat/app/src/main/java/me/rerere/rikkahub/ui/pages/setting/components/ProviderConfigure.kt:33:27 Unresolved reference 'R'.
e: file:///D:/a13/orangechat/app/src/main/java/me/rerere/rikkahub/ui/pages/setting/components/ProviderConfigure.kt:263:34 Unresolved reference 'R'.
e: file:///D:/a13/orangechat/app/src/main/java/me/rerere/rikkahub/ui/pages/setting/components/ProviderConfigure.kt:278:38 Unresolved reference 'R'.
e: file:///D:/a13/orangechat/app/src/main/java/me/rerere/rikkahub/ui/pages/setting/components/ProviderConfigure.kt:289:38 Unresolved reference 'R'.
e: file:///D:/a13/orangechat/app/src/main/java/me/rerere/rikkahub/ui/pages/setting/components/ProviderConfigure.kt:301:38 Unresolved reference 'R'.
e: file:///D:/a13/orangechat/app/src/main/java/me/rerere/rikkahub/ui/pages/setting/components/ProviderConfigure.kt:314:42 Unresolved reference 'R'.
e: file:///D:/a13/orangechat/app/src/main/java/me/rerere/rikkahub/ui/pages/setting/components/ProviderConfigure.kt:324:34 Unresolved reference 'R'.
e: file:///D:/a13/orangechat/app/src/main/java/me/rerere/rikkahub/ui/pages/setting/components/ProviderConfigure.kt:325:54 Unresolved reference 'R'.
e: file:///D:/a13/orangechat/app/src/main/java/me/rerere/rikkahub/ui/pages/setting/components/ProviderConfigure.kt:352:34 Unresolved reference 'R'.
e: file:///D:/a13/orangechat/app/src/main/java/me/rerere/rikkahub/ui/pages/setting/components/ProviderConfigure.kt:367:38 Unresolved reference 'R'.
e: file:///D:/a13/orangechat/app/src/main/java/me/rerere/rikkahub/ui/pages/setting/components/ProviderConfigure.kt:379:38 Unresolved reference 'R'.
e: file:///D:/a13/orangechat/app/src/main/java/me/rerere/rikkahub/ui/pages/setting/components/ProviderConfigure.kt:391:38 Unresolved reference 'R'.
e: file:///D:/a13/orangechat/app/src/main/java/me/rerere/rikkahub/ui/pages/setting/components/ProviderConfigure.kt:401:33 Unresolved reference 'R'.
e: file:///D:/a13/orangechat/app/src/main/java/me/rerere/rikkahub/ui/pages/setting/components/ProviderConfigure.kt:413:34 Unresolved reference 'R'.
e: file:///D:/a13/orangechat/app/src/main/java/me/rerere/rikkahub/ui/pages/setting/components/ProviderConfigure.kt:428:46 Unresolved reference 'R'.
e: file:///D:/a13/orangechat/app/src/main/java/me/rerere/rikkahub/ui/pages/setting/components/ProviderConfigure.kt:434:46 Unresolved reference 'R'.
e: file:///D:/a13/orangechat/app/src/main/java/me/rerere/rikkahub/ui/pages/setting/components/ProviderConfigure.kt:488:34 Unresolved reference 'R'.
e: file:///D:/a13/orangechat/app/src/main/java/me/rerere/rikkahub/ui/pages/setting/components/ProviderConfigure.kt:503:38 Unresolved reference 'R'.
e: file:///D:/a13/orangechat/app/src/main/java/me/rerere/rikkahub/ui/pages/setting/components/ProviderConfigure.kt:511:34 Unresolved reference 'R'.
e: file:///D:/a13/orangechat/app/src/main/java/me/rerere/rikkahub/ui/pages/setting/components/ProviderConfigure.kt:527:42 Unresolved reference 'R'.
e: file:///D:/a13/orangechat/app/src/main/java/me/rerere/rikkahub/ui/pages/setting/components/ProviderConfigure.kt:541:42 Unresolved reference 'R'.
e: file:///D:/a13/orangechat/app/src/main/java/me/rerere/rikkahub/ui/pages/setting/components/ProviderConfigure.kt:558:37 Unresolved reference 'R'.
e: file:///D:/a13/orangechat/app/src/main/java/me/rerere/rikkahub/ui/pages/setting/components/ProviderConfigure.kt:574:37 Unresolved reference 'R'.
e: file:///D:/a13/orangechat/app/src/main/java/me/rerere/rikkahub/ui/pages/setting/components/ProviderConfigure.kt:582:46 Unresolved reference 'R'.
e: file:///D:/a13/orangechat/app/src/main/java/me/rerere/rikkahub/ui/pages/setting/components/ProviderConfigure.kt:592:46 Unresolved reference 'R'.
e: file:///D:/a13/orangechat/app/src/main/java/me/rerere/rikkahub/ui/pages/setting/components/ProviderConfigure.kt:606:46 Unresolved reference 'R'.
e: file:///D:/a13/orangechat/app/src/main/java/me/rerere/rikkahub/ui/pages/setting/components/ProviderConfigure.kt:616:46 Unresolved reference 'R'.
e: file:///D:/a13/orangechat/app/src/main/java/me/rerere/rikkahub/ui/pages/setting/components/ProviderConnectionTester.kt:50:27 Unresolved reference 'R'.
e: file:///D:/a13/orangechat/app/src/main/java/me/rerere/rikkahub/ui/pages/setting/components/ProviderConnectionTester.kt:87:37 Unresolved reference 'R'.
e: file:///D:/a13/orangechat/app/src/main/java/me/rerere/rikkahub/ui/pages/setting/components/ProviderConnectionTester.kt:121:41 Unresolved reference 'R'.
e: file:///D:/a13/orangechat/app/src/main/java/me/rerere/rikkahub/ui/pages/setting/components/ProviderConnectionTester.kt:205:41 Unresolved reference 'R'.
e: file:///D:/a13/orangechat/app/src/main/java/me/rerere/rikkahub/ui/pages/setting/components/TTSProviderConfigure.kt:28:27 Unresolved reference 'R'.
e: file:///D:/a13/orangechat/app/src/main/java/me/rerere/rikkahub/ui/pages/setting/components/TTSProviderConfigure.kt:48:43 Unresolved reference 'R'.
e: file:///D:/a13/orangechat/app/src/main/java/me/rerere/rikkahub/ui/pages/setting/components/TTSProviderConfigure.kt:49:49 Unresolved reference 'R'.
e: file:///D:/a13/orangechat/app/src/main/java/me/rerere/rikkahub/ui/pages/setting/components/TTSProviderConfigure.kt:158:43 Unresolved reference 'R'.
e: file:///D:/a13/orangechat/app/src/main/java/me/rerere/rikkahub/ui/pages/setting/components/TTSProviderConfigure.kt:159:49 Unresolved reference 'R'.
e: file:///D:/a13/orangechat/app/src/main/java/me/rerere/rikkahub/ui/pages/setting/components/TTSProviderConfigure.kt:167:53 Unresolved reference 'R'.
e: file:///D:/a13/orangechat/app/src/main/java/me/rerere/rikkahub/ui/pages/setting/components/TTSProviderConfigure.kt:193:39 Unresolved reference 'R'.
e: file:///D:/a13/orangechat/app/src/main/java/me/rerere/rikkahub/ui/pages/setting/components/TTSProviderConfigure.kt:194:45 Unresolved reference 'R'.
e: file:///D:/a13/orangechat/app/src/main/java/me/rerere/rikkahub/ui/pages/setting/components/TTSProviderConfigure.kt:202:49 Unresolved reference 'R'.
e: file:///D:/a13/orangechat/app/src/main/java/me/rerere/rikkahub/ui/pages/setting/components/TTSProviderConfigure.kt:208:39 Unresolved reference 'R'.
e: file:///D:/a13/orangechat/app/src/main/java/me/rerere/rikkahub/ui/pages/setting/components/TTSProviderConfigure.kt:209:45 Unresolved reference 'R'.
e: file:///D:/a13/orangechat/app/src/main/java/me/rerere/rikkahub/ui/pages/setting/components/TTSProviderConfigure.kt:217:49 Unresolved reference 'R'.
e: file:///D:/a13/orangechat/app/src/main/java/me/rerere/rikkahub/ui/pages/setting/components/TTSProviderConfigure.kt:223:39 Unresolved reference 'R'.
e: file:///D:/a13/orangechat/app/src/main/java/me/rerere/rikkahub/ui/pages/setting/components/TTSProviderConfigure.kt:224:45 Unresolved reference 'R'.
e: file:///D:/a13/orangechat/app/src/main/java/me/rerere/rikkahub/ui/pages/setting/components/TTSProviderConfigure.kt:232:49 Unresolved reference 'R'.
e: file:///D:/a13/orangechat/app/src/main/java/me/rerere/rikkahub/ui/pages/setting/components/TTSProviderConfigure.kt:241:39 Unresolved reference 'R'.
e: file:///D:/a13/orangechat/app/src/main/java/me/rerere/rikkahub/ui/pages/setting/components/TTSProviderConfigure.kt:242:45 Unresolved reference 'R'.
e: file:///D:/a13/orangechat/app/src/main/java/me/rerere/rikkahub/ui/pages/setting/components/TTSProviderConfigure.kt:286:39 Unresolved reference 'R'.
e: file:///D:/a13/orangechat/app/src/main/java/me/rerere/rikkahub/ui/pages/setting/components/TTSProviderConfigure.kt:287:45 Unresolved reference 'R'.
e: file:///D:/a13/orangechat/app/src/main/java/me/rerere/rikkahub/ui/pages/setting/components/TTSProviderConfigure.kt:301:39 Unresolved reference 'R'.
e: file:///D:/a13/orangechat/app/src/main/java/me/rerere/rikkahub/ui/pages/setting/components/TTSProviderConfigure.kt:302:45 Unresolved reference 'R'.
e: file:///D:/a13/orangechat/app/src/main/java/me/rerere/rikkahub/ui/pages/setting/components/TTSProviderConfigure.kt:316:39 Unresolved reference 'R'.
e: file:///D:/a13/orangechat/app/src/main/java/me/rerere/rikkahub/ui/pages/setting/components/TTSProviderConfigure.kt:317:45 Unresolved reference 'R'.
e: file:///D:/a13/orangechat/app/src/main/java/me/rerere/rikkahub/ui/pages/setting/components/TTSProviderConfigure.kt:331:39 Unresolved reference 'R'.
e: file:///D:/a13/orangechat/app/src/main/java/me/rerere/rikkahub/ui/pages/setting/components/TTSProviderConfigure.kt:332:45 Unresolved reference 'R'.
e: file:///D:/a13/orangechat/app/src/main/java/me/rerere/rikkahub/ui/pages/setting/components/TTSProviderConfigure.kt:352:39 Unresolved reference 'R'.
e: file:///D:/a13/orangechat/app/src/main/java/me/rerere/rikkahub/ui/pages/setting/components/TTSProviderConfigure.kt:353:45 Unresolved reference 'R'.
e: file:///D:/a13/orangechat/app/src/main/java/me/rerere/rikkahub/ui/pages/setting/components/TTSProviderConfigure.kt:366:39 Unresolved reference 'R'.
e: file:///D:/a13/orangechat/app/src/main/java/me/rerere/rikkahub/ui/pages/setting/components/TTSProviderConfigure.kt:367:45 Unresolved reference 'R'.
e: file:///D:/a13/orangechat/app/src/main/java/me/rerere/rikkahub/ui/pages/setting/components/TTSProviderConfigure.kt:375:49 Unresolved reference 'R'.
e: file:///D:/a13/orangechat/app/src/main/java/me/rerere/rikkahub/ui/pages/setting/components/TTSProviderConfigure.kt:381:39 Unresolved reference 'R'.
e: file:///D:/a13/orangechat/app/src/main/java/me/rerere/rikkahub/ui/pages/setting/components/TTSProviderConfigure.kt:382:45 Unresolved reference 'R'.
e: file:///D:/a13/orangechat/app/src/main/java/me/rerere/rikkahub/ui/pages/setting/components/TTSProviderConfigure.kt:411:39 Unresolved reference 'R'.
e: file:///D:/a13/orangechat/app/src/main/java/me/rerere/rikkahub/ui/pages/setting/components/TTSProviderConfigure.kt:412:45 Unresolved reference 'R'.
e: file:///D:/a13/orangechat/app/src/main/java/me/rerere/rikkahub/ui/pages/setting/components/TTSProviderConfigure.kt:452:39 Unresolved reference 'R'.
e: file:///D:/a13/orangechat/app/src/main/java/me/rerere/rikkahub/ui/pages/setting/components/TTSProviderConfigure.kt:453:45 Unresolved reference 'R'.
e: file:///D:/a13/orangechat/app/src/main/java/me/rerere/rikkahub/ui/pages/setting/components/TTSProviderConfigure.kt:490:39 Unresolved reference 'R'.
e: file:///D:/a13/orangechat/app/src/main/java/me/rerere/rikkahub/ui/pages/setting/components/TTSProviderConfigure.kt:491:45 Unresolved reference 'R'.
e: file:///D:/a13/orangechat/app/src/main/java/me/rerere/rikkahub/ui/pages/setting/components/TTSProviderConfigure.kt:501:36 Unresolved reference 'R'.
e: file:///D:/a13/orangechat/app/src/main/java/me/rerere/rikkahub/ui/pages/setting/components/TTSProviderConfigure.kt:513:39 Unresolved reference 'R'.
e: file:///D:/a13/orangechat/app/src/main/java/me/rerere/rikkahub/ui/pages/setting/components/TTSProviderConfigure.kt:514:45 Unresolved reference 'R'.
e: file:///D:/a13/orangechat/app/src/main/java/me/rerere/rikkahub/ui/pages/setting/components/TTSProviderConfigure.kt:522:49 Unresolved reference 'R'.
e: file:///D:/a13/orangechat/app/src/main/java/me/rerere/rikkahub/ui/pages/setting/components/TTSProviderConfigure.kt:528:39 Unresolved reference 'R'.
e: file:///D:/a13/orangechat/app/src/main/java/me/rerere/rikkahub/ui/pages/setting/components/TTSProviderConfigure.kt:529:45 Unresolved reference 'R'.
e: file:///D:/a13/orangechat/app/src/main/java/me/rerere/rikkahub/ui/pages/setting/components/TTSProviderConfigure.kt:537:49 Unresolved reference 'R'.
e: file:///D:/a13/orangechat/app/src/main/java/me/rerere/rikkahub/ui/pages/setting/components/TTSProviderConfigure.kt:543:39 Unresolved reference 'R'.
e: file:///D:/a13/orangechat/app/src/main/java/me/rerere/rikkahub/ui/pages/setting/components/TTSProviderConfigure.kt:544:45 Unresolved reference 'R'.
e: file:///D:/a13/orangechat/app/src/main/java/me/rerere/rikkahub/ui/pages/setting/components/TTSProviderConfigure.kt:552:49 Unresolved reference 'R'.
e: file:///D:/a13/orangechat/app/src/main/java/me/rerere/rikkahub/ui/pages/setting/components/TTSProviderConfigure.kt:558:39 Unresolved reference 'R'.
e: file:///D:/a13/orangechat/app/src/main/java/me/rerere/rikkahub/ui/pages/setting/components/TTSProviderConfigure.kt:559:45 Unresolved reference 'R'.
e: file:///D:/a13/orangechat/app/src/main/java/me/rerere/rikkahub/ui/pages/setting/components/TTSProviderConfigure.kt:567:49 Unresolved reference 'R'.
e: file:///D:/a13/orangechat/app/src/main/java/me/rerere/rikkahub/ui/pages/setting/components/TTSProviderConfigure.kt:579:39 Unresolved reference 'R'.
e: file:///D:/a13/orangechat/app/src/main/java/me/rerere/rikkahub/ui/pages/setting/components/TTSProviderConfigure.kt:580:45 Unresolved reference 'R'.
e: file:///D:/a13/orangechat/app/src/main/java/me/rerere/rikkahub/ui/pages/setting/components/TTSProviderConfigure.kt:590:36 Unresolved reference 'R'.
e: file:///D:/a13/orangechat/app/src/main/java/me/rerere/rikkahub/ui/pages/setting/components/TTSProviderConfigure.kt:596:39 Unresolved reference 'R'.
e: file:///D:/a13/orangechat/app/src/main/java/me/rerere/rikkahub/ui/pages/setting/components/TTSProviderConfigure.kt:597:45 Unresolved reference 'R'.
e: file:///D:/a13/orangechat/app/src/main/java/me/rerere/rikkahub/ui/pages/setting/components/TTSProviderConfigure.kt:607:36 Unresolved reference 'R'.
e: file:///D:/a13/orangechat/app/src/main/java/me/rerere/rikkahub/ui/pages/setting/components/TTSProviderConfigure.kt:619:39 Unresolved reference 'R'.
e: file:///D:/a13/orangechat/app/src/main/java/me/rerere/rikkahub/ui/pages/setting/components/TTSProviderConfigure.kt:620:45 Unresolved reference 'R'.
e: file:///D:/a13/orangechat/app/src/main/java/me/rerere/rikkahub/ui/pages/setting/components/TTSProviderConfigure.kt:634:39 Unresolved reference 'R'.
e: file:///D:/a13/orangechat/app/src/main/java/me/rerere/rikkahub/ui/pages/setting/components/TTSProviderConfigure.kt:635:45 Unresolved reference 'R'.
e: file:///D:/a13/orangechat/app/src/main/java/me/rerere/rikkahub/ui/pages/setting/components/TTSProviderConfigure.kt:643:49 Unresolved reference 'R'.
e: file:///D:/a13/orangechat/app/src/main/java/me/rerere/rikkahub/ui/pages/setting/components/TTSProviderConfigure.kt:649:39 Unresolved reference 'R'.
e: file:///D:/a13/orangechat/app/src/main/java/me/rerere/rikkahub/ui/pages/setting/components/TTSProviderConfigure.kt:650:45 Unresolved reference 'R'.
e: file:///D:/a13/orangechat/app/src/main/java/me/rerere/rikkahub/ui/pages/setting/components/TTSProviderConfigure.kt:674:39 Unresolved reference 'R'.
e: file:///D:/a13/orangechat/app/src/main/java/me/rerere/rikkahub/ui/pages/setting/components/TTSProviderConfigure.kt:675:45 Unresolved reference 'R'.
e: file:///D:/a13/orangechat/app/src/main/java/me/rerere/rikkahub/ui/pages/setting/components/TTSProviderConfigure.kt:759:39 Unresolved reference 'R'.
e: file:///D:/a13/orangechat/app/src/main/java/me/rerere/rikkahub/ui/pages/setting/components/TTSProviderConfigure.kt:760:45 Unresolved reference 'R'.
e: file:///D:/a13/orangechat/app/src/main/java/me/rerere/rikkahub/ui/pages/setting/components/TTSProviderConfigure.kt:774:39 Unresolved reference 'R'.
e: file:///D:/a13/orangechat/app/src/main/java/me/rerere/rikkahub/ui/pages/setting/components/TTSProviderConfigure.kt:775:45 Unresolved reference 'R'.
e: file:///D:/a13/orangechat/app/src/main/java/me/rerere/rikkahub/ui/pages/setting/components/TTSProviderConfigure.kt:783:49 Unresolved reference 'R'.
e: file:///D:/a13/orangechat/app/src/main/java/me/rerere/rikkahub/ui/pages/setting/components/TTSProviderConfigure.kt:789:39 Unresolved reference 'R'.
e: file:///D:/a13/orangechat/app/src/main/java/me/rerere/rikkahub/ui/pages/setting/components/TTSProviderConfigure.kt:790:45 Unresolved reference 'R'.
e: file:///D:/a13/orangechat/app/src/main/java/me/rerere/rikkahub/ui/pages/setting/components/TTSProviderConfigure.kt:807:39 Unresolved reference 'R'.
e: file:///D:/a13/orangechat/app/src/main/java/me/rerere/rikkahub/ui/pages/setting/components/TTSProviderConfigure.kt:808:45 Unresolved reference 'R'.
e: file:///D:/a13/orangechat/app/src/main/java/me/rerere/rikkahub/ui/pages/setting/components/TTSProviderConfigure.kt:851:39 Unresolved reference 'R'.
e: file:///D:/a13/orangechat/app/src/main/java/me/rerere/rikkahub/ui/pages/setting/components/TTSProviderConfigure.kt:852:45 Unresolved reference 'R'.
e: file:///D:/a13/orangechat/app/src/main/java/me/rerere/rikkahub/ui/pages/setting/components/TTSProviderConfigure.kt:866:39 Unresolved reference 'R'.
e: file:///D:/a13/orangechat/app/src/main/java/me/rerere/rikkahub/ui/pages/setting/components/TTSProviderConfigure.kt:867:45 Unresolved reference 'R'.
e: file:///D:/a13/orangechat/app/src/main/java/me/rerere/rikkahub/ui/pages/setting/components/TTSProviderConfigure.kt:890:39 Unresolved reference 'R'.
e: file:///D:/a13/orangechat/app/src/main/java/me/rerere/rikkahub/ui/pages/setting/components/TTSProviderConfigure.kt:891:45 Unresolved reference 'R'.
e: file:///D:/a13/orangechat/app/src/main/java/me/rerere/rikkahub/ui/pages/setting/components/TTSProviderConfigure.kt:993:39 Unresolved reference 'R'.
e: file:///D:/a13/orangechat/app/src/main/java/me/rerere/rikkahub/ui/pages/setting/components/TTSProviderConfigure.kt:994:45 Unresolved reference 'R'.
e: file:///D:/a13/orangechat/app/src/main/java/me/rerere/rikkahub/ui/pages/setting/components/TTSProviderConfigure.kt:1007:39 Unresolved reference 'R'.
e: file:///D:/a13/orangechat/app/src/main/java/me/rerere/rikkahub/ui/pages/setting/components/TTSProviderConfigure.kt:1008:45 Unresolved reference 'R'.
e: file:///D:/a13/orangechat/app/src/main/java/me/rerere/rikkahub/ui/pages/setting/components/TTSProviderConfigure.kt:1021:39 Unresolved reference 'R'.
e: file:///D:/a13/orangechat/app/src/main/java/me/rerere/rikkahub/ui/pages/setting/components/TTSProviderConfigure.kt:1022:45 Unresolved reference 'R'.
e: file:///D:/a13/orangechat/app/src/main/java/me/rerere/rikkahub/ui/pages/setting/components/TTSProviderConfigure.kt:1038:39 Unresolved reference 'R'.
e: file:///D:/a13/orangechat/app/src/main/java/me/rerere/rikkahub/ui/pages/setting/components/TTSProviderConfigure.kt:1039:45 Unresolved reference 'R'.
e: file:///D:/a13/orangechat/app/src/main/java/me/rerere/rikkahub/ui/pages/setting/components/TTSProviderConfigure.kt:1075:39 Unresolved reference 'R'.
e: file:///D:/a13/orangechat/app/src/main/java/me/rerere/rikkahub/ui/pages/setting/components/TTSProviderConfigure.kt:1076:45 Unresolved reference 'R'.
e: file:///D:/a13/orangechat/app/src/main/java/me/rerere/rikkahub/ui/pages/setting/components/TTSProviderConfigure.kt:1086:36 Unresolved reference 'R'.
e: file:///D:/a13/orangechat/app/src/main/java/me/rerere/rikkahub/ui/pages/setting/components/TTSProviderConfigure.kt:1091:39 Unresolved reference 'R'.
e: file:///D:/a13/orangechat/app/src/main/java/me/rerere/rikkahub/ui/pages/setting/components/TTSProviderConfigure.kt:1092:45 Unresolved reference 'R'.
e: file:///D:/a13/orangechat/app/src/main/java/me/rerere/rikkahub/ui/pages/setting/components/TTSProviderConfigure.kt:1102:36 Unresolved reference 'R'.
e: file:///D:/a13/orangechat/app/src/main/java/me/rerere/rikkahub/ui/pages/share/handler/ShareHandlerPage.kt:36:27 Unresolved reference 'R'.
e: file:///D:/a13/orangechat/app/src/main/java/me/rerere/rikkahub/ui/pages/share/handler/ShareHandlerPage.kt:54:41 Unresolved reference 'R'.
e: file:///D:/a13/orangechat/app/src/main/java/me/rerere/rikkahub/ui/pages/share/handler/ShareHandlerPage.kt:108:52 Unresolved reference 'R'.
e: file:///D:/a13/orangechat/app/src/main/java/me/rerere/rikkahub/ui/pages/stats/StatsPage.kt:50:27 Unresolved reference 'R'.
e: file:///D:/a13/orangechat/app/src/main/java/me/rerere/rikkahub/ui/pages/stats/StatsPage.kt:71:47 Unresolved reference 'R'.
e: file:///D:/a13/orangechat/app/src/main/java/me/rerere/rikkahub/ui/pages/stats/StatsPage.kt:121:33 Unresolved reference 'R'.
e: file:///D:/a13/orangechat/app/src/main/java/me/rerere/rikkahub/ui/pages/stats/StatsPage.kt:131:43 Unresolved reference 'R'.
e: file:///D:/a13/orangechat/app/src/main/java/me/rerere/rikkahub/ui/pages/stats/StatsPage.kt:141:43 Unresolved reference 'R'.
e: file:///D:/a13/orangechat/app/src/main/java/me/rerere/rikkahub/ui/pages/stats/StatsPage.kt:170:24 Unresolved reference 'R'.
e: file:///D:/a13/orangechat/app/src/main/java/me/rerere/rikkahub/ui/pages/stats/StatsPage.kt:172:24 Unresolved reference 'R'.
e: file:///D:/a13/orangechat/app/src/main/java/me/rerere/rikkahub/ui/pages/stats/StatsPage.kt:174:24 Unresolved reference 'R'.
e: file:///D:/a13/orangechat/app/src/main/java/me/rerere/rikkahub/ui/pages/stats/StatsPage.kt:295:40 Unresolved reference 'R'.
e: file:///D:/a13/orangechat/app/src/main/java/me/rerere/rikkahub/ui/pages/stats/StatsPage.kt:301:40 Unresolved reference 'R'.
e: file:///D:/a13/orangechat/app/src/main/java/me/rerere/rikkahub/ui/pages/stats/StatsPage.kt:312:40 Unresolved reference 'R'.
e: file:///D:/a13/orangechat/app/src/main/java/me/rerere/rikkahub/ui/pages/stats/StatsPage.kt:318:40 Unresolved reference 'R'.
e: file:///D:/a13/orangechat/app/src/main/java/me/rerere/rikkahub/ui/pages/stats/StatsPage.kt:326:40 Unresolved reference 'R'.
e: file:///D:/a13/orangechat/app/src/main/java/me/rerere/rikkahub/ui/pages/stats/StatsPage.kt:333:36 Unresolved reference 'R'.
e: file:///D:/a13/orangechat/app/src/main/java/me/rerere/rikkahub/ui/pages/translator/TranslatorPage.kt:63:27 Unresolved reference 'R'.
e: file:///D:/a13/orangechat/app/src/main/java/me/rerere/rikkahub/ui/pages/translator/TranslatorPage.kt:93:41 Unresolved reference 'R'.
e: file:///D:/a13/orangechat/app/src/main/java/me/rerere/rikkahub/ui/pages/translator/TranslatorPage.kt:141:57 Unresolved reference 'R'.
e: file:///D:/a13/orangechat/app/src/main/java/me/rerere/rikkahub/ui/pages/translator/TranslatorPage.kt:182:40 Unresolved reference 'R'.
e: file:///D:/a13/orangechat/app/src/main/java/me/rerere/rikkahub/ui/pages/translator/TranslatorPage.kt:237:57 Unresolved reference 'R'.
e: file:///D:/a13/orangechat/app/src/main/java/me/rerere/rikkahub/ui/pages/translator/TranslatorPage.kt:238:46 Unresolved reference 'R'.
e: file:///D:/a13/orangechat/app/src/main/java/me/rerere/rikkahub/ui/pages/translator/TranslatorPage.kt:239:58 Unresolved reference 'R'.
e: file:///D:/a13/orangechat/app/src/main/java/me/rerere/rikkahub/ui/pages/translator/TranslatorPage.kt:240:47 Unresolved reference 'R'.
e: file:///D:/a13/orangechat/app/src/main/java/me/rerere/rikkahub/ui/pages/translator/TranslatorPage.kt:241:45 Unresolved reference 'R'.
e: file:///D:/a13/orangechat/app/src/main/java/me/rerere/rikkahub/ui/pages/translator/TranslatorPage.kt:242:45 Unresolved reference 'R'.
e: file:///D:/a13/orangechat/app/src/main/java/me/rerere/rikkahub/ui/pages/translator/TranslatorPage.kt:243:45 Unresolved reference 'R'.
e: file:///D:/a13/orangechat/app/src/main/java/me/rerere/rikkahub/ui/pages/translator/TranslatorPage.kt:244:46 Unresolved reference 'R'.
e: file:///D:/a13/orangechat/app/src/main/java/me/rerere/rikkahub/ui/pages/translator/TranslatorPage.kt:245:50 Unresolved reference 'R'.
e: file:///D:/a13/orangechat/app/src/main/java/me/rerere/rikkahub/ui/pages/translator/TranslatorPage.kt:330:44 Unresolved reference 'R'.
e: file:///D:/a13/orangechat/app/src/main/java/me/rerere/rikkahub/ui/pages/translator/TranslatorPage.kt:335:41 Unresolved reference 'R'.
e: file:///D:/a13/orangechat/app/src/main/java/me/rerere/rikkahub/ui/theme/Type.kt:15:27 Unresolved reference 'R'.
e: file:///D:/a13/orangechat/app/src/main/java/me/rerere/rikkahub/ui/theme/Type.kt:23:17 Unresolved reference 'R'.
e: file:///D:/a13/orangechat/app/src/main/java/me/rerere/rikkahub/ui/theme/presets/AutumnTheme.kt:14:27 Unresolved reference 'R'.
e: file:///D:/a13/orangechat/app/src/main/java/me/rerere/rikkahub/ui/theme/presets/AutumnTheme.kt:21:33 Unresolved reference 'R'.
e: file:///D:/a13/orangechat/app/src/main/java/me/rerere/rikkahub/ui/theme/presets/BlackTheme.kt:14:27 Unresolved reference 'R'.
e: file:///D:/a13/orangechat/app/src/main/java/me/rerere/rikkahub/ui/theme/presets/BlackTheme.kt:21:38 Unresolved reference 'R'.
e: file:///D:/a13/orangechat/app/src/main/java/me/rerere/rikkahub/ui/theme/presets/ClaudeTheme.kt:14:27 Unresolved reference 'R'.
e: file:///D:/a13/orangechat/app/src/main/java/me/rerere/rikkahub/ui/theme/presets/ClaudeTheme.kt:21:33 Unresolved reference 'R'.
e: file:///D:/a13/orangechat/app/src/main/java/me/rerere/rikkahub/ui/theme/presets/OceanTheme.kt:14:27 Unresolved reference 'R'.
e: file:///D:/a13/orangechat/app/src/main/java/me/rerere/rikkahub/ui/theme/presets/OceanTheme.kt:21:38 Unresolved reference 'R'.
e: file:///D:/a13/orangechat/app/src/main/java/me/rerere/rikkahub/ui/theme/presets/SakuraTheme.kt:14:27 Unresolved reference 'R'.
e: file:///D:/a13/orangechat/app/src/main/java/me/rerere/rikkahub/ui/theme/presets/SakuraTheme.kt:21:38 Unresolved reference 'R'.
e: file:///D:/a13/orangechat/app/src/main/java/me/rerere/rikkahub/ui/theme/presets/SpringTheme.kt:14:27 Unresolved reference 'R'.
e: file:///D:/a13/orangechat/app/src/main/java/me/rerere/rikkahub/ui/theme/presets/SpringTheme.kt:21:38 Unresolved reference 'R'.
e: file:///D:/a13/orangechat/app/src/main/java/me/rerere/rikkahub/ui/theme/presets/custom/PearlTideTheme.kt:14:27 Unresolved reference 'R'.
e: file:///D:/a13/orangechat/app/src/main/java/me/rerere/rikkahub/ui/theme/presets/custom/PearlTideTheme.kt:21:38 Unresolved reference 'R'.
e: file:///D:/a13/orangechat/app/src/main/java/me/rerere/rikkahub/utils/NotificationUtil.kt:19:27 Unresolved reference 'R'.
e: file:///D:/a13/orangechat/app/src/main/java/me/rerere/rikkahub/utils/NotificationUtil.kt:28:26 Unresolved reference 'R'.
e: file:///D:/a13/orangechat/app/src/main/java/me/rerere/rikkahub/utils/UpdateChecker.kt:23:27 Unresolved reference 'BuildConfig'.
e: file:///D:/a13/orangechat/app/src/main/java/me/rerere/rikkahub/utils/UpdateChecker.kt:46:47 Unresolved reference 'BuildConfig'.
e: file:///D:/a13/orangechat/app/src/main/java/me/rerere/rikkahub/utils/UpdateChecker.kt:46:76 Unresolved reference 'BuildConfig'.

FAILURE: Build failed with an exception.

* What went wrong:
Execution failed for task ':app:compileDebugKotlin'.
> A failure occurred while executing org.jetbrains.kotlin.compilerRunner.btapi.BuildToolsApiCompilationWork
   > Compilation error. See log for more details

* Try:
> Run with --stacktrace option to get the stack trace.
> Run with --info or --debug option to get more log output.
> Run with --scan to get full insights from a Build Scan (powered by Develocity).
> Get more help at https://help.gradle.org.

BUILD FAILED in 1m 6s
